Component: ARM Compiler 5.06 update 2 (build 183) Tool: armlink [4d35b7]

==============================================================================

Section Cross References

    main.o(i._Z7pressedv) refers to mbed_critical.o(i.core_util_critical_section_enter) for core_util_critical_section_enter
    main.o(i._Z7pressedv) refers to pwmout_api.o(i.pwmout_read) for pwmout_read
    main.o(i._Z7pressedv) refers to mbed_critical.o(i.core_util_critical_section_exit) for core_util_critical_section_exit
    main.o(i._Z7pressedv) refers to pwmout_api.o(i.pwmout_write) for pwmout_write
    main.o(i._Z7pressedv) refers to main.o(.bss) for .bss
    main.o(i.__sti___8_main_cpp_my_led) refers to mbed_gpio.o(i.gpio_init_out) for gpio_init_out
    main.o(i.__sti___8_main_cpp_my_led) refers to InterruptIn.o(i._ZN4mbed11InterruptInC1E7PinName) for mbed::InterruptIn::InterruptIn(PinName)
    main.o(i.__sti___8_main_cpp_my_led) refers to retarget.o(i.__aeabi_atexit) for __aeabi_atexit
    main.o(i.__sti___8_main_cpp_my_led) refers to mbed_critical.o(i.core_util_critical_section_enter) for core_util_critical_section_enter
    main.o(i.__sti___8_main_cpp_my_led) refers to pwmout_api.o(i.pwmout_init) for pwmout_init
    main.o(i.__sti___8_main_cpp_my_led) refers to mbed_critical.o(i.core_util_critical_section_exit) for core_util_critical_section_exit
    main.o(i.__sti___8_main_cpp_my_led) refers to main.o(.bss) for .bss
    main.o(i.__sti___8_main_cpp_my_led) refers to InterruptIn.o(i._ZN4mbed11InterruptInD1Ev) for mbed::InterruptIn::~InterruptIn()
    main.o(i.main) refers to mbed_critical.o(i.core_util_critical_section_enter) for core_util_critical_section_enter
    main.o(i.main) refers to pwmout_api.o(i.pwmout_period_ms) for pwmout_period_ms
    main.o(i.main) refers to mbed_critical.o(i.core_util_critical_section_exit) for core_util_critical_section_exit
    main.o(i.main) refers to pwmout_api.o(i.pwmout_write) for pwmout_write
    main.o(i.main) refers to InterruptIn.o(i._ZN4mbed11InterruptIn4fallENS_8CallbackIFvvEEE) for mbed::InterruptIn::fall(mbed::Callback<void()>)
    main.o(i.main) refers to mbed_assert.o(i.mbed_assert_internal) for mbed_assert_internal
    main.o(i.main) refers to mbed_wait_api_no_rtos.o(i.wait) for wait
    main.o(i.main) refers to main.o(.bss) for .bss
    main.o(i.main) refers to main.o(i._Z7pressedv) for pressed()
    main.o(i.main) refers to main.o(.constdata__ZZN4mbed8CallbackIFvvEE8generateIPS1_EEvRKT_E3ops) for void mbed::Callback<void()>::generate<void(*)()>(const T1&)::ops
    main.o(i.main) refers to main.o(.conststring) for .conststring
    main.o(.ARM.exidx) refers to main.o(i._Z7pressedv) for i._Z7pressedv
    main.o(.ARM.exidx) refers to main.o(i.main) for i.main
    main.o(.ARM.exidx) refers to main.o(i.__sti___8_main_cpp_my_led) for i.__sti___8_main_cpp_my_led
    main.o(.init_array) refers to main.o(i.__sti___8_main_cpp_my_led) for __sti___8_main_cpp_my_led
    main.o(.init_array) refers to init_aeabi.o(.text) for __cpp_initialize__aeabi_
    analogin_api.o(i.adc_read) refers to stm32f4xx_hal_adc.o(i.HAL_ADC_ConfigChannel) for HAL_ADC_ConfigChannel
    analogin_api.o(i.adc_read) refers to stm32f4xx_hal_adc.o(i.HAL_ADC_Start) for HAL_ADC_Start
    analogin_api.o(i.adc_read) refers to stm32f4xx_hal_adc.o(i.HAL_ADC_PollForConversion) for HAL_ADC_PollForConversion
    analogin_api.o(i.adc_read) refers to stm32f4xx_hal_adc.o(i.HAL_ADC_GetValue) for HAL_ADC_GetValue
    analogin_api.o(i.adc_read) refers to analogin_api.o(.bss) for .bss
    analogin_api.o(i.analogin_init) refers to mbed_pinmap_common.o(i.pinmap_peripheral) for pinmap_peripheral
    analogin_api.o(i.analogin_init) refers to mbed_assert.o(i.mbed_assert_internal) for mbed_assert_internal
    analogin_api.o(i.analogin_init) refers to mbed_pinmap_common.o(i.pinmap_function) for pinmap_function
    analogin_api.o(i.analogin_init) refers to mbed_pinmap_common.o(i.pinmap_pinout) for pinmap_pinout
    analogin_api.o(i.analogin_init) refers to stm32f4xx_hal_adc.o(i.HAL_ADC_Init) for HAL_ADC_Init
    analogin_api.o(i.analogin_init) refers to mbed_error.o(i.error) for error
    analogin_api.o(i.analogin_init) refers to PeripheralPins.o(.constdata) for PinMap_ADC
    analogin_api.o(i.analogin_init) refers to analogin_api.o(.conststring) for .conststring
    analogin_api.o(i.analogin_init) refers to analogin_api.o(.data) for .data
    analogin_api.o(i.analogin_init) refers to analogin_api.o(.bss) for .bss
    analogin_api.o(i.analogin_read) refers to analogin_api.o(i.adc_read) for adc_read
    analogin_api.o(i.analogin_read_u16) refers to analogin_api.o(i.adc_read) for adc_read
    analogout_api.o(i.analogout_init) refers to mbed_pinmap_common.o(i.pinmap_peripheral) for pinmap_peripheral
    analogout_api.o(i.analogout_init) refers to mbed_pinmap_common.o(i.pinmap_function) for pinmap_function
    analogout_api.o(i.analogout_init) refers to mbed_assert.o(i.mbed_assert_internal) for mbed_assert_internal
[...]
    __scatterload_rt2                        0x080001bd   Thumb Code    44  __scatter.o(!!!scatter)
    __scatterload_rt2_thumb_only             0x080001bd   Thumb Code     0  __scatter.o(!!!scatter)
    __scatterload_null                       0x080001cb   Thumb Code     0  __scatter.o(!!!scatter)
    __scatterload_copy                       0x080001f1   Thumb Code    26  __scatter_copy.o(!!handler_copy)
    __scatterload_zeroinit                   0x0800020d   Thumb Code    28  __scatter_zi.o(!!handler_zi)
    _printf_n                                0x08000229   Thumb Code     0  _printf_n.o(.ARM.Collect$$_printf_percent$$00000001)
    _printf_percent                          0x08000229   Thumb Code     0  _printf_percent.o(.ARM.Collect$$_printf_percent$$00000000)
    _printf_p                                0x0800022f   Thumb Code     0  _printf_p.o(.ARM.Collect$$_printf_percent$$00000002)
    _printf_f                                0x08000235   Thumb Code     0  _printf_f.o(.ARM.Collect$$_printf_percent$$00000003)
    _printf_e                                0x0800023b   Thumb Code     0  _printf_e.o(.ARM.Collect$$_printf_percent$$00000004)
    _printf_g                                0x08000241   Thumb Code     0  _printf_g.o(.ARM.Collect$$_printf_percent$$00000005)
    _printf_a                                0x08000247   Thumb Code     0  _printf_a.o(.ARM.Collect$$_printf_percent$$00000006)
    _printf_ll                               0x0800024d   Thumb Code     0  _printf_ll.o(.ARM.Collect$$_printf_percent$$00000007)
    _printf_i                                0x08000257   Thumb Code     0  _printf_i.o(.ARM.Collect$$_printf_percent$$00000008)
    _printf_d                                0x0800025d   Thumb Code     0  _printf_d.o(.ARM.Collect$$_printf_percent$$00000009)
    _printf_u                                0x08000263   Thumb Code     0  _printf_u.o(.ARM.Collect$$_printf_percent$$0000000A)
    _printf_o                                0x08000269   Thumb Code     0  _printf_o.o(.ARM.Collect$$_printf_percent$$0000000B)
    _printf_x                                0x0800026f   Thumb Code     0  _printf_x.o(.ARM.Collect$$_printf_percent$$0000000C)
    _printf_lli                              0x08000275   Thumb Code     0  _printf_lli.o(.ARM.Collect$$_printf_percent$$0000000D)
    _printf_lld                              0x0800027b   Thumb Code     0  _printf_lld.o(.ARM.Collect$$_printf_percent$$0000000E)
    _printf_llu                              0x08000281   Thumb Code     0  _printf_llu.o(.ARM.Collect$$_printf_percent$$0000000F)
    _printf_llo                              0x08000287   Thumb Code     0  _printf_llo.o(.ARM.Collect$$_printf_percent$$00000010)
    _printf_llx                              0x0800028d   Thumb Code     0  _printf_llx.o(.ARM.Collect$$_printf_percent$$00000011)
    _printf_l                                0x08000293   Thumb Code     0  _printf_l.o(.ARM.Collect$$_printf_percent$$00000012)
    _printf_c                                0x0800029d   Thumb Code     0  _printf_c.o(.ARM.Collect$$_printf_percent$$00000013)
    _printf_s                                0x080002a3   Thumb Code     0  _printf_s.o(.ARM.Collect$$_printf_percent$$00000014)
    _printf_lc                               0x080002a9   Thumb Code     0  _printf_lc.o(.ARM.Collect$$_printf_percent$$00000015)
    _printf_ls                               0x080002af   Thumb Code     0  _printf_ls.o(.ARM.Collect$$_printf_percent$$00000016)
    _printf_percent_end                      0x080002b5   Thumb Code     0  _printf_percent_end.o(.ARM.Collect$$_printf_percent$$00000017)
    __rt_lib_init                            0x080002b9   Thumb Code     0  libinit.o(.ARM.Collect$$libinit$$00000000)
    __rt_lib_init_fp_1                       0x080002bb   Thumb Code     0  libinit2.o(.ARM.Collect$$libinit$$00000001)
    __rt_lib_init_heap_2                     0x080002bf   Thumb Code     0  libinit2.o(.ARM.Collect$$libinit$$00000005)
    __rt_lib_init_preinit_1                  0x080002bf   Thumb Code     0  libinit2.o(.ARM.Collect$$libinit$$00000004)
    __rt_lib_init_heap_1                     0x080002c7   Thumb Code     0  libinit2.o(.ARM.Collect$$libinit$$0000000A)
    __rt_lib_init_lc_common                  0x080002c7   Thumb Code     0  libinit2.o(.ARM.Collect$$libinit$$0000000F)
    __rt_lib_init_rand_1                     0x080002c7   Thumb Code     0  libinit2.o(.ARM.Collect$$libinit$$0000000E)
    __rt_lib_init_user_alloc_1               0x080002c7   Thumb Code     0  libinit2.o(.ARM.Collect$$libinit$$0000000C)
    __rt_lib_init_lc_collate_1               0x080002cd   Thumb Code     0  libinit2.o(.ARM.Collect$$libinit$$00000011)
    __rt_lib_init_lc_ctype_2                 0x080002cd   Thumb Code     0  libinit2.o(.ARM.Collect$$libinit$$00000012)
    __rt_lib_init_lc_ctype_1                 0x080002d9   Thumb Code     0  libinit2.o(.ARM.Collect$$libinit$$00000013)
    __rt_lib_init_lc_monetary_1              0x080002d9   Thumb Code     0  libinit2.o(.ARM.Collect$$libinit$$00000015)
    __rt_lib_init_lc_numeric_2               0x080002d9   Thumb Code     0  libinit2.o(.ARM.Collect$$libinit$$00000016)
    __rt_lib_init_atexit_1                   0x080002e3   Thumb Code     0  libinit2.o(.ARM.Collect$$libinit$$0000001B)
    __rt_lib_init_clock_1                    0x080002e3   Thumb Code     0  libinit2.o(.ARM.Collect$$libinit$$00000021)
    __rt_lib_init_fp_trap_1                  0x080002e3   Thumb Code     0  libinit2.o(.ARM.Collect$$libinit$$0000001F)
    __rt_lib_init_getenv_1                   0x080002e3   Thumb Code     0  libinit2.o(.ARM.Collect$$libinit$$00000023)
    __rt_lib_init_lc_numeric_1               0x080002e3   Thumb Code     0  libinit2.o(.ARM.Collect$$libinit$$00000017)
    __rt_lib_init_lc_time_1                  0x080002e3   Thumb Code     0  libinit2.o(.ARM.Collect$$libinit$$00000019)
    __rt_lib_init_signal_1                   0x080002e3   Thumb Code     0  libinit2.o(.ARM.Collect$$libinit$$0000001D)
    __rt_lib_init_stdio_2                    0x080002e3   Thumb Code     0  libinit2.o(.ARM.Collect$$libinit$$00000024)
    __rt_lib_init_alloca_1                   0x080002e7   Thumb Code     0  libinit2.o(.ARM.Collect$$libinit$$0000002E)
    __rt_lib_init_argv_1                     0x080002e7   Thumb Code     0  libinit2.o(.ARM.Collect$$libinit$$0000002C)
    __rt_lib_init_cpp_2                      0x080002e7   Thumb Code     0  libinit2.o(.ARM.Collect$$libinit$$00000031)
    __rt_lib_init_exceptions_1               0x080002e7   Thumb Code     0  libinit2.o(.ARM.Collect$$libinit$$00000030)
    __rt_lib_init_stdio_1                    0x080002e7   Thumb Code     0  libinit2.o(.ARM.Collect$$libinit$$00000025)
    __rt_lib_init_cpp_1                      0x080002eb   Thumb Code     0  libinit2.o(.ARM.Collect$$libinit$$00000032)
    __rt_lib_init_return                     0x080002eb   Thumb Code     0  libinit2.o(.ARM.Collect$$libinit$$00000033)
    __rt_entry                               0x080002ed   Thumb Code     0  __rtentry.o(.ARM.Collect$$rtentry$$00000000)
    __rt_entry_presh_1                       0x080002ed   Thumb Code     0  __rtentry2.o(.ARM.Collect$$rtentry$$00000002)
    __rt_entry_sh                            0x080002ed   Thumb Code     0  __rtentry4.o(.ARM.Collect$$rtentry$$00000004)
    __rt_lib_shutdown_stdio_2                0x080002ed   Thumb Code     0  libshutdown2.o(.ARM.Collect$$libshutdown$$00000004)
    __rt_entry_postsh_1                      0x080002f3   Thumb Code     0  __rtentry2.o(.ARM.Collect$$rtentry$$00000008)
    __rt_entry_li                            0x080002fb   Thumb Code     0  __rtentry2.o(.ARM.Collect$$rtentry$$0000000A)
    __rt_entry_main                          0x080002ff   Thumb Code     0  __rtentry2.o(.ARM.Collect$$rtentry$$0000000D)
    __rt_entry_postli_1                      0x080002ff   Thumb Code     0  __rtentry2.o(.ARM.Collect$$rtentry$$0000000C)
    Reset_Handler                            0x08000309   Thumb Code     8  startup_stm32f469xx.o(.text)
    _maybe_terminate_alloc                   0x08000309   Thumb Code     0  maybetermalloc1.o(.emb_text)
    NMI_Handler                              0x08000311   Thumb Code     2  startup_stm32f469xx.o(.text)
    HardFault_Handler                        0x08000313   Thumb Code     2  startup_stm32f469xx.o(.text)
    MemManage_Handler                        0x08000315   Thumb Code     2  startup_stm32f469xx.o(.text)
    BusFault_Handler                         0x08000317   Thumb Code     2  startup_stm32f469xx.o(.text)
    UsageFault_Handler                       0x08000319   Thumb Code     2  startup_stm32f469xx.o(.text)
    SVC_Handler                              0x0800031b   Thumb Code     2  startup_stm32f469xx.o(.text)
    DebugMon_Handler                         0x0800031d   Thumb Code     2  startup_stm32f469xx.o(.text)
    PendSV_Handler                           0x0800031f   Thumb Code     2  startup_stm32f469xx.o(.text)
    SysTick_Handler                          0x08000321   Thumb Code     2  startup_stm32f469xx.o(.text)
    ADC_IRQHandler                           0x08000323   Thumb Code     0  startup_stm32f469xx.o(.text)
    CAN1_RX1_IRQHandler                      0x08000323   Thumb Code     0  startup_stm32f469xx.o(.text)
    CAN2_RX1_IRQHandler                      0x08000323   Thumb Code     0  startup_stm32f469xx.o(.text)
    DCMI_IRQHandler                          0x08000323   Thumb Code     0  startup_stm32f469xx.o(.text)
    DMA1_Stream0_IRQHandler                  0x08000323   Thumb Code     0  startup_stm32f469xx.o(.text)
    DMA1_Stream1_IRQHandler                  0x08000323   Thumb Code     0  startup_stm32f469xx.o(.text)
    DMA1_Stream2_IRQHandler                  0x08000323   Thumb Code     0  startup_stm32f469xx.o(.text)
    DMA1_Stream3_IRQHandler                  0x08000323   Thumb Code     0  startup_stm32f469xx.o(.text)
    DMA1_Stream4_IRQHandler                  0x08000323   Thumb Code     0  startup_stm32f469xx.o(.text)
    DMA1_Stream5_IRQHandler                  0x08000323   Thumb Code     0  startup_stm32f469xx.o(.text)
    DMA1_Stream6_IRQHandler                  0x08000323   Thumb Code     0  startup_stm32f469xx.o(.text)
    DMA1_Stream7_IRQHandler                  0x08000323   Thumb Code     0  startup_stm32f469xx.o(.text)
    DMA2D_IRQHandler                         0x08000323   Thumb Code     0  startup_stm32f469xx.o(.text)
    DMA2_Stream0_IRQHandler                  0x08000323   Thumb Code     0  startup_stm32f469xx.o(.text)
    DMA2_Stream1_IRQHandler                  0x08000323   Thumb Code     0  startup_stm32f469xx.o(.text)
    DMA2_Stream2_IRQHandler                  0x08000323   Thumb Code     0  startup_stm32f469xx.o(.text)
    DMA2_Stream3_IRQHandler                  0x08000323   Thumb Code     0  startup_stm32f469xx.o(.text)
    DMA2_Stream4_IRQHandler                  0x08000323   Thumb Code     0  startup_stm32f469xx.o(.text)
    DMA2_Stream5_IRQHandler                  0x08000323   Thumb Code     0  startup_stm32f469xx.o(.text)
    DMA2_Stream6_IRQHandler                  0x08000323   Thumb Code     0  startup_stm32f469xx.o(.text)
    DMA2_Stream7_IRQHandler                  0x08000323   Thumb Code     0  startup_stm32f469xx.o(.text)
    DSI_IRQHandler                           0x08000323   Thumb Code     0  startup_stm32f469xx.o(.text)
    ETH_IRQHandler                           0x08000323   Thumb Code     0  startup_stm32f469xx.o(.text)
    ETH_WKUP_IRQHandler                      0x08000323   Thumb Code     0  startup_stm32f469xx.o(.text)
    EXTI0_IRQHandler                         0x08000323   Thumb Code     0  startup_stm32f469xx.o(.text)
    EXTI15_10_IRQHandler                     0x08000323   Thumb Code     0  startup_stm32f469xx.o(.text)
    EXTI1_IRQHandler                         0x08000323   Thumb Code     0  startup_stm32f469xx.o(.text)
    EXTI2_IRQHandler                         0x08000323   Thumb Code     0  startup_stm32f469xx.o(.text)
    EXTI3_IRQHandler                         0x08000323   Thumb Code     0  startup_stm32f469xx.o(.text)
    EXTI4_IRQHandler                         0x08000323   Thumb Code     0  startup_stm32f469xx.o(.text)
    EXTI9_5_IRQHandler                       0x08000323   Thumb Code     0  startup_stm32f469xx.o(.text)
    FLASH_IRQHandler                         0x08000323   Thumb Code     0  startup_stm32f469xx.o(.text)
    FMC_IRQHandler                           0x08000323   Thumb Code     0  startup_stm32f469xx.o(.text)
    FPU_IRQHandler                           0x08000323   Thumb Code     0  startup_stm32f469xx.o(.text)
    HASH_RNG_IRQHandler                      0x08000323   Thumb Code     0  startup_stm32f469xx.o(.text)
    I2C1_ER_IRQHandler                       0x08000323   Thumb Code     0  startup_stm32f469xx.o(.text)
    I2C1_EV_IRQHandler                       0x08000323   Thumb Code     0  startup_stm32f469xx.o(.text)
    I2C2_ER_IRQHandler                       0x08000323   Thumb Code     0  startup_stm32f469xx.o(.text)
    I2C2_EV_IRQHandler                       0x08000323   Thumb Code     0  startup_stm32f469xx.o(.text)
    I2C3_ER_IRQHandler                       0x08000323   Thumb Code     0  startup_stm32f469xx.o(.text)
    I2C3_EV_IRQHandler                       0x08000323   Thumb Code     0  startup_stm32f469xx.o(.text)
    LTDC_ER_IRQHandler                       0x08000323   Thumb Code     0  startup_stm32f469xx.o(.text)
    LTDC_IRQHandler                          0x08000323   Thumb Code     0  startup_stm32f469xx.o(.text)
    OTG_FS_IRQHandler                        0x08000323   Thumb Code     0  startup_stm32f469xx.o(.text)
    OTG_FS_WKUP_IRQHandler                   0x08000323   Thumb Code     0  startup_stm32f469xx.o(.text)
    OTG_HS_EP1_IN_IRQHandler                 0x08000323   Thumb Code     0  startup_stm32f469xx.o(.text)
    OTG_HS_EP1_OUT_IRQHandler                0x08000323   Thumb Code     0  startup_stm32f469xx.o(.text)
    OTG_HS_IRQHandler                        0x08000323   Thumb Code     0  startup_stm32f469xx.o(.text)
    OTG_HS_WKUP_IRQHandler                   0x08000323   Thumb Code     0  startup_stm32f469xx.o(.text)
    PVD_IRQHandler                           0x08000323   Thumb Code     0  startup_stm32f469xx.o(.text)
    QUADSPI_IRQHandler                       0x08000323   Thumb Code     0  startup_stm32f469xx.o(.text)
    RCC_IRQHandler                           0x08000323   Thumb Code     0  startup_stm32f469xx.o(.text)
    RTC_Alarm_IRQHandler                     0x08000323   Thumb Code     0  startup_stm32f469xx.o(.text)
    RTC_WKUP_IRQHandler                      0x08000323   Thumb Code     0  startup_stm32f469xx.o(.text)
    SAI1_IRQHandler                          0x08000323   Thumb Code     0  startup_stm32f469xx.o(.text)
    SDIO_IRQHandler                          0x08000323   Thumb Code     0  startup_stm32f469xx.o(.text)
    SPI1_IRQHandler                          0x08000323   Thumb Code     0  startup_stm32f469xx.o(.text)
    SPI2_IRQHandler                          0x08000323   Thumb Code     0  startup_stm32f469xx.o(.text)
    SPI3_IRQHandler                          0x08000323   Thumb Code     0  startup_stm32f469xx.o(.text)
    SPI4_IRQHandler                          0x08000323   Thumb Code     0  startup_stm32f469xx.o(.text)
    SPI5_IRQHandler                          0x08000323   Thumb Code     0  startup_stm32f469xx.o(.text)
    SPI6_IRQHandler                          0x08000323   Thumb Code     0  startup_stm32f469xx.o(.text)
    TAMP_STAMP_IRQHandler                    0x08000323   Thumb Code     0  startup_stm32f469xx.o(.text)
    TIM1_BRK_TIM9_IRQHandler                 0x08000323   Thumb Code     0  startup_stm32f469xx.o(.text)
    TIM1_CC_IRQHandler                       0x08000323   Thumb Code     0  startup_stm32f469xx.o(.text)
    TIM1_TRG_COM_TIM11_IRQHandler            0x08000323   Thumb Code     0  startup_stm32f469xx.o(.text)
    TIM1_UP_TIM10_IRQHandler                 0x08000323   Thumb Code     0  startup_stm32f469xx.o(.text)
    TIM2_IRQHandler                          0x08000323   Thumb Code     0  startup_stm32f469xx.o(.text)
    TIM3_IRQHandler                          0x08000323   Thumb Code     0  startup_stm32f469xx.o(.text)
    TIM4_IRQHandler                          0x08000323   Thumb Code     0  startup_stm32f469xx.o(.text)
    TIM5_IRQHandler                          0x08000323   Thumb Code     0  startup_stm32f469xx.o(.text)
    TIM6_DAC_IRQHandler                      0x08000323   Thumb Code     0  startup_stm32f469xx.o(.text)
    TIM7_IRQHandler                          0x08000323   Thumb Code     0  startup_stm32f469xx.o(.text)
    TIM8_BRK_TIM12_IRQHandler                0x08000323   Thumb Code     0  startup_stm32f469xx.o(.text)
    TIM8_CC_IRQHandler                       0x08000323   Thumb Code     0  startup_stm32f469xx.o(.text)
    TIM8_TRG_COM_TIM14_IRQHandler            0x08000323   Thumb Code     0  startup_stm32f469xx.o(.text)
    TIM8_UP_TIM13_IRQHandler                 0x08000323   Thumb Code     0  startup_stm32f469xx.o(.text)
    UART4_IRQHandler                         0x08000323   Thumb Code     0  startup_stm32f469xx.o(.text)
    UART5_IRQHandler                         0x08000323   Thumb Code     0  startup_stm32f469xx.o(.text)
    UART7_IRQHandler                         0x08000323   Thumb Code     0  startup_stm32f469xx.o(.text)
    UART8_IRQHandler                         0x08000323   Thumb Code     0  startup_stm32f469xx.o(.text)
    USART1_IRQHandler                        0x08000323   Thumb Code     0  startup_stm32f469xx.o(.text)
    USART2_IRQHandler                        0x08000323   Thumb Code     0  startup_stm32f469xx.o(.text)
    USART3_IRQHandler                        0x08000323   Thumb Code     0  startup_stm32f469xx.o(.text)
    USART6_IRQHandler                        0x08000323   Thumb Code     0  startup_stm32f469xx.o(.text)
    WWDG_IRQHandler                          0x08000323   Thumb Code     0  startup_stm32f469xx.o(.text)
    malloc                                   0x0800032d   Thumb Code    94  h1_alloc.o(.text)
    free                                     0x0800038b   Thumb Code    78  h1_free.o(.text)
    vsprintf                                 0x080003d9   Thumb Code    32  vsprintf.o(.text)
    __0sscanf                                0x080003fd   Thumb Code    52  __0sscanf.o(.text)
    _scanf_int                               0x08000439   Thumb Code   332  _scanf_int.o(.text)
    _do_fflush                               0x08000585   Thumb Code    54  fflush.o(.text)
    fflush                                   0x080005bb   Thumb Code    42  fflush.o(.text)
    strlen                                   0x080005e9   Thumb Code    62  strlen.o(.text)
    strncmp                                  0x08000627   Thumb Code   150  strncmp.o(.text)
    __aeabi_memcpy4                          0x080006bd   Thumb Code     0  rt_memcpy_w.o(.text)
    __aeabi_memcpy8                          0x080006bd   Thumb Code     0  rt_memcpy_w.o(.text)
    __rt_memcpy_w                            0x080006bd   Thumb Code   100  rt_memcpy_w.o(.text)
    _memcpy_lastbytes_aligned                0x08000705   Thumb Code     0  rt_memcpy_w.o(.text)
    __aeabi_memclr4                          0x08000721   Thumb Code     0  rt_memclr_w.o(.text)
    __aeabi_memclr8                          0x08000721   Thumb Code     0  rt_memclr_w.o(.text)
    __rt_memclr_w                            0x08000721   Thumb Code    78  rt_memclr_w.o(.text)
    _memset_w                                0x08000725   Thumb Code     0  rt_memclr_w.o(.text)
    strcmp                                   0x08000771   Thumb Code   128  strcmpv7m.o(.text)
    __cpp_initialize__aeabi_                 0x080007f1   Thumb Code    26  init_aeabi.o(.text)
    __rt_heap_descriptor                     0x08000815   Thumb Code     8  rt_heap_descriptor.o(.text)
    __use_no_heap                            0x0800081d   Thumb Code     2  hguard.o(.text)
    __heap$guard                             0x0800081f   Thumb Code     2  hguard.o(.text)
    _terminate_user_alloc                    0x08000821   Thumb Code     2  init_alloc.o(.text)
    _init_user_alloc                         0x08000823   Thumb Code     2  init_alloc.o(.text)
    __Heap_Full                              0x08000825   Thumb Code    34  init_alloc.o(.text)
    __Heap_Broken                            0x08000847   Thumb Code     6  init_alloc.o(.text)
    _init_alloc                              0x0800084d   Thumb Code    94  init_alloc.o(.text)
    __Heap_Initialize                        0x080008ab   Thumb Code    10  h1_init.o(.text)
    __Heap_DescSize                          0x080008b5   Thumb Code     4  h1_init.o(.text)
    _printf_pre_padding                      0x080008b9   Thumb Code    44  _printf_pad.o(.text)
    _printf_post_padding                     0x080008e5   Thumb Code    34  _printf_pad.o(.text)
    _printf_truncate_signed                  0x08000907   Thumb Code    18  _printf_truncate.o(.text)
    _printf_truncate_unsigned                0x08000919   Thumb Code    18  _printf_truncate.o(.text)
    _printf_str                              0x0800092b   Thumb Code    82  _printf_str.o(.text)
    _printf_int_dec                          0x0800097d   Thumb Code   104  _printf_dec.o(.text)
    _printf_charcount                        0x080009f5   Thumb Code    40  _printf_charcount.o(.text)
    _printf_char_common                      0x08000a27   Thumb Code    32  _printf_char_common.o(.text)
    _sputc                                   0x08000a4d   Thumb Code    10  _sputc.o(.text)
    _printf_wctomb                           0x08000a59   Thumb Code   182  _printf_wctomb.o(.text)
    _printf_longlong_dec                     0x08000b15   Thumb Code   108  _printf_longlong_dec.o(.text)
    _printf_longlong_oct                     0x08000b91   Thumb Code    68  _printf_oct_int_ll.o(.text)
    _printf_int_oct                          0x08000bd5   Thumb Code    24  _printf_oct_int_ll.o(.text)
    _printf_ll_oct                           0x08000bed   Thumb Code    12  _printf_oct_int_ll.o(.text)
    _printf_longlong_hex                     0x08000c01   Thumb Code    86  _printf_hex_int_ll_ptr.o(.text)
    _printf_int_hex                          0x08000c57   Thumb Code    28  _printf_hex_int_ll_ptr.o(.text)
    _printf_ll_hex                           0x08000c73   Thumb Code    12  _printf_hex_int_ll_ptr.o(.text)
    _printf_hex_ptr                          0x08000c7f   Thumb Code    18  _printf_hex_int_ll_ptr.o(.text)
    __printf                                 0x08000c95   Thumb Code   388  __printf_flags_ss_wp.o(.text)
    _chval                                   0x08000e1d   Thumb Code    28  _chval.o(.text)
    __vfscanf_char                           0x08000e45   Thumb Code    24  scanf_char.o(.text)
    _sgetc                                   0x08000e65   Thumb Code    30  _sgetc.o(.text)
    _sbackspace                              0x08000e83   Thumb Code    34  _sgetc.o(.text)
    _fseek                                   0x08000ea5   Thumb Code   242  fseek.o(.text)
    fseek                                    0x08000ea5   Thumb Code     0  fseek.o(.text)
    setvbuf                                  0x08000f9d   Thumb Code    70  setvbuf.o(.text)
    _seterr                                  0x08000fe5   Thumb Code    20  stdio.o(.text)
    _writebuf                                0x08000ff9   Thumb Code    84  stdio.o(.text)
    _fflush                                  0x0800104d   Thumb Code    70  stdio.o(.text)
    _deferredlazyseek                        0x08001093   Thumb Code    60  stdio.o(.text)
    _initio                                  0x080010d5   Thumb Code   210  initio.o(.text)
    _terminateio                             0x080011a7   Thumb Code    56  initio.o(.text)
    __Heap_ProvideMemory                     0x0800120d   Thumb Code    52  h1_extend.o(.text)
    _ll_udiv10                               0x08001241   Thumb Code   138  lludiv10.o(.text)
    isspace                                  0x080012cb   Thumb Code    18  isspace.o(.text)
    _printf_int_common                       0x080012dd   Thumb Code   178  _printf_intcommon.o(.text)
    __lib_sel_fp_printf                      0x0800138f   Thumb Code     2  _printf_fp_dec.o(.text)
    _printf_fp_dec_real                      0x0800153d   Thumb Code   620  _printf_fp_dec.o(.text)
    _printf_fp_hex_real                      0x080017a9   Thumb Code   756  _printf_fp_hex.o(.text)
    _printf_cs_common                        0x08001aa5   Thumb Code    20  _printf_char.o(.text)
    _printf_char                             0x08001ab9   Thumb Code    16  _printf_char.o(.text)
    _printf_string                           0x08001ac9   Thumb Code     8  _printf_char.o(.text)
    _printf_lcs_common                       0x08001ad1   Thumb Code    20  _printf_wchar.o(.text)
    _printf_wchar                            0x08001ae5   Thumb Code    16  _printf_wchar.o(.text)
    _printf_wstring                          0x08001af5   Thumb Code     8  _printf_wchar.o(.text)
    __vfscanf                                0x08001afd   Thumb Code   878  _scanf.o(.text)
    _ftell_internal                          0x08001e71   Thumb Code    66  ftell.o(.text)
    ftell                                    0x08001e71   Thumb Code     0  ftell.o(.text)
    freopen                                  0x08001eb5   Thumb Code   158  fopen.o(.text)
    fopen                                    0x08001f53   Thumb Code    74  fopen.o(.text)
    _fclose_internal                         0x08001fa1   Thumb Code    76  fclose.o(.text)
    fclose                                   0x08001fa1   Thumb Code     0  fclose.o(.text)
    _wcrtomb                                 0x08001fed   Thumb Code    64  _wcrtomb.o(.text)
    __sig_exit                               0x0800202d   Thumb Code    10  defsig_exit.o(.text)
    __rt_SIGRTRED                            0x08002037   Thumb Code    14  defsig_rtred_outer.o(.text)
    __rt_SIGRTMEM                            0x08002045   Thumb Code    14  defsig_rtmem_outer.o(.text)
    __rt_heap_escrow                         0x08002055   Thumb Code    22  heapauxa.o(.text)
    __rt_heap_expand                         0x0800206b   Thumb Code    52  heapauxa.o(.text)
    _sys_exit                                0x080020a5   Thumb Code     8  sys_exit.o(.text)
    __rt_ctype_table                         0x080020b1   Thumb Code    16  rt_ctype_table.o(.text)
    __rt_locale                              0x080020c1   Thumb Code     8  rt_locale.o(.text)
    __aeabi_errno_addr                       0x080020c9   Thumb Code     8  rt_errno_addr.o(.text)
    __errno                                  0x080020c9   Thumb Code     0  rt_errno_addr.o(.text)
    __rt_errno_addr                          0x080020c9   Thumb Code     0  rt_errno_addr.o(.text)
    _printf_fp_infnan                        0x080020d1   Thumb Code   112  _printf_fp_infnan.o(.text)
    _btod_etento                             0x08002151   Thumb Code   216  bigflt0.o(.text)
    __default_signal_display                 0x0800222d   Thumb Code    50  defsig_general.o(.text)
    __rt_SIGRTRED_inner                      0x08002261   Thumb Code    14  defsig_rtred_inner.o(.text)
    __rt_SIGRTMEM_inner                      0x08002295   Thumb Code    22  defsig_rtmem_inner.o(.text)
    _ttywrch                                 0x080022e5   Thumb Code    14  sys_wrch.o(.text)
    __I$use$semihosting                      0x080022f3   Thumb Code     0  use_no_semi.o(.text)
    __use_no_semihosting_swi                 0x080022f3   Thumb Code     2  use_no_semi.o(.text)
    __semihosting_library_function           0x080022f5   Thumb Code     0  indicate_semi.o(.text)
    _btod_d2e                                0x080022f5   Thumb Code    62  btod.o(CL$$btod_d2e)
    _d2e_denorm_low                          0x08002333   Thumb Code    70  btod.o(CL$$btod_d2e_denorm_low)
    _d2e_norm_op1                            0x08002379   Thumb Code    96  btod.o(CL$$btod_d2e_norm_op1)
    __btod_div_common                        0x080023d9   Thumb Code   696  btod.o(CL$$btod_div_common)
    _e2e                                     0x08002711   Thumb Code   198  btod.o(CL$$btod_e2e)
    _btod_ediv                               0x080027d7   Thumb Code    40  btod.o(CL$$btod_ediv)
    _btod_emul                               0x080027ff   Thumb Code    40  btod.o(CL$$btod_emul)
    __btod_mult_common                       0x08002827   Thumb Code   580  btod.o(CL$$btod_mult_common)
    main                                     0x08002a6b   Thumb Code    14  retarget.o(i.$Sub$$main)
    CAN1_RX0_IRQHandler                      0x08002a79   Thumb Code     8  can_api.o(i.CAN1_RX0_IRQHandler)
    CAN1_SCE_IRQHandler                      0x08002a85   Thumb Code     8  can_api.o(i.CAN1_SCE_IRQHandler)
    CAN1_TX_IRQHandler                       0x08002a91   Thumb Code     8  can_api.o(i.CAN1_TX_IRQHandler)
    CAN2_RX0_IRQHandler                      0x08002a9d   Thumb Code     8  can_api.o(i.CAN2_RX0_IRQHandler)
    CAN2_SCE_IRQHandler                      0x08002aa9   Thumb Code     8  can_api.o(i.CAN2_SCE_IRQHandler)
    CAN2_TX_IRQHandler                       0x08002ab5   Thumb Code     8  can_api.o(i.CAN2_TX_IRQHandler)
    HAL_GPIO_DeInit                          0x08002ac1   Thumb Code   386  stm32f4xx_hal_gpio.o(i.HAL_GPIO_DeInit)
    HAL_GPIO_Init                            0x08002c51   Thumb Code   582  stm32f4xx_hal_gpio.o(i.HAL_GPIO_Init)
    HAL_GetTick                              0x08002ead   Thumb Code     6  stm32f4xx_hal.o(i.HAL_GetTick)
    HAL_IncTick                              0x08002eb9   Thumb Code    10  stm32f4xx_hal.o(i.HAL_IncTick)
    HAL_Init                                 0x08002ec9   Thumb Code    48  stm32f4xx_hal.o(i.HAL_Init)
    HAL_InitTick                             0x08002efd   Thumb Code   166  hal_tick_32b.o(i.HAL_InitTick)
    HAL_MspInit                              0x08002fbd   Thumb Code     2  stm32f4xx_hal_msp_template.o(i.HAL_MspInit)
    HAL_NVIC_SetPriorityGrouping             0x08002fc1   Thumb Code    30  stm32f4xx_hal_cortex.o(i.HAL_NVIC_SetPriorityGrouping)
    HAL_RCC_ClockConfig                      0x08002fe5   Thumb Code   388  stm32f4xx_hal_rcc.o(i.HAL_RCC_ClockConfig)
    HAL_RCC_GetClockConfig                   0x0800317d   Thumb Code    54  stm32f4xx_hal_rcc.o(i.HAL_RCC_GetClockConfig)
    HAL_RCC_GetPCLK1Freq                     0x080031bd   Thumb Code    34  stm32f4xx_hal_rcc.o(i.HAL_RCC_GetPCLK1Freq)
    HAL_RCC_GetPCLK2Freq                     0x080031ed   Thumb Code    34  stm32f4xx_hal_rcc.o(i.HAL_RCC_GetPCLK2Freq)
    HAL_RCC_GetSysClockFreq                  0x0800321d   Thumb Code   132  stm32f4xx_hal_rcc.o(i.HAL_RCC_GetSysClockFreq)
    HAL_RCC_OscConfig                        0x080032b1   Thumb Code   866  stm32f4xx_hal_rcc_ex.o(i.HAL_RCC_OscConfig)
    HAL_TIMEx_PWMN_Start                     0x0800363d   Thumb Code    44  stm32f4xx_hal_tim_ex.o(i.HAL_TIMEx_PWMN_Start)
    HAL_TIM_OC_Init                          0x08003669   Thumb Code    54  stm32f4xx_hal_tim.o(i.HAL_TIM_OC_Init)
    HAL_TIM_OC_MspInit                       0x0800369f   Thumb Code     2  stm32f4xx_hal_tim.o(i.HAL_TIM_OC_MspInit)
    HAL_TIM_OC_Start                         0x080036a1   Thumb Code    64  stm32f4xx_hal_tim.o(i.HAL_TIM_OC_Start)
    HAL_TIM_PWM_ConfigChannel                0x080036e1   Thumb Code   554  stm32f4xx_hal_tim.o(i.HAL_TIM_PWM_ConfigChannel)
    HAL_TIM_PWM_Init                         0x08003915   Thumb Code    54  stm32f4xx_hal_tim.o(i.HAL_TIM_PWM_Init)
    HAL_TIM_PWM_MspInit                      0x0800394b   Thumb Code     2  stm32f4xx_hal_tim.o(i.HAL_TIM_PWM_MspInit)
    HAL_TIM_PWM_Start                        0x0800394d   Thumb Code    64  stm32f4xx_hal_tim.o(i.HAL_TIM_PWM_Start)
    HAL_UART_Init                            0x0800398d   Thumb Code    98  stm32f4xx_hal_uart.o(i.HAL_UART_Init)
    HAL_UART_MspInit                         0x080039ef   Thumb Code     2  stm32f4xx_hal_uart.o(i.HAL_UART_MspInit)
    Set_GPIO_Clock                           0x080039f1   Thumb Code   260  pinmap.o(i.Set_GPIO_Clock)
    SystemClock_Config                       0x08003b49   Thumb Code   110  system_stm32f4xx.o(i.SystemClock_Config)
    SystemCoreClockUpdate                    0x08003bc1   Thumb Code   112  system_stm32f4xx.o(i.SystemCoreClockUpdate)
    SystemInit                               0x08003c45   Thumb Code   194  system_stm32f4xx.o(i.SystemInit)
    TIM_Base_SetConfig                       0x08003d2d   Thumb Code   172  stm32f4xx_hal_tim.o(i.TIM_Base_SetConfig)
    pressed()                                0x08004131   Thumb Code    94  main.o(i._Z7pressedv)
    mbed::InterruptIn::_irq_handler(unsigned, gpio_irq_event) 0x08004195   Thumb Code    62  InterruptIn.o(i._ZN4mbed11InterruptIn12_irq_handlerEj14gpio_irq_event)
    mbed::InterruptIn::fall(mbed::Callback<void()>) 0x080041dd   Thumb Code   104  InterruptIn.o(i._ZN4mbed11InterruptIn4fallENS_8CallbackIFvvEEE)
    mbed::InterruptIn::InterruptIn(PinName)  0x0800424d   Thumb Code    84  InterruptIn.o(i._ZN4mbed11InterruptInC1E7PinName)
    mbed::InterruptIn::InterruptIn__sub_object(PinName) 0x0800424d   Thumb Code     0  InterruptIn.o(i._ZN4mbed11InterruptInC1E7PinName)
    mbed::InterruptIn::~InterruptIn()        0x080042b1   Thumb Code    48  InterruptIn.o(i._ZN4mbed11InterruptInD1Ev)
    mbed::InterruptIn::~InterruptIn__sub_object() 0x080042b1   Thumb Code     0  InterruptIn.o(i._ZN4mbed11InterruptInD1Ev)
    mbed::FileBase::getPathType()            0x080042e5   Thumb Code     4  FileBase.o(i._ZN4mbed8FileBase11getPathTypeEv)
    mbed::FileBase::lookup(const char*, unsigned) 0x080042e9   Thumb Code    90  FileBase.o(i._ZN4mbed8FileBase6lookupEPKcj)
    mbed::FilePath::fileSystem()             0x08004355   Thumb Code    24  FilePath.o(i._ZN4mbed8FilePath10fileSystemEv)
    mbed::FilePath::file()                   0x0800436d   Thumb Code    28  FilePath.o(i._ZN4mbed8FilePath4fileEv)
    mbed::FilePath::exists()                 0x08004389   Thumb Code    10  FilePath.o(i._ZN4mbed8FilePath6existsEv)
    mbed::FilePath::isFile()                 0x08004393   Thumb Code    24  FilePath.o(i._ZN4mbed8FilePath6isFileEv)
    mbed::FilePath::fileName()               0x080043ab   Thumb Code     4  FilePath.o(i._ZN4mbed8FilePath8fileNameEv)
    mbed::FilePath::FilePath(const char*)    0x080043af   Thumb Code    64  FilePath.o(i._ZN4mbed8FilePathC1EPKc)
    mbed::FilePath::FilePath__sub_object(const char*) 0x080043af   Thumb Code     0  FilePath.o(i._ZN4mbed8FilePathC1EPKc)
    __ARM_fpclassify                         0x080043f1   Thumb Code    48  fpclassify.o(i.__ARM_fpclassify)
    __NVIC_SetVector                         0x08004421   Thumb Code    48  cmsis_nvic.o(i.__NVIC_SetVector)
    __aeabi_atexit                           0x08004455   Thumb Code     4  retarget.o(i.__aeabi_atexit)
    __user_setup_stackheap                   0x080044a9   Thumb Code    10  sys.o(i.__user_setup_stackheap)
    _is_digit                                0x080044b9   Thumb Code    14  __printf_wp.o(i._is_digit)
    _platform_post_stackheap_init            0x080044c7   Thumb Code     8  retarget.o(i._platform_post_stackheap_init)
    _sys_close                               0x080044d1   Thumb Code    40  retarget.o(i._sys_close)
    _sys_flen                                0x080044fd   Thumb Code    34  retarget.o(i._sys_flen)
    _sys_istty                               0x08004525   Thumb Code    34  retarget.o(i._sys_istty)
    _sys_open                                0x0800454d   Thumb Code   436  retarget.o(i._sys_open)
    _sys_seek                                0x08004729   Thumb Code    36  retarget.o(i._sys_seek)
    _sys_write                               0x08004751   Thumb Code    92  retarget.o(i._sys_write)
    core_util_critical_section_enter         0x080048b9   Thumb Code    70  mbed_critical.o(i.core_util_critical_section_enter)
    core_util_critical_section_exit          0x08004945   Thumb Code    60  mbed_critical.o(i.core_util_critical_section_exit)
    error                                    0x0800499d   Thumb Code    18  mbed_error.o(i.error)
    exit                                     0x080049b1   Thumb Code    24  retarget.o(i.exit)
    gpio_dir                                 0x080049d1   Thumb Code    54  gpio_api.o(i.gpio_dir)
    gpio_init                                0x08004a25   Thumb Code    58  gpio_api.o(i.gpio_init)
    gpio_init_in                             0x08004a5f   Thumb Code    40  mbed_gpio.o(i.gpio_init_in)
    gpio_init_out                            0x08004a89   Thumb Code    68  mbed_gpio.o(i.gpio_init_out)
    gpio_init_out_ex                         0x08004ad5   Thumb Code    80  mbed_gpio.o(i.gpio_init_out_ex)
    gpio_irq_free                            0x08004b79   Thumb Code    94  gpio_irq_api.o(i.gpio_irq_free)
    gpio_irq_init                            0x08004be5   Thumb Code   242  gpio_irq_api.o(i.gpio_irq_init)
    gpio_irq_set                             0x08004d29   Thumb Code   114  gpio_irq_api.o(i.gpio_irq_set)
    gpio_mode                                0x08004d9b   Thumb Code     8  gpio_api.o(i.gpio_mode)
    $Super$$main                             0x08004ea5   Thumb Code   162  main.o(i.main)
    mbed_assert_internal                     0x08004f75   Thumb Code    32  mbed_assert.o(i.mbed_assert_internal)
    mbed_die                                 0x08004fc9   Thumb Code    84  mbed_board.o(i.mbed_die)
    mbed_error_printf                        0x08005039   Thumb Code    74  mbed_board.o(i.mbed_error_printf)
    mbed_error_vfprintf                      0x0800508d   Thumb Code    68  mbed_board.o(i.mbed_error_vfprintf)
    mbed_main                                0x080050d9   Thumb Code     2  retarget.o(i.mbed_main)
    mbed_sdk_init                            0x080050db   Thumb Code    14  mbed_overrides.o(i.mbed_sdk_init)
    pin_function                             0x080050e9   Thumb Code    80  pinmap.o(i.pin_function)
    pin_function_gpiomode                    0x08005155   Thumb Code   106  pinmap.o(i.pin_function_gpiomode)
    pin_mode                                 0x080051cd   Thumb Code    64  pinmap.o(i.pin_mode)
    pinmap_function                          0x08005225   Thumb Code    62  mbed_pinmap_common.o(i.pinmap_function)
    pinmap_merge                             0x08005285   Thumb Code    38  mbed_pinmap_common.o(i.pinmap_merge)
    pinmap_peripheral                        0x080052c1   Thumb Code    62  mbed_pinmap_common.o(i.pinmap_peripheral)
    pinmap_pinout                            0x08005321   Thumb Code    72  mbed_pinmap_common.o(i.pinmap_pinout)
    pwmout_init                              0x0800537d   Thumb Code   440  pwmout_api.o(i.pwmout_init)
    pwmout_period_ms                         0x08005579   Thumb Code    10  pwmout_api.o(i.pwmout_period_ms)
    pwmout_period_us                         0x08005585   Thumb Code   354  pwmout_api.o(i.pwmout_period_us)
    pwmout_read                              0x0800574d   Thumb Code    48  pwmout_api.o(i.pwmout_read)
    pwmout_write                             0x08005781   Thumb Code   170  pwmout_api.o(i.pwmout_write)
    serial_baud                              0x0800584d   Thumb Code     6  serial_api.o(i.serial_baud)
    serial_init                              0x08005855   Thumb Code   538  serial_api.o(i.serial_init)
    serial_putc                              0x08005ab5   Thumb Code    30  serial_api.o(i.serial_putc)
    ticker_irq_handler                       0x08005ad9   Thumb Code    78  mbed_ticker_api.o(i.ticker_irq_handler)
    timer_irq_handler                        0x08005b29   Thumb Code    90  hal_tick_32b.o(i.timer_irq_handler)
    us_ticker_clear_interrupt                0x08005b8d   Thumb Code    16  us_ticker_32b.o(i.us_ticker_clear_interrupt)
    us_ticker_disable_interrupt              0x08005ba1   Thumb Code    18  us_ticker_32b.o(i.us_ticker_disable_interrupt)
    us_ticker_init                           0x08005bb9   Thumb Code    26  us_ticker_32b.o(i.us_ticker_init)
    us_ticker_irq_handler                    0x08005bdd   Thumb Code     6  mbed_us_ticker_api.o(i.us_ticker_irq_handler)
    us_ticker_read                           0x08005be9   Thumb Code    30  us_ticker_32b.o(i.us_ticker_read)
    us_ticker_set_interrupt                  0x08005c11   Thumb Code    20  us_ticker_32b.o(i.us_ticker_set_interrupt)
    wait                                     0x08005c29   Thumb Code    36  mbed_wait_api_no_rtos.o(i.wait)
    wait_ms                                  0x08005c51   Thumb Code    28  mbed_wait_api_no_rtos.o(i.wait_ms)
    _get_lc_numeric                          0x08005c6d   Thumb Code    44  lc_numeric_c.o(locale$$code)
    _get_lc_ctype                            0x08005c99   Thumb Code    44  lc_ctype_c.o(locale$$code)
    SingletonPtr<PlatformMutex>::operator ->() 0x08005cc5   Thumb Code    36  FileBase.o(t._ZN12SingletonPtrI13PlatformMutexEptEv)
    void mbed::Callback<void()>::function_call<void(*)()>(const void*) 0x08005cf1   Thumb Code     4  main.o(t._ZN4mbed8CallbackIFvvEE13function_callIPS1_EEvPKv)
    void mbed::Callback<void()>::function_dtor<void(*)()>(void*) 0x08005cf5   Thumb Code     2  main.o(t._ZN4mbed8CallbackIFvvEE13function_dtorIPS1_EEvPv)
    void mbed::Callback<void()>::function_move<void(*)()>(void*, const void*) 0x08005cf7   Thumb Code    10  main.o(t._ZN4mbed8CallbackIFvvEE13function_moveIPS1_EEvPvPKv)
    _fp_init                                 0x08005d01   Thumb Code    10  fpinit.o(x$fpl$fpinit)
    __fplib_config_fpu_vfp                   0x08005d09   Thumb Code     0  fpinit.o(x$fpl$fpinit)
    __fplib_config_pureend_doubles           0x08005d09   Thumb Code     0  fpinit.o(x$fpl$fpinit)
    _printf_fp_dec                           0x08005d0b   Thumb Code     4  printf1.o(x$fpl$printf1)
    _printf_fp_hex                           0x08005d0f   Thumb Code     4  printf2.o(x$fpl$printf2)
    __I$use$fp                               0x08005d12   Number         0  usenofp.o(x$fpl$usenofp)
    PinMap_PWM                               0x08005d14   Data         696  PeripheralPins.o(.constdata)
    PinMap_UART_TX                           0x08005fcc   Data         180  PeripheralPins.o(.constdata)
    PinMap_UART_RX                           0x08006080   Data         180  PeripheralPins.o(.constdata)
    __stdin_name                             0x08006168   Data           7  retarget.o(.constdata)
    __stdout_name                            0x0800616f   Data           8  retarget.o(.constdata)
    __stderr_name                            0x08006177   Data           8  retarget.o(.constdata)
    APBAHBPrescTable                         0x0800617f   Data          16  stm32f4xx_hal_rcc.o(.constdata)
    AHBPrescTable                            0x0800618f   Data          16  system_stm32f4xx.o(.constdata)
    vtable for mbed::InterruptIn             0x080062b8   Data          16  InterruptIn.o(.constdata__ZTVN4mbed11InterruptInE)
    SingletonPtr<PlatformMutex>::get()::string 0x080062c8   Data          20  retarget.o(.constdata__ZZN12SingletonPtrI13PlatformMutexE3getEvEs)
    SingletonPtr<PlatformMutex>::get()::string (instance 2) 0x080062dc   Data          77  retarget.o(.constdata__ZZN12SingletonPtrI13PlatformMutexE3getEvEs_0)
    void mbed::Callback<void()>::generate<void(*)()>(const T1&)::ops 0x0800632c   Data          12  main.o(.constdata__ZZN4mbed8CallbackIFvvEE8generateIPS1_EEvRKT_E3ops)
    mbed::Callback<void()>::call() const::string 0x08006338   Data           5  InterruptIn.o(.constdata__ZZNK4mbed8CallbackIFvvEE4callEvEs)
    mbed::Callback<void()>::call() const::string (instance 2) 0x0800633d   Data          73  InterruptIn.o(.constdata__ZZNK4mbed8CallbackIFvvEE4callEvEs_0)
    Region$$Table$$Base                      0x080065a8   Number         0  anon$$obj.o(Region$$Table)
    Region$$Table$$Limit                     0x080065c8   Number         0  anon$$obj.o(Region$$Table)
    __ctype                                  0x080065f1   Data           0  lc_ctype_c.o(locale$$data)
    SHT$$INIT_ARRAY$$Base                    0x080066f4   Number         0  main.o(.init_array)
    SHT$$INIT_ARRAY$$Limit                   0x080066f8   Number         0  init_aeabi.o(.init_array)
    PreviousVal                              0x20000204   Data           4  hal_tick_32b.o(.data)
    stdio_uart_inited                        0x20000210   Data           4  serial_api.o(.data)
    uwTick                                   0x20000218   Data           4  stm32f4xx_hal.o(.data)
    SystemCoreClock                          0x2000021c   Data           4  system_stm32f4xx.o(.data)
    mbed::FileBase::_head                    0x20000234   Data           4  FileBase.o(.data)
    mbed::FileBase::_mutex                   0x20000238   Data           8  FileBase.o(.data)
    __aeabi_stdin                            0x20000240   Data           4  stdio_streams.o(.data)
    __aeabi_stdout                           0x20000244   Data           4  stdio_streams.o(.data)
    __aeabi_stderr                           0x20000248   Data           4  stdio_streams.o(.data)
    my_led                                   0x20000250   Data          16  main.o(.bss)
    my_button                                0x20000260   Data          68  main.o(.bss)
    my_pwm                                   0x200002a4   Data          24  main.o(.bss)
    stdio_uart                               0x200007ac   Data          36  serial_api.o(.bss)
    TimMasterHandle                          0x200007d0   Data          60  us_ticker_32b.o(.bss)
    __stdin                                  0x2000080c   Data          84  stdio_streams.o(.bss)
    __stdout                                 0x20000860   Data          84  stdio_streams.o(.bss)
    __stderr                                 0x200008b4   Data          84  stdio_streams.o(.bss)
    Image$$RW_IRAM1$$ZI$$Limit               0x20000924   Number         0  anon$$obj.o ABSOLUTE



==============================================================================

Memory Map of the image

  Image Entry point : 0x080001b5

  Load Region LR_IROM1 (Base: 0x08000000, Size: 0x00006794, Max: 0x00200000, ABSOLUTE)

    Execution Region ER_IROM1 (Base: 0x08000000, Size: 0x000066f8, Max: 0x00200000, ABSOLUTE)

    Base Addr    Size         Type   Attr      Idx    E Section Name        Object

    0x08000000   0x000001b4   Data   RO         1226    RESET               startup_stm32f469xx.o
    0x080001b4   0x00000008   Code   RO         4553  * !!!main             c_w.l(__main.o)
    0x080001bc   0x00000034   Code   RO         5142    !!!scatter          c_w.l(__scatter.o)
    0x080001f0   0x0000001a   Code   RO         5144    !!handler_copy      c_w.l(__scatter_copy.o)
    0x0800020a   0x00000002   PAD
    0x0800020c   0x0000001c   Code   RO         5146    !!handler_zi        c_w.l(__scatter_zi.o)
    0x08000228   0x00000000   Code   RO         4791    .ARM.Collect$$_printf_percent$$00000000  c_w.l(_printf_percent.o)
    0x08000228   0x00000006   Code   RO         4780    .ARM.Collect$$_printf_percent$$00000001  c_w.l(_printf_n.o)
    0x0800022e   0x00000006   Code   RO         4782    .ARM.Collect$$_printf_percent$$00000002  c_w.l(_printf_p.o)
    0x08000234   0x00000006   Code   RO         4787    .ARM.Collect$$_printf_percent$$00000003  c_w.l(_printf_f.o)
    0x0800023a   0x00000006   Code   RO         4788    .ARM.Collect$$_printf_percent$$00000004  c_w.l(_printf_e.o)
    0x08000240   0x00000006   Code   RO         4789    .ARM.Collect$$_printf_percent$$00000005  c_w.l(_printf_g.o)
    0x08000246   0x00000006   Code   RO         4790    .ARM.Collect$$_printf_percent$$00000006  c_w.l(_printf_a.o)
    0x0800024c   0x0000000a   Code   RO         4795    .ARM.Collect$$_printf_percent$$00000007  c_w.l(_printf_ll.o)
    0x08000256   0x00000006   Code   RO         4784    .ARM.Collect$$_printf_percent$$00000008  c_w.l(_printf_i.o)
    0x0800025c   0x00000006   Code   RO         4785    .ARM.Collect$$_printf_percent$$00000009  c_w.l(_printf_d.o)
    0x08000262   0x00000006   Code   RO         4786    .ARM.Collect$$_printf_percent$$0000000A  c_w.l(_printf_u.o)
    0x08000268   0x00000006   Code   RO         4783    .ARM.Collect$$_printf_percent$$0000000B  c_w.l(_printf_o.o)
    0x0800026e   0x00000006   Code   RO         4781    .ARM.Collect$$_printf_percent$$0000000C  c_w.l(_printf_x.o)
    0x08000274   0x00000006   Code   RO         4792    .ARM.Collect$$_printf_percent$$0000000D  c_w.l(_printf_lli.o)
    0x0800027a   0x00000006   Code   RO         4793    .ARM.Collect$$_printf_percent$$0000000E  c_w.l(_printf_lld.o)
    0x08000280   0x00000006   Code   RO         4794    .ARM.Collect$$_printf_percent$$0000000F  c_w.l(_printf_llu.o)
    0x08000286   0x00000006   Code   RO         4799    .ARM.Collect$$_printf_percent$$00000010  c_w.l(_printf_llo.o)
    0x0800028c   0x00000006   Code   RO         4800    .ARM.Collect$$_printf_percent$$00000011  c_w.l(_printf_llx.o)
    0x08000292   0x0000000a   Code   RO         4796    .ARM.Collect$$_printf_percent$$00000012  c_w.l(_printf_l.o)
    0x0800029c   0x00000006   Code   RO         4778    .ARM.Collect$$_printf_percent$$00000013  c_w.l(_printf_c.o)
    0x080002a2   0x00000006   Code   RO         4779    .ARM.Collect$$_printf_percent$$00000014  c_w.l(_printf_s.o)
    0x080002a8   0x00000006   Code   RO         4797    .ARM.Collect$$_printf_percent$$00000015  c_w.l(_printf_lc.o)
    0x080002ae   0x00000006   Code   RO         4798    .ARM.Collect$$_printf_percent$$00000016  c_w.l(_printf_ls.o)
    0x080002b4   0x00000004   Code   RO         4955    .ARM.Collect$$_printf_percent$$00000017  c_w.l(_printf_percent_end.o)
    0x080002b8   0x00000002   Code   RO         5102    .ARM.Collect$$libinit$$00000000  c_w.l(libinit.o)
    0x080002ba   0x00000004   Code   RO         4837    .ARM.Collect$$libinit$$00000001  c_w.l(libinit2.o)
    0x080002be   0x00000000   Code   RO         4840    .ARM.Collect$$libinit$$00000004  c_w.l(libinit2.o)
    0x080002be   0x00000008   Code   RO         4841    .ARM.Collect$$libinit$$00000005  c_w.l(libinit2.o)
    0x080002c6   0x00000000   Code   RO         4843    .ARM.Collect$$libinit$$0000000A  c_w.l(libinit2.o)
    0x080002c6   0x00000000   Code   RO         4845    .ARM.Collect$$libinit$$0000000C  c_w.l(libinit2.o)
    0x080002c6   0x00000000   Code   RO         4847    .ARM.Collect$$libinit$$0000000E  c_w.l(libinit2.o)
    0x080002c6   0x00000006   Code   RO         4848    .ARM.Collect$$libinit$$0000000F  c_w.l(libinit2.o)
    0x080002cc   0x00000000   Code   RO         4850    .ARM.Collect$$libinit$$00000011  c_w.l(libinit2.o)
    0x080002cc   0x0000000c   Code   RO         4851    .ARM.Collect$$libinit$$00000012  c_w.l(libinit2.o)
    0x080002d8   0x00000000   Code   RO         4852    .ARM.Collect$$libinit$$00000013  c_w.l(libinit2.o)
    0x080002d8   0x00000000   Code   RO         4854    .ARM.Collect$$libinit$$00000015  c_w.l(libinit2.o)
    0x080002d8   0x0000000a   Code   RO         4855    .ARM.Collect$$libinit$$00000016  c_w.l(libinit2.o)
    0x080002e2   0x00000000   Code   RO         4856    .ARM.Collect$$libinit$$00000017  c_w.l(libinit2.o)
    0x080002e2   0x00000000   Code   RO         4858    .ARM.Collect$$libinit$$00000019  c_w.l(libinit2.o)
    0x080002e2   0x00000000   Code   RO         4860    .ARM.Collect$$libinit$$0000001B  c_w.l(libinit2.o)
    0x080002e2   0x00000000   Code   RO         4862    .ARM.Collect$$libinit$$0000001D  c_w.l(libinit2.o)
    0x080002e2   0x00000000   Code   RO         4864    .ARM.Collect$$libinit$$0000001F  c_w.l(libinit2.o)
    0x080002e2   0x00000000   Code   RO         4866    .ARM.Collect$$libinit$$00000021  c_w.l(libinit2.o)
    0x080002e2   0x00000000   Code   RO         4868    .ARM.Collect$$libinit$$00000023  c_w.l(libinit2.o)
    0x080002e2   0x00000004   Code   RO         4869    .ARM.Collect$$libinit$$00000024  c_w.l(libinit2.o)
    0x080002e6   0x00000000   Code   RO         4870    .ARM.Collect$$libinit$$00000025  c_w.l(libinit2.o)
    0x080002e6   0x00000000   Code   RO         4874    .ARM.Collect$$libinit$$0000002C  c_w.l(libinit2.o)
    0x080002e6   0x00000000   Code   RO         4876    .ARM.Collect$$libinit$$0000002E  c_w.l(libinit2.o)
    0x080002e6   0x00000000   Code   RO         4878    .ARM.Collect$$libinit$$00000030  c_w.l(libinit2.o)
    0x080002e6   0x00000004   Code   RO         4879    .ARM.Collect$$libinit$$00000031  c_w.l(libinit2.o)
    0x080002ea   0x00000000   Code   RO         4880    .ARM.Collect$$libinit$$00000032  c_w.l(libinit2.o)
    0x080002ea   0x00000002   Code   RO         4881    .ARM.Collect$$libinit$$00000033  c_w.l(libinit2.o)
    0x080002ec   0x00000000   Code   RO         5004    .ARM.Collect$$libshutdown$$00000004  c_w.l(libshutdown2.o)
    0x080002ec   0x00000000   Code   RO         4684    .ARM.Collect$$rtentry$$00000000  c_w.l(__rtentry.o)
    0x080002ec   0x00000000   Code   RO         4914    .ARM.Collect$$rtentry$$00000002  c_w.l(__rtentry2.o)
    0x080002ec   0x00000006   Code   RO         4926    .ARM.Collect$$rtentry$$00000004  c_w.l(__rtentry4.o)
    0x080002f2   0x00000008   Code   RO         4915    .ARM.Collect$$rtentry$$00000008  c_w.l(__rtentry2.o)
    0x080002fa   0x00000004   Code   RO         4917    .ARM.Collect$$rtentry$$0000000A  c_w.l(__rtentry2.o)
    0x080002fe   0x00000000   Code   RO         4919    .ARM.Collect$$rtentry$$0000000C  c_w.l(__rtentry2.o)
    0x080002fe   0x00000008   Code   RO         4920    .ARM.Collect$$rtentry$$0000000D  c_w.l(__rtentry2.o)
    0x08000306   0x00000002   PAD
    0x08000308   0x00000000   Code   RO         4932    .emb_text           c_w.l(maybetermalloc1.o)
    0x08000308   0x00000024   Code   RO         1227    .text               startup_stm32f469xx.o
    0x0800032c   0x0000005e   Code   RO         4450    .text               c_w.l(h1_alloc.o)
    0x0800038a   0x0000004e   Code   RO         4452    .text               c_w.l(h1_free.o)
    0x080003d8   0x00000024   Code   RO         4508    .text               c_w.l(vsprintf.o)
    0x080003fc   0x0000003c   Code   RO         4510    .text               c_w.l(__0sscanf.o)
    0x08000438   0x0000014c   Code   RO         4512    .text               c_w.l(_scanf_int.o)
    0x08000584   0x00000064   Code   RO         4514    .text               c_w.l(fflush.o)
    0x080005e8   0x0000003e   Code   RO         4534    .text               c_w.l(strlen.o)
    0x08000626   0x00000096   Code   RO         4536    .text               c_w.l(strncmp.o)
    0x080006bc   0x00000064   Code   RO         4538    .text               c_w.l(rt_memcpy_w.o)
    0x08000720   0x0000004e   Code   RO         4542    .text               c_w.l(rt_memclr_w.o)
    0x0800076e   0x00000002   PAD
    0x08000770   0x00000080   Code   RO         4546    .text               c_w.l(strcmpv7m.o)
    0x080007f0   0x00000024   Code   RO         4558    .text               c_w.l(init_aeabi.o)
    0x08000814   0x00000008   Code   RO         4685    .text               c_w.l(rt_heap_descriptor.o)
    0x0800081c   0x00000004   Code   RO         4690    .text               c_w.l(hguard.o)
    0x08000820   0x0000008a   Code   RO         4692    .text               c_w.l(init_alloc.o)
    0x080008aa   0x0000000e   Code   RO         4696    .text               c_w.l(h1_init.o)
    0x080008b8   0x0000004e   Code   RO         4712    .text               c_w.l(_printf_pad.o)
    0x08000906   0x00000024   Code   RO         4714    .text               c_w.l(_printf_truncate.o)
    0x0800092a   0x00000052   Code   RO         4716    .text               c_w.l(_printf_str.o)
    0x0800097c   0x00000078   Code   RO         4718    .text               c_w.l(_printf_dec.o)
    0x080009f4   0x00000028   Code   RO         4720    .text               c_w.l(_printf_charcount.o)
    0x08000a1c   0x00000030   Code   RO         4722    .text               c_w.l(_printf_char_common.o)
    0x08000a4c   0x0000000a   Code   RO         4724    .text               c_w.l(_sputc.o)
    0x08000a56   0x00000002   PAD
    0x08000a58   0x000000bc   Code   RO         4726    .text               c_w.l(_printf_wctomb.o)
    0x08000b14   0x0000007c   Code   RO         4729    .text               c_w.l(_printf_longlong_dec.o)
    0x08000b90   0x00000070   Code   RO         4735    .text               c_w.l(_printf_oct_int_ll.o)
    0x08000c00   0x00000094   Code   RO         4755    .text               c_w.l(_printf_hex_int_ll_ptr.o)
    0x08000c94   0x00000188   Code   RO         4775    .text               c_w.l(__printf_flags_ss_wp.o)
    0x08000e1c   0x0000001c   Code   RO         4801    .text               c_w.l(_chval.o)
    0x08000e38   0x0000002c   Code   RO         4803    .text               c_w.l(scanf_char.o)
    0x08000e64   0x00000040   Code   RO         4805    .text               c_w.l(_sgetc.o)
    0x08000ea4   0x000000f8   Code   RO         4811    .text               c_w.l(fseek.o)
    0x08000f9c   0x00000046   Code   RO         4813    .text               c_w.l(setvbuf.o)
    0x08000fe2   0x00000002   PAD
    0x08000fe4   0x000000f0   Code   RO         4815    .text               c_w.l(stdio.o)
    0x080010d4   0x00000138   Code   RO         4818    .text               c_w.l(initio.o)
    0x0800120c   0x00000034   Code   RO         4934    .text               c_w.l(h1_extend.o)
    0x08001240   0x0000008a   Code   RO         4938    .text               c_w.l(lludiv10.o)
    0x080012ca   0x00000012   Code   RO         4940    .text               c_w.l(isspace.o)
    0x080012dc   0x000000b2   Code   RO         4942    .text               c_w.l(_printf_intcommon.o)
    0x0800138e   0x0000041a   Code   RO         4944    .text               c_w.l(_printf_fp_dec.o)
    0x080017a8   0x000002fc   Code   RO         4946    .text               c_w.l(_printf_fp_hex.o)
    0x08001aa4   0x0000002c   Code   RO         4951    .text               c_w.l(_printf_char.o)
    0x08001ad0   0x0000002c   Code   RO         4953    .text               c_w.l(_printf_wchar.o)
    0x08001afc   0x00000374   Code   RO         4956    .text               c_w.l(_scanf.o)
    0x08001e70   0x00000042   Code   RO         4958    .text               c_w.l(ftell.o)
    0x08001eb2   0x00000002   PAD
    0x08001eb4   0x000000ec   Code   RO         4964    .text               c_w.l(fopen.o)
    0x08001fa0   0x0000004c   Code   RO         4966    .text               c_w.l(fclose.o)
    0x08001fec   0x00000040   Code   RO         4980    .text               c_w.l(_wcrtomb.o)
    0x0800202c   0x0000000a   Code   RO         4982    .text               c_w.l(defsig_exit.o)
    0x08002036   0x0000000e   Code   RO         4984    .text               c_w.l(defsig_rtred_outer.o)
    0x08002044   0x0000000e   Code   RO         4988    .text               c_w.l(defsig_rtmem_outer.o)
    0x08002052   0x00000002   PAD
    0x08002054   0x00000050   Code   RO         4994    .text               c_w.l(heapauxa.o)
    0x080020a4   0x0000000c   Code   RO         5032    .text               c_w.l(sys_exit.o)
    0x080020b0   0x00000010   Code   RO         5034    .text               c_w.l(rt_ctype_table.o)
    0x080020c0   0x00000008   Code   RO         5036    .text               c_w.l(rt_locale.o)
    0x080020c8   0x00000008   Code   RO         5046    .text               c_w.l(rt_errno_addr.o)
    0x080020d0   0x00000080   Code   RO         5053    .text               c_w.l(_printf_fp_infnan.o)
    0x08002150   0x000000dc   Code   RO         5055    .text               c_w.l(bigflt0.o)
    0x0800222c   0x00000032   Code   RO         5087    .text               c_w.l(defsig_general.o)
    0x0800225e   0x00000002   PAD
    0x08002260   0x00000034   Code   RO         5089    .text               c_w.l(defsig_rtred_inner.o)
    0x08002294   0x00000050   Code   RO         5091    .text               c_w.l(defsig_rtmem_inner.o)
    0x080022e4   0x0000000e   Code   RO         5110    .text               c_w.l(sys_wrch.o)
    0x080022f2   0x00000002   Code   RO         5112    .text               c_w.l(use_no_semi.o)
    0x080022f4   0x00000000   Code   RO         5114    .text               c_w.l(indicate_semi.o)
    0x080022f4   0x0000003e   Code   RO         5058    CL$$btod_d2e        c_w.l(btod.o)
    0x08002332   0x00000046   Code   RO         5060    CL$$btod_d2e_denorm_low  c_w.l(btod.o)
    0x08002378   0x00000060   Code   RO         5059    CL$$btod_d2e_norm_op1  c_w.l(btod.o)
    0x080023d8   0x00000338   Code   RO         5068    CL$$btod_div_common  c_w.l(btod.o)
    0x08002710   0x000000c6   Code   RO         5065    CL$$btod_e2e        c_w.l(btod.o)
    0x080027d6   0x00000028   Code   RO         5062    CL$$btod_ediv       c_w.l(btod.o)
    0x080027fe   0x00000028   Code   RO         5061    CL$$btod_emul       c_w.l(btod.o)
    0x08002826   0x00000244   Code   RO         5067    CL$$btod_mult_common  c_w.l(btod.o)
    0x08002a6a   0x0000000e   Code   RO          965    i.$Sub$$main        retarget.o
    0x08002a78   0x0000000c   Code   RO          634    i.CAN1_RX0_IRQHandler  can_api.o
    0x08002a84   0x0000000c   Code   RO          635    i.CAN1_SCE_IRQHandler  can_api.o
    0x08002a90   0x0000000c   Code   RO          636    i.CAN1_TX_IRQHandler  can_api.o
    0x08002a9c   0x0000000c   Code   RO          637    i.CAN2_RX0_IRQHandler  can_api.o
    0x08002aa8   0x0000000c   Code   RO          638    i.CAN2_SCE_IRQHandler  can_api.o
    0x08002ab4   0x0000000c   Code   RO          639    i.CAN2_TX_IRQHandler  can_api.o
    0x08002ac0   0x00000190   Code   RO         1957    i.HAL_GPIO_DeInit   stm32f4xx_hal_gpio.o
    0x08002c50   0x0000025c   Code   RO         1960    i.HAL_GPIO_Init     stm32f4xx_hal_gpio.o
    0x08002eac   0x0000000c   Code   RO         1247    i.HAL_GetTick       stm32f4xx_hal.o
    0x08002eb8   0x00000010   Code   RO         1248    i.HAL_IncTick       stm32f4xx_hal.o
    0x08002ec8   0x00000034   Code   RO         1249    i.HAL_Init          stm32f4xx_hal.o
    0x08002efc   0x000000c0   Code   RO          751    i.HAL_InitTick      hal_tick_32b.o
    0x08002fbc   0x00000002   Code   RO         2430    i.HAL_MspInit       stm32f4xx_hal_msp_template.o
    0x08002fbe   0x00000002   PAD
    0x08002fc0   0x00000024   Code   RO         1435    i.HAL_NVIC_SetPriorityGrouping  stm32f4xx_hal_cortex.o
    0x08002fe4   0x00000198   Code   RO         2779    i.HAL_RCC_ClockConfig  stm32f4xx_hal_rcc.o
    0x0800317c   0x00000040   Code   RO         2783    i.HAL_RCC_GetClockConfig  stm32f4xx_hal_rcc.o
    0x080031bc   0x00000030   Code   RO         2786    i.HAL_RCC_GetPCLK1Freq  stm32f4xx_hal_rcc.o
    0x080031ec   0x00000030   Code   RO         2787    i.HAL_RCC_GetPCLK2Freq  stm32f4xx_hal_rcc.o
    0x0800321c   0x00000094   Code   RO         2788    i.HAL_RCC_GetSysClockFreq  stm32f4xx_hal_rcc.o
    0x080032b0   0x0000038c   Code   RO         2818    i.HAL_RCC_OscConfig  stm32f4xx_hal_rcc_ex.o
    0x0800363c   0x0000002c   Code   RO         3623    i.HAL_TIMEx_PWMN_Start  stm32f4xx_hal_tim_ex.o
    0x08003668   0x00000036   Code   RO         3446    i.HAL_TIM_OC_Init   stm32f4xx_hal_tim.o
    0x0800369e   0x00000002   Code   RO         3448    i.HAL_TIM_OC_MspInit  stm32f4xx_hal_tim.o
    0x080036a0   0x00000040   Code   RO         3449    i.HAL_TIM_OC_Start  stm32f4xx_hal_tim.o
    0x080036e0   0x00000234   Code   RO         3465    i.HAL_TIM_PWM_ConfigChannel  stm32f4xx_hal_tim.o
    0x08003914   0x00000036   Code   RO         3468    i.HAL_TIM_PWM_Init  stm32f4xx_hal_tim.o
    0x0800394a   0x00000002   Code   RO         3470    i.HAL_TIM_PWM_MspInit  stm32f4xx_hal_tim.o
    0x0800394c   0x00000040   Code   RO         3472    i.HAL_TIM_PWM_Start  stm32f4xx_hal_tim.o
    0x0800398c   0x00000062   Code   RO         3689    i.HAL_UART_Init     stm32f4xx_hal_uart.o
    0x080039ee   0x00000002   Code   RO         3691    i.HAL_UART_MspInit  stm32f4xx_hal_uart.o
    0x080039f0   0x00000158   Code   RO          903    i.Set_GPIO_Clock    pinmap.o
    0x08003b48   0x00000078   Code   RO         4068    i.SystemClock_Config  system_stm32f4xx.o
    0x08003bc0   0x00000084   Code   RO         4069    i.SystemCoreClockUpdate  system_stm32f4xx.o
    0x08003c44   0x000000e8   Code   RO         4070    i.SystemInit        system_stm32f4xx.o
    0x08003d2c   0x000000c0   Code   RO         3483    i.TIM_Base_SetConfig  stm32f4xx_hal_tim.o
    0x08003dec   0x00000344   Code   RO         3708    i.UART_SetConfig    stm32f4xx_hal_uart.o
    0x08004130   0x00000064   Code   RO            4    i._Z7pressedv       main.o
    0x08004194   0x00000048   Code   RO         4220    i._ZN4mbed11InterruptIn12_irq_handlerEj14gpio_irq_event  mbed.ar(InterruptIn.o)
    0x080041dc   0x00000070   Code   RO         4221    i._ZN4mbed11InterruptIn4fallENS_8CallbackIFvvEEE  mbed.ar(InterruptIn.o)
    0x0800424c   0x00000064   Code   RO         4225    i._ZN4mbed11InterruptInC1E7PinName  mbed.ar(InterruptIn.o)
    0x080042b0   0x00000034   Code   RO         4227    i._ZN4mbed11InterruptInD1Ev  mbed.ar(InterruptIn.o)
    0x080042e4   0x00000004   Code   RO         4394    i._ZN4mbed8FileBase11getPathTypeEv  mbed.ar(FileBase.o)
    0x080042e8   0x0000006c   Code   RO         4396    i._ZN4mbed8FileBase6lookupEPKcj  mbed.ar(FileBase.o)
    0x08004354   0x00000018   Code   RO         4119    i._ZN4mbed8FilePath10fileSystemEv  mbed.ar(FilePath.o)
    0x0800436c   0x0000001c   Code   RO         4121    i._ZN4mbed8FilePath4fileEv  mbed.ar(FilePath.o)
    0x08004388   0x0000000a   Code   RO         4122    i._ZN4mbed8FilePath6existsEv  mbed.ar(FilePath.o)
    0x08004392   0x00000018   Code   RO         4123    i._ZN4mbed8FilePath6isFileEv  mbed.ar(FilePath.o)
    0x080043aa   0x00000004   Code   RO         4124    i._ZN4mbed8FilePath8fileNameEv  mbed.ar(FilePath.o)
    0x080043ae   0x00000040   Code   RO         4125    i._ZN4mbed8FilePathC1EPKc  mbed.ar(FilePath.o)
    0x080043ee   0x00000002   Code   RO         4229    i._ZN4mbed9donothingEv  mbed.ar(InterruptIn.o)
    0x080043f0   0x00000030   Code   RO         5108    i.__ARM_fpclassify  m_wm.l(fpclassify.o)
    0x08004420   0x00000034   Code   RO          687    i.__NVIC_SetVector  cmsis_nvic.o
    0x08004454   0x00000004   Code   RO          975    i.__aeabi_atexit    retarget.o
    0x08004458   0x00000050   Code   RO            5    i.__sti___8_main_cpp_my_led  main.o
    0x080044a8   0x00000010   Code   RO         4061    i.__user_setup_stackheap  sys.o
    0x080044b8   0x0000000e   Code   RO         4768    i._is_digit         c_w.l(__printf_wp.o)
    0x080044c6   0x00000008   Code   RO          978    i._platform_post_stackheap_init  retarget.o
    0x080044ce   0x00000002   PAD
    0x080044d0   0x0000002c   Code   RO          979    i._sys_close        retarget.o
    0x080044fc   0x00000028   Code   RO          982    i._sys_flen         retarget.o
    0x08004524   0x00000028   Code   RO          983    i._sys_istty        retarget.o
    0x0800454c   0x000001dc   Code   RO          984    i._sys_open         retarget.o
    0x08004728   0x00000028   Code   RO          986    i._sys_seek         retarget.o
    0x08004750   0x00000068   Code   RO          987    i._sys_write        retarget.o
    0x080047b8   0x00000100   Code   RO          644    i.can_irq           can_api.o
    0x080048b8   0x0000008c   Code   RO         4349    i.core_util_critical_section_enter  mbed.ar(mbed_critical.o)
    0x08004944   0x00000058   Code   RO         4350    i.core_util_critical_section_exit  mbed.ar(mbed_critical.o)
    0x0800499c   0x00000012   Code   RO         4374    i.error             mbed.ar(mbed_error.o)
    0x080049ae   0x00000002   PAD
    0x080049b0   0x00000020   Code   RO          989    i.exit              retarget.o
    0x080049d0   0x00000054   Code   RO          696    i.gpio_dir          gpio_api.o
    0x08004a24   0x0000003a   Code   RO          697    i.gpio_init         gpio_api.o
    0x08004a5e   0x00000028   Code   RO         4267    i.gpio_init_in      mbed.ar(mbed_gpio.o)
    0x08004a86   0x00000002   PAD
    0x08004a88   0x0000004c   Code   RO         4270    i.gpio_init_out     mbed.ar(mbed_gpio.o)
    0x08004ad4   0x0000006c   Code   RO         4271    i.gpio_init_out_ex  mbed.ar(mbed_gpio.o)
    0x08004b40   0x00000008   Code   RO          711    i.gpio_irq0         gpio_irq_api.o
    0x08004b48   0x00000008   Code   RO          712    i.gpio_irq1         gpio_irq_api.o
    0x08004b50   0x00000008   Code   RO          713    i.gpio_irq2         gpio_irq_api.o
    0x08004b58   0x00000008   Code   RO          714    i.gpio_irq3         gpio_irq_api.o
    0x08004b60   0x00000008   Code   RO          715    i.gpio_irq4         gpio_irq_api.o
    0x08004b68   0x00000008   Code   RO          716    i.gpio_irq5         gpio_irq_api.o
    0x08004b70   0x00000008   Code   RO          717    i.gpio_irq6         gpio_irq_api.o
    0x08004b78   0x0000006c   Code   RO          720    i.gpio_irq_free     gpio_irq_api.o
    0x08004be4   0x00000144   Code   RO          721    i.gpio_irq_init     gpio_irq_api.o
    0x08004d28   0x00000072   Code   RO          722    i.gpio_irq_set      gpio_irq_api.o
    0x08004d9a   0x00000008   Code   RO          698    i.gpio_mode         gpio_api.o
    0x08004da2   0x00000002   PAD
    0x08004da4   0x00000080   Code   RO          723    i.handle_interrupt_in  gpio_irq_api.o
    0x08004e24   0x00000080   Code   RO         1152    i.init_uart         serial_api.o
    0x08004ea4   0x000000d0   Code   RO            6    i.main              main.o
    0x08004f74   0x00000054   Code   RO         4328    i.mbed_assert_internal  mbed.ar(mbed_assert.o)
    0x08004fc8   0x00000070   Code   RO          859    i.mbed_die          mbed_board.o
    0x08005038   0x00000054   Code   RO          860    i.mbed_error_printf  mbed_board.o
    0x0800508c   0x0000004c   Code   RO          861    i.mbed_error_vfprintf  mbed_board.o
    0x080050d8   0x00000002   Code   RO          990    i.mbed_main         retarget.o
    0x080050da   0x0000000e   Code   RO          873    i.mbed_sdk_init     mbed_overrides.o
    0x080050e8   0x0000006c   Code   RO          904    i.pin_function      pinmap.o
    0x08005154   0x00000078   Code   RO          905    i.pin_function_gpiomode  pinmap.o
    0x080051cc   0x00000058   Code   RO          906    i.pin_mode          pinmap.o
    0x08005224   0x00000060   Code   RO         4299    i.pinmap_function   mbed.ar(mbed_pinmap_common.o)
    0x08005284   0x0000003c   Code   RO         4300    i.pinmap_merge      mbed.ar(mbed_pinmap_common.o)
    0x080052c0   0x00000060   Code   RO         4301    i.pinmap_peripheral  mbed.ar(mbed_pinmap_common.o)
    0x08005320   0x0000005c   Code   RO         4302    i.pinmap_pinout     mbed.ar(mbed_pinmap_common.o)
    0x0800537c   0x000001fc   Code   RO          938    i.pwmout_init       pwmout_api.o
    0x08005578   0x0000000a   Code   RO          940    i.pwmout_period_ms  pwmout_api.o
    0x08005582   0x00000002   PAD
    0x08005584   0x000001c8   Code   RO          941    i.pwmout_period_us  pwmout_api.o
    0x0800574c   0x00000034   Code   RO          945    i.pwmout_read       pwmout_api.o
    0x08005780   0x000000cc   Code   RO          946    i.pwmout_write      pwmout_api.o
    0x0800584c   0x00000006   Code   RO         1153    i.serial_baud       serial_api.o
    0x08005852   0x00000002   PAD
    0x08005854   0x00000260   Code   RO         1160    i.serial_init       serial_api.o
    0x08005ab4   0x00000024   Code   RO         1164    i.serial_putc       serial_api.o
    0x08005ad8   0x0000004e   Code   RO         4431    i.ticker_irq_handler  mbed.ar(mbed_ticker_api.o)
    0x08005b26   0x00000002   PAD
    0x08005b28   0x00000064   Code   RO          754    i.timer_irq_handler  hal_tick_32b.o
    0x08005b8c   0x00000014   Code   RO         4101    i.us_ticker_clear_interrupt  us_ticker_32b.o
    0x08005ba0   0x00000018   Code   RO         4102    i.us_ticker_disable_interrupt  us_ticker_32b.o
    0x08005bb8   0x00000024   Code   RO         4103    i.us_ticker_init    us_ticker_32b.o
    0x08005bdc   0x0000000c   Code   RO         4316    i.us_ticker_irq_handler  mbed.ar(mbed_us_ticker_api.o)
    0x08005be8   0x00000028   Code   RO         4104    i.us_ticker_read    us_ticker_32b.o
    0x08005c10   0x00000018   Code   RO         4105    i.us_ticker_set_interrupt  us_ticker_32b.o
    0x08005c28   0x00000028   Code   RO         4382    i.wait              mbed.ar(mbed_wait_api_no_rtos.o)
    0x08005c50   0x0000001c   Code   RO         4383    i.wait_ms           mbed.ar(mbed_wait_api_no_rtos.o)
    0x08005c6c   0x0000002c   Code   RO         5081    locale$$code        c_w.l(lc_numeric_c.o)
    0x08005c98   0x0000002c   Code   RO         5120    locale$$code        c_w.l(lc_ctype_c.o)
    0x08005cc4   0x0000002c   Code   RO         4421    t._ZN12SingletonPtrI13PlatformMutexEptEv  mbed.ar(FileBase.o)
    0x08005cf0   0x00000004   Code   RO           40    t._ZN4mbed8CallbackIFvvEE13function_callIPS1_EEvPKv  main.o
    0x08005cf4   0x00000002   Code   RO           52    t._ZN4mbed8CallbackIFvvEE13function_dtorIPS1_EEvPv  main.o
    0x08005cf6   0x0000000a   Code   RO           46    t._ZN4mbed8CallbackIFvvEE13function_moveIPS1_EEvPvPKv  main.o
    0x08005d00   0x0000000a   Code   RO         5030    x$fpl$fpinit        fz_wm.l(fpinit.o)
    0x08005d0a   0x00000004   Code   RO         4901    x$fpl$printf1       fz_wm.l(printf1.o)
    0x08005d0e   0x00000004   Code   RO         4903    x$fpl$printf2       fz_wm.l(printf2.o)
    0x08005d12   0x00000000   Code   RO         4909    x$fpl$usenofp       fz_wm.l(usenofp.o)
    0x08005d12   0x00000002   PAD
    0x08005d14   0x000002b8   Data   RO          886    .constdata          PeripheralPins.o
    0x08005fcc   0x000000b4   Data   RO          887    .constdata          PeripheralPins.o
    0x08006080   0x000000b4   Data   RO          888    .constdata          PeripheralPins.o
    0x08006134   0x00000034   Data   RO          907    .constdata          pinmap.o
    0x08006168   0x00000017   Data   RO         1040    .constdata          retarget.o
    0x0800617f   0x00000010   Data   RO         2792    .constdata          stm32f4xx_hal_rcc.o
    0x0800618f   0x00000010   Data   RO         4071    .constdata          system_stm32f4xx.o
    0x0800619f   0x00000001   PAD
    0x080061a0   0x00000014   Data   RO         4317    .constdata          mbed.ar(mbed_us_ticker_api.o)
    0x080061b4   0x00000008   Data   RO         4318    .constdata          mbed.ar(mbed_us_ticker_api.o)
    0x080061bc   0x00000008   Data   RO         4727    .constdata          c_w.l(_printf_wctomb.o)
    0x080061c4   0x00000028   Data   RO         4756    .constdata          c_w.l(_printf_hex_int_ll_ptr.o)
    0x080061ec   0x00000011   Data   RO         4776    .constdata          c_w.l(__printf_flags_ss_wp.o)
    0x080061fd   0x00000026   Data   RO         4947    .constdata          c_w.l(_printf_fp_hex.o)
    0x08006223   0x00000001   PAD
    0x08006224   0x00000094   Data   RO         5056    .constdata          c_w.l(bigflt0.o)
    0x080062b8   0x00000010   Data   RO         4259    .constdata__ZTVN4mbed11InterruptInE  mbed.ar(InterruptIn.o)
    0x080062c8   0x00000014   Data   RO         1103    .constdata__ZZN12SingletonPtrI13PlatformMutexE3getEvEs  retarget.o
    0x080062dc   0x0000004d   Data   RO         1104    .constdata__ZZN12SingletonPtrI13PlatformMutexE3getEvEs_0  retarget.o
    0x08006329   0x00000003   PAD
    0x0800632c   0x0000000c   Data   RO           39    .constdata__ZZN4mbed8CallbackIFvvEE8generateIPS1_EEvRKT_E3ops  main.o
    0x08006338   0x00000005   Data   RO         4260    .constdata__ZZNK4mbed8CallbackIFvvEE4callEvEs  mbed.ar(InterruptIn.o)
    0x0800633d   0x00000049   Data   RO         4261    .constdata__ZZNK4mbed8CallbackIFvvEE4callEvEs_0  mbed.ar(InterruptIn.o)
    0x08006386   0x00000002   PAD
    0x08006388   0x00000057   Data   RO          700    .conststring        gpio_api.o
    0x080063df   0x00000001   PAD
    0x080063e0   0x00000071   Data   RO          862    .conststring        mbed_board.o
    0x08006451   0x00000003   PAD
    0x08006454   0x00000055   Data   RO          908    .conststring        pinmap.o
    0x080064a9   0x00000003   PAD
    0x080064ac   0x00000059   Data   RO          948    .conststring        pwmout_api.o
    0x08006505   0x00000003   PAD
    0x08006508   0x00000059   Data   RO         1178    .conststring        serial_api.o
    0x08006561   0x00000003   PAD
    0x08006564   0x00000043   Data   RO         4351    .conststring        mbed.ar(mbed_critical.o)
    0x080065a7   0x00000001   PAD
    0x080065a8   0x00000020   Data   RO         5140    Region$$Table       anon$$obj.o
    0x080065c8   0x0000001c   Data   RO         5080    locale$$data        c_w.l(lc_numeric_c.o)
    0x080065e4   0x00000110   Data   RO         5119    locale$$data        c_w.l(lc_ctype_c.o)
    0x080066f4   0x00000004   Data   RO           12    .init_array         main.o
    0x080066f8   0x00000000   Data   RO         4556    .init_array         c_w.l(init_aeabi.o)


    Execution Region RW_IRAM1 (Base: 0x200001b4, Size: 0x00000770, Max: 0x0004fe4c, ABSOLUTE)

    Base Addr    Size         Type   Attr      Idx    E Section Name        Object

    0x200001b4   0x0000000c   Data   RW          658    .data               can_api.o
    0x200001c0   0x00000044   Data   RW          725    .data               gpio_irq_api.o
    0x20000204   0x00000004   Data   RW          755    .data               hal_tick_32b.o
    0x20000208   0x00000008   Data   RW         1043    .data               retarget.o
    0x20000210   0x00000008   Data   RW         1179    .data               serial_api.o
    0x20000218   0x00000004   Data   RW         1255    .data               stm32f4xx_hal.o
    0x2000021c   0x00000004   Data   RW         4072    .data               system_stm32f4xx.o
    0x20000220   0x00000004   Data   RW         4107    .data               us_ticker_32b.o
    0x20000224   0x00000008   Data   RW         4319    .data               mbed.ar(mbed_us_ticker_api.o)
    0x2000022c   0x00000008   Data   RW         4352    .data               mbed.ar(mbed_critical.o)
    0x20000234   0x0000000c   Data   RW         4408    .data               mbed.ar(FileBase.o)
    0x20000240   0x00000004   Data   RW         4527    .data               c_w.l(stdio_streams.o)
    0x20000244   0x00000004   Data   RW         4528    .data               c_w.l(stdio_streams.o)
    0x20000248   0x00000004   Data   RW         4529    .data               c_w.l(stdio_streams.o)
    0x2000024c   0x00000004   Data   RW         4995    .data               c_w.l(heapauxa.o)
    0x20000250   0x0000006c   Zero   RW           10    .bss                main.o
    0x200002bc   0x00000040   Zero   RW          655    .bss                can_api.o
    0x200002fc   0x00000214   Zero   RW          724    .bss                gpio_irq_api.o
    0x20000510   0x0000003c   Zero   RW          947    .bss                pwmout_api.o
    0x2000054c   0x00000040   Zero   RW         1039    .bss                retarget.o
    0x2000058c   0x00000244   Zero   RW         1177    .bss                serial_api.o
    0x200007d0   0x0000003c   Zero   RW         4106    .bss                us_ticker_32b.o
    0x2000080c   0x00000054   Zero   RW         4524    .bss                c_w.l(stdio_streams.o)
    0x20000860   0x00000054   Zero   RW         4525    .bss                c_w.l(stdio_streams.o)
    0x200008b4   0x00000054   Zero   RW         4526    .bss                c_w.l(stdio_streams.o)
    0x20000908   0x00000004   Zero   RW         4686    .bss                c_w.l(rt_heap_descriptor.o)
    0x2000090c   0x00000014   Zero   RW         5037    .bss                c_w.l(rt_locale.o)
    0x20000920   0x00000004   Zero   RW         5047    .bss                c_w.l(rt_errno_addr.o)


==============================================================================

Image component sizes


      Code (inc. data)   RO Data    RW Data    ZI Data      Debug   Object Name

         0          0       1056          0          0          0   PeripheralPins.o
       328         46          0         12         64        844   can_api.o
        52          4          0          0          0        132   cmsis_nvic.o
       150         30         87          0          0        388   gpio_api.o
       730        126          0         68        532       1352   gpio_irq_api.o
       292         36          0          4          0        260   hal_tick_32b.o
       404         72         16          0        108     296315   main.o
       272         46        113          0          0        404   mbed_board.o
        14          0          0          0          0        128   mbed_overrides.o
       660        162        137          0          0        532   pinmap.o
      1230        208         89          0         60        684   pwmout_api.o
       804         80        120          8         64       1380   retarget.o
       778        104         89          8        580        496   serial_api.o
        36          8        436          0          0        276   startup_stm32f469xx.o
        80         16          0          4          0        356   stm32f4xx_hal.o
        36          6          0          0          0        116   stm32f4xx_hal_cortex.o
      1004         36          0          0          0        280   stm32f4xx_hal_gpio.o
         2          0          0          0          0        116   stm32f4xx_hal_msp_template.o
       716         74         16          0          0        616   stm32f4xx_hal_rcc.o
       908         42          0          0          0        156   stm32f4xx_hal_rcc_ex.o
       996         30          0          0          0        988   stm32f4xx_hal_tim.o
        44          0          0          0          0        116   stm32f4xx_hal_tim_ex.o
       936         14          0          0          0        376   stm32f4xx_hal_uart.o
        16          6          0          0          0        116   sys.o
       484         68         16          4          0        396   system_stm32f4xx.o
       144         34          0          4         60        588   us_ticker_32b.o

    ----------------------------------------------------------------------
     11126       1248       2224        112       1468     307411   Object Totals
         0          0         32          0          0          0   (incl. Generated)
        10          0         17          0          0          0   (incl. Padding)

    ----------------------------------------------------------------------

      Code (inc. data)   RO Data    RW Data    ZI Data      Debug   Library Member Name

        60          8          0          0          0         84   __0sscanf.o
         8          0          0          0          0         68   __main.o
       392          4         17          0          0         92   __printf_flags_ss_wp.o
        14          0          0          0          0         68   __printf_wp.o
         0          0          0          0          0          0   __rtentry.o
        20          0          0          0          0          0   __rtentry2.o
         6          0          0          0          0          0   __rtentry4.o
        52          8          0          0          0          0   __scatter.o
        26          0          0          0          0          0   __scatter_copy.o
        28          0          0          0          0          0   __scatter_zi.o
        28          0          0          0          0         68   _chval.o
         6          0          0          0          0          0   _printf_a.o
         6          0          0          0          0          0   _printf_c.o
        44          0          0          0          0        108   _printf_char.o
        48          6          0          0          0         96   _printf_char_common.o
        40          0          0          0          0         68   _printf_charcount.o
         6          0          0          0          0          0   _printf_d.o
       120         16          0          0          0         92   _printf_dec.o
         6          0          0          0          0          0   _printf_e.o
         6          0          0          0          0          0   _printf_f.o
      1050          0          0          0          0        216   _printf_fp_dec.o
       764          8         38          0          0        100   _printf_fp_hex.o
       128         16          0          0          0         84   _printf_fp_infnan.o
         6          0          0          0          0          0   _printf_g.o
       148          4         40          0          0        160   _printf_hex_int_ll_ptr.o
         6          0          0          0          0          0   _printf_i.o
       178          0          0          0          0         88   _printf_intcommon.o
        10          0          0          0          0          0   _printf_l.o
         6          0          0          0          0          0   _printf_lc.o
        10          0          0          0          0          0   _printf_ll.o
         6          0          0          0          0          0   _printf_lld.o
         6          0          0          0          0          0   _printf_lli.o
         6          0          0          0          0          0   _printf_llo.o
         6          0          0          0          0          0   _printf_llu.o
         6          0          0          0          0          0   _printf_llx.o
       124         16          0          0          0         92   _printf_longlong_dec.o
         6          0          0          0          0          0   _printf_ls.o
         6          0          0          0          0          0   _printf_n.o
         6          0          0          0          0          0   _printf_o.o
       112          8          0          0          0        124   _printf_oct_int_ll.o
         6          0          0          0          0          0   _printf_p.o
        78          0          0          0          0        108   _printf_pad.o
         0          0          0          0          0          0   _printf_percent.o
         4          0          0          0          0          0   _printf_percent_end.o
         6          0          0          0          0          0   _printf_s.o
        82          0          0          0          0         80   _printf_str.o
        36          0          0          0          0         84   _printf_truncate.o
         6          0          0          0          0          0   _printf_u.o
        44          0          0          0          0        108   _printf_wchar.o
       188          6          8          0          0         92   _printf_wctomb.o
         6          0          0          0          0          0   _printf_x.o
       884          6          0          0          0        100   _scanf.o
       332          0          0          0          0         96   _scanf_int.o
        64          0          0          0          0         84   _sgetc.o
        10          0          0          0          0         68   _sputc.o
        64          0          0          0          0         92   _wcrtomb.o
       220          4        148          0          0         96   bigflt0.o
      1910        128          0          0          0        672   btod.o
        10          0          0          0          0         68   defsig_exit.o
        50          0          0          0          0         88   defsig_general.o
        80         58          0          0          0         76   defsig_rtmem_inner.o
        14          0          0          0          0         80   defsig_rtmem_outer.o
        52         38          0          0          0         76   defsig_rtred_inner.o
        14          0          0          0          0         80   defsig_rtred_outer.o
        76          0          0          0          0         88   fclose.o
       100          4          0          0          0        120   fflush.o
       236          4          0          0          0        128   fopen.o
       248          6          0          0          0         84   fseek.o
        66          0          0          0          0         76   ftell.o
        94          0          0          0          0         80   h1_alloc.o
        52          0          0          0          0         68   h1_extend.o
        78          0          0          0          0         80   h1_free.o
        14          0          0          0          0         84   h1_init.o
        80          6          0          4          0         96   heapauxa.o
         4          0          0          0          0        136   hguard.o
         0          0          0          0          0          0   indicate_semi.o
        36         10          0          0          0         80   init_aeabi.o
       138          0          0          0          0        168   init_alloc.o
       312         46          0          0          0        112   initio.o
        18          0          0          0          0         76   isspace.o
        44         10        272          0          0         76   lc_ctype_c.o
        44         10         28          0          0         76   lc_numeric_c.o
         2          0          0          0          0          0   libinit.o
        50          0          0          0          0          0   libinit2.o
         0          0          0          0          0          0   libshutdown2.o
       138          0          0          0          0         80   lludiv10.o
         0          0          0          0          0          0   maybetermalloc1.o
        16          4          0          0          0         76   rt_ctype_table.o
         8          4          0          0          4         68   rt_errno_addr.o
         8          4          0          0          4         68   rt_heap_descriptor.o
         8          4          0          0         20         68   rt_locale.o
        78          0          0          0          0         80   rt_memclr_w.o
       100          0          0          0          0         80   rt_memcpy_w.o
        44          8          0          0          0         84   scanf_char.o
        70          0          0          0          0         80   setvbuf.o
       240          6          0          0          0        156   stdio.o
         0          0          0         12        252          0   stdio_streams.o
       128          0          0          0          0         68   strcmpv7m.o
        62          0          0          0          0         76   strlen.o
       150          0          0          0          0         80   strncmp.o
        12          4          0          0          0         68   sys_exit.o
        14          0          0          0          0         76   sys_wrch.o
         2          0          0          0          0         68   use_no_semi.o
        36          4          0          0          0         76   vsprintf.o
        10          0          0          0          0        116   fpinit.o
         4          0          0          0          0        116   printf1.o
         4          0          0          0          0        116   printf2.o
         0          0          0          0          0          0   usenofp.o
        48          0          0          0          0        124   fpclassify.o
       156         26          0         12          0        368   FileBase.o
       154          0          0          0          0        728   FilePath.o
       338         38         94          0          0        636   InterruptIn.o
        84         52          0          0          0        136   mbed_assert.o
       228         98         67          8          0        252   mbed_critical.o
        18          0          0          0          0        128   mbed_error.o
       224         36          0          0          0        412   mbed_gpio.o
       344        110          0          0          0        508   mbed_pinmap_common.o
        78          0          0          0          0        136   mbed_ticker_api.o
        12          6         28          8          0        116   mbed_us_ticker_api.o
        68          4          0          0          0        256   mbed_wait_api_no_rtos.o

    ----------------------------------------------------------------------
     12266        838        744         44        280      10884   Library Totals
        24          0          4          0          0          0   (incl. Padding)

    ----------------------------------------------------------------------

      Code (inc. data)   RO Data    RW Data    ZI Data      Debug   Library Name

     10472        468        551         16        280       6736   c_w.l
        18          0          0          0          0        348   fz_wm.l
        48          0          0          0          0        124   m_wm.l
      1704        370        189         28          0       3676   mbed.ar

    ----------------------------------------------------------------------
     12266        838        744         44        280      10884   Library Totals

    ----------------------------------------------------------------------

==============================================================================


      Code (inc. data)   RO Data    RW Data    ZI Data      Debug   

     23392       2086       2968        156       1748     302951   Grand Totals
     23392       2086       2968        156       1748     302951   ELF Image Totals
     23392       2086       2968        156          0          0   ROM Totals

==============================================================================

    Total RO  Size (Code + RO Data)                26360 (  25.74kB)
    Total RW  Size (RW Data + ZI Data)              1904 (   1.86kB)
    Total ROM Size (Code + RO Data + RW Data)      26516 (  25.89kB)

==============================================================================

