Component: ARM Compiler 5.06 update 2 (build 183) Tool: armlink [4d35b7]

==============================================================================

Section Cross References

    main.o(i.__sti___8_main_cpp_myled) refers to mbed_gpio.o(i.gpio_init_out) for gpio_init_out
    main.o(i.__sti___8_main_cpp_myled) refers to main.o(.bss) for .bss
    main.o(i.main) refers to mbed_assert.o(i.mbed_assert_internal) for mbed_assert_internal
    main.o(i.main) refers to mbed_wait_api_no_rtos.o(i.wait) for wait
    main.o(i.main) refers to main.o(.bss) for .bss
    main.o(i.main) refers to main.o(.conststring) for .conststring
    main.o(.ARM.exidx) refers to main.o(i.main) for i.main
    main.o(.ARM.exidx) refers to main.o(i.__sti___8_main_cpp_myled) for i.__sti___8_main_cpp_myled
    main.o(.init_array) refers to main.o(i.__sti___8_main_cpp_myled) for __sti___8_main_cpp_myled
    main.o(.init_array) refers to init_aeabi.o(.text) for __cpp_initialize__aeabi_
    analogin_api.o(i.adc_read) refers to stm32f4xx_hal_adc.o(i.HAL_ADC_ConfigChannel) for HAL_ADC_ConfigChannel
    analogin_api.o(i.adc_read) refers to stm32f4xx_hal_adc.o(i.HAL_ADC_Start) for HAL_ADC_Start
    analogin_api.o(i.adc_read) refers to stm32f4xx_hal_adc.o(i.HAL_ADC_PollForConversion) for HAL_ADC_PollForConversion
    analogin_api.o(i.adc_read) refers to stm32f4xx_hal_adc.o(i.HAL_ADC_GetValue) for HAL_ADC_GetValue
    analogin_api.o(i.adc_read) refers to analogin_api.o(.bss) for .bss
    analogin_api.o(i.analogin_init) refers to mbed_pinmap_common.o(i.pinmap_peripheral) for pinmap_peripheral
    analogin_api.o(i.analogin_init) refers to mbed_assert.o(i.mbed_assert_internal) for mbed_assert_internal
    analogin_api.o(i.analogin_init) refers to mbed_pinmap_common.o(i.pinmap_function) for pinmap_function
    analogin_api.o(i.analogin_init) refers to mbed_pinmap_common.o(i.pinmap_pinout) for pinmap_pinout
    analogin_api.o(i.analogin_init) refers to stm32f4xx_hal_adc.o(i.HAL_ADC_Init) for HAL_ADC_Init
    analogin_api.o(i.analogin_init) refers to mbed_error.o(i.error) for error
    analogin_api.o(i.analogin_init) refers to PeripheralPins.o(.constdata) for PinMap_ADC
    analogin_api.o(i.analogin_init) refers to analogin_api.o(.conststring) for .conststring
    analogin_api.o(i.analogin_init) refers to analogin_api.o(.data) for .data
    analogin_api.o(i.analogin_init) refers to analogin_api.o(.bss) for .bss
    analogin_api.o(i.analogin_read) refers to analogin_api.o(i.adc_read) for adc_read
    analogin_api.o(i.analogin_read_u16) refers to analogin_api.o(i.adc_read) for adc_read
    analogout_api.o(i.analogout_init) refers to mbed_pinmap_common.o(i.pinmap_peripheral) for pinmap_peripheral
    analogout_api.o(i.analogout_init) refers to mbed_pinmap_common.o(i.pinmap_function) for pinmap_function
    analogout_api.o(i.analogout_init) refers to mbed_assert.o(i.mbed_assert_internal) for mbed_assert_internal
    analogout_api.o(i.analogout_init) refers to mbed_error.o(i.error) for error
    analogout_api.o(i.analogout_init) refers to mbed_pinmap_common.o(i.pinmap_pinout) for pinmap_pinout
    analogout_api.o(i.analogout_init) refers to stm32f4xx_hal_dac.o(i.HAL_DAC_Init) for HAL_DAC_Init
    analogout_api.o(i.analogout_init) refers to stm32f4xx_hal_dac.o(i.HAL_DAC_ConfigChannel) for HAL_DAC_ConfigChannel
    analogout_api.o(i.analogout_init) refers to stm32f4xx_hal_dac.o(i.HAL_DAC_Start) for HAL_DAC_Start
    analogout_api.o(i.analogout_init) refers to stm32f4xx_hal_dac.o(i.HAL_DAC_SetValue) for HAL_DAC_SetValue
    analogout_api.o(i.analogout_init) refers to PeripheralPins.o(.constdata) for PinMap_DAC
    analogout_api.o(i.analogout_init) refers to analogout_api.o(.conststring) for .conststring
    analogout_api.o(i.analogout_init) refers to analogout_api.o(.bss) for .bss
    analogout_api.o(i.analogout_init) refers to analogout_api.o(.data) for .data
    analogout_api.o(i.analogout_read) refers to stm32f4xx_hal_dac.o(i.HAL_DAC_GetValue) for HAL_DAC_GetValue
    analogout_api.o(i.analogout_read) refers to analogout_api.o(.bss) for .bss
    analogout_api.o(i.analogout_read_u16) refers to stm32f4xx_hal_dac.o(i.HAL_DAC_GetValue) for HAL_DAC_GetValue
    analogout_api.o(i.analogout_read_u16) refers to analogout_api.o(.bss) for .bss
    analogout_api.o(i.analogout_write) refers to stm32f4xx_hal_dac.o(i.HAL_DAC_SetValue) for HAL_DAC_SetValue
    analogout_api.o(i.analogout_write) refers to mbed_error.o(i.error) for error
    analogout_api.o(i.analogout_write) refers to analogout_api.o(.bss) for .bss
    analogout_api.o(i.analogout_write_u16) refers to stm32f4xx_hal_dac.o(i.HAL_DAC_SetValue) for HAL_DAC_SetValue
    analogout_api.o(i.analogout_write_u16) refers to mbed_error.o(i.error) for error
    analogout_api.o(i.analogout_write_u16) refers to analogout_api.o(.bss) for .bss
    analogout_api.o(i.analogout_write_u16) refers to analogout_api.o(i.analogout_write) for i.analogout_write
[...]
    __lcnum_c_thousands                      0x08005a02   Data           0  lc_numeric_c.o(locale$$data)
    __lcnum_c_grouping                       0x08005a03   Data           0  lc_numeric_c.o(locale$$data)
    locale$$data                             0x08005a04   Section      272  lc_ctype_c.o(locale$$data)
    __lcnum_c_end                            0x08005a04   Data           0  lc_numeric_c.o(locale$$data)
    __lcctype_c_name                         0x08005a08   Data           2  lc_ctype_c.o(locale$$data)
    __lcctype_c_start                        0x08005a10   Data           0  lc_ctype_c.o(locale$$data)
    .init_array                              0x08005b14   Section        4  main.o(.init_array)
    __lcctype_c_end                          0x08005b14   Data           0  lc_ctype_c.o(locale$$data)
    .init_array                              0x08005b18   Section        0  init_aeabi.o(.init_array)
    .data                                    0x200001c4   Section       12  can_api.o(.data)
    irq_handler                              0x200001c4   Data           4  can_api.o(.data)
    can_irq_ids                              0x200001c8   Data           8  can_api.o(.data)
    .data                                    0x200001d0   Section        4  hal_tick.o(.data)
    .data                                    0x200001d4   Section        8  retarget.o(.data)
    filehandle_mutex                         0x200001d4   Data           8  retarget.o(.data)
    .data                                    0x200001dc   Section        8  serial_api.o(.data)
    irq_handler                              0x200001e0   Data           4  serial_api.o(.data)
    .data                                    0x200001e4   Section        4  stm32f4xx_hal.o(.data)
    .data                                    0x200001e8   Section        4  system_stm32f4xx.o(.data)
    .data                                    0x200001ec   Section        4  us_ticker.o(.data)
    us_ticker_inited                         0x200001ec   Data           4  us_ticker.o(.data)
    .data                                    0x200001f0   Section        8  mbed_us_ticker_api.o(.data)
    events                                   0x200001f0   Data           8  mbed_us_ticker_api.o(.data)
    .data                                    0x200001f8   Section        8  mbed_critical.o(.data)
    critical_interrupts_disabled             0x200001f8   Data           1  mbed_critical.o(.data)
    interrupt_enable_counter                 0x200001fc   Data           4  mbed_critical.o(.data)
    .data                                    0x20000200   Section       12  FileBase.o(.data)
    .data                                    0x2000020c   Section        4  stdio_streams.o(.data)
    .data                                    0x20000210   Section        4  stdio_streams.o(.data)
    .data                                    0x20000214   Section        4  stdio_streams.o(.data)
    .data                                    0x20000218   Section        4  heapauxa.o(.data)
    __rt_heap_escrow_base                    0x20000218   Data           4  heapauxa.o(.data)
    .bss                                     0x2000021c   Section       16  main.o(.bss)
    .bss                                     0x2000022c   Section       64  can_api.o(.bss)
    CanHandle                                0x2000022c   Data          64  can_api.o(.bss)
    .bss                                     0x2000026c   Section       60  hal_tick.o(.bss)
    .bss                                     0x200002a8   Section       64  retarget.o(.bss)
    filehandles                              0x200002a8   Data          64  retarget.o(.bss)
    .bss                                     0x200002e8   Section      620  serial_api.o(.bss)
    serial_irq_ids                           0x200002e8   Data          32  serial_api.o(.bss)
    uart_handlers                            0x20000308   Data         512  serial_api.o(.bss)
    .bss                                     0x20000554   Section       60  us_ticker.o(.bss)
    TimMasterHandle                          0x20000554   Data          60  us_ticker.o(.bss)
    .bss                                     0x20000590   Section       84  stdio_streams.o(.bss)
    .bss                                     0x200005e4   Section       84  stdio_streams.o(.bss)
    .bss                                     0x20000638   Section       84  stdio_streams.o(.bss)
    .bss                                     0x2000068c   Section        4  rt_heap_descriptor.o(.bss)
    __rt_heap_descriptor_data                0x2000068c   Data           4  rt_heap_descriptor.o(.bss)
    .bss                                     0x20000690   Section       20  rt_locale.o(.bss)
    __rt_locale_data                         0x20000690   Data          20  rt_locale.o(.bss)
    .bss                                     0x200006a4   Section        4  rt_errno_addr.o(.bss)
    __aeabi_errno_addr_data                  0x200006a4   Data           4  rt_errno_addr.o(.bss)

    Global Symbols

    Symbol Name                              Value     Ov Type        Size  Object(Section)

    BuildAttributes$$THM_ISAv4$E$P$D$K$B$S$7EM$VFPi3$EXTD16$VFPS$VFMA$PE$A:L22UL41UL21$X:L11$S22US41US21$IEEE1$IW$USESV6$~STKCKD$USESV7$~SHL$OTIME$ROPI$IEEEJ$EBA8$UX$STANDARDLIB$REQ8$PRES8$EABIv2 0x00000000   Number         0  anon$$obj.o ABSOLUTE
    __ARM_use_no_argv                        0x00000000   Number         0  main.o ABSOLUTE
    _printf_flags                            0x00000000   Number         0  printf_stubs.o ABSOLUTE
    _printf_return_value                     0x00000000   Number         0  printf_stubs.o ABSOLUTE
    _printf_sizespec                         0x00000000   Number         0  printf_stubs.o ABSOLUTE
    _printf_widthprec                        0x00000000   Number         0  printf_stubs.o ABSOLUTE
    __ARM::default_unexpected_handler()       - Undefined Weak Reference
    __ARM_exceptions_buffer_required          - Undefined Weak Reference
    __ARM_exceptions_init                     - Undefined Weak Reference
    __alloca_initialize                       - Undefined Weak Reference
    __arm_preinit_                            - Undefined Weak Reference
    __rt_lib_shutdown                         - Undefined Weak Reference
    __sigvec_lookup                           - Undefined Weak Reference
    __user_heap_extent                        - Undefined Weak Reference
    _atexit_init                              - Undefined Weak Reference
    _clock_init                               - Undefined Weak Reference
    _fp_trap_init                             - Undefined Weak Reference
    _fp_trap_shutdown                         - Undefined Weak Reference
    _get_lc_collate                           - Undefined Weak Reference
    _get_lc_monetary                          - Undefined Weak Reference
    _get_lc_time                              - Undefined Weak Reference
    _getenv_init                              - Undefined Weak Reference
    _handle_redirection                       - Undefined Weak Reference
    _mutex_acquire                            - Undefined Weak Reference
    _mutex_free                               - Undefined Weak Reference
    _mutex_release                            - Undefined Weak Reference
    _printf_mbtowc                            - Undefined Weak Reference
    _printf_wc                                - Undefined Weak Reference
    _rand_init                                - Undefined Weak Reference
    _scanf_longlong                           - Undefined Weak Reference
    _scanf_mbtowc                             - Undefined Weak Reference
    _scanf_real                               - Undefined Weak Reference
    _scanf_string                             - Undefined Weak Reference
    _scanf_wctomb                             - Undefined Weak Reference
    _scanf_wstring                            - Undefined Weak Reference
    _signal_finish                            - Undefined Weak Reference
    _signal_init                              - Undefined Weak Reference
    __Vectors_Size                           0x000001c4   Number         0  startup_stm32f446xx.o ABSOLUTE
    __Vectors                                0x08000000   Data           4  startup_stm32f446xx.o(RESET)
    __Vectors_End                            0x080001c4   Data           0  startup_stm32f446xx.o(RESET)
    __main                                   0x080001c5   Thumb Code     8  __main.o(!!!main)
    __scatterload                            0x080001cd   Thumb Code     0  __scatter.o(!!!scatter)
    __scatterload_rt2                        0x080001cd   Thumb Code    44  __scatter.o(!!!scatter)
    __scatterload_rt2_thumb_only             0x080001cd   Thumb Code     0  __scatter.o(!!!scatter)
    __scatterload_null                       0x080001db   Thumb Code     0  __scatter.o(!!!scatter)
    __scatterload_copy                       0x08000201   Thumb Code    26  __scatter_copy.o(!!handler_copy)
    __scatterload_zeroinit                   0x0800021d   Thumb Code    28  __scatter_zi.o(!!handler_zi)
    _printf_n                                0x08000239   Thumb Code     0  _printf_n.o(.ARM.Collect$$_printf_percent$$00000001)
    _printf_percent                          0x08000239   Thumb Code     0  _printf_percent.o(.ARM.Collect$$_printf_percent$$00000000)
    _printf_p                                0x0800023f   Thumb Code     0  _printf_p.o(.ARM.Collect$$_printf_percent$$00000002)
    _printf_f                                0x08000245   Thumb Code     0  _printf_f.o(.ARM.Collect$$_printf_percent$$00000003)
    _printf_e                                0x0800024b   Thumb Code     0  _printf_e.o(.ARM.Collect$$_printf_percent$$00000004)
    _printf_g                                0x08000251   Thumb Code     0  _printf_g.o(.ARM.Collect$$_printf_percent$$00000005)
    _printf_a                                0x08000257   Thumb Code     0  _printf_a.o(.ARM.Collect$$_printf_percent$$00000006)
    _printf_ll                               0x0800025d   Thumb Code     0  _printf_ll.o(.ARM.Collect$$_printf_percent$$00000007)
    _printf_i                                0x08000267   Thumb Code     0  _printf_i.o(.ARM.Collect$$_printf_percent$$00000008)
    _printf_d                                0x0800026d   Thumb Code     0  _printf_d.o(.ARM.Collect$$_printf_percent$$00000009)
    _printf_u                                0x08000273   Thumb Code     0  _printf_u.o(.ARM.Collect$$_printf_percent$$0000000A)
    _printf_o                                0x08000279   Thumb Code     0  _printf_o.o(.ARM.Collect$$_printf_percent$$0000000B)
    _printf_x                                0x0800027f   Thumb Code     0  _printf_x.o(.ARM.Collect$$_printf_percent$$0000000C)
    _printf_lli                              0x08000285   Thumb Code     0  _printf_lli.o(.ARM.Collect$$_printf_percent$$0000000D)
    _printf_lld                              0x0800028b   Thumb Code     0  _printf_lld.o(.ARM.Collect$$_printf_percent$$0000000E)
    _printf_llu                              0x08000291   Thumb Code     0  _printf_llu.o(.ARM.Collect$$_printf_percent$$0000000F)
    _printf_llo                              0x08000297   Thumb Code     0  _printf_llo.o(.ARM.Collect$$_printf_percent$$00000010)
    _printf_llx                              0x0800029d   Thumb Code     0  _printf_llx.o(.ARM.Collect$$_printf_percent$$00000011)
    _printf_l                                0x080002a3   Thumb Code     0  _printf_l.o(.ARM.Collect$$_printf_percent$$00000012)
    _printf_c                                0x080002ad   Thumb Code     0  _printf_c.o(.ARM.Collect$$_printf_percent$$00000013)
    _printf_s                                0x080002b3   Thumb Code     0  _printf_s.o(.ARM.Collect$$_printf_percent$$00000014)
    _printf_lc                               0x080002b9   Thumb Code     0  _printf_lc.o(.ARM.Collect$$_printf_percent$$00000015)
    _printf_ls                               0x080002bf   Thumb Code     0  _printf_ls.o(.ARM.Collect$$_printf_percent$$00000016)
    _printf_percent_end                      0x080002c5   Thumb Code     0  _printf_percent_end.o(.ARM.Collect$$_printf_percent$$00000017)
    __rt_lib_init                            0x080002c9   Thumb Code     0  libinit.o(.ARM.Collect$$libinit$$00000000)
    __rt_lib_init_fp_1                       0x080002cb   Thumb Code     0  libinit2.o(.ARM.Collect$$libinit$$00000001)
    __rt_lib_init_heap_2                     0x080002cf   Thumb Code     0  libinit2.o(.ARM.Collect$$libinit$$00000005)
    __rt_lib_init_preinit_1                  0x080002cf   Thumb Code     0  libinit2.o(.ARM.Collect$$libinit$$00000004)
    __rt_lib_init_heap_1                     0x080002d7   Thumb Code     0  libinit2.o(.ARM.Collect$$libinit$$0000000A)
    __rt_lib_init_lc_common                  0x080002d7   Thumb Code     0  libinit2.o(.ARM.Collect$$libinit$$0000000F)
    __rt_lib_init_rand_1                     0x080002d7   Thumb Code     0  libinit2.o(.ARM.Collect$$libinit$$0000000E)
    __rt_lib_init_user_alloc_1               0x080002d7   Thumb Code     0  libinit2.o(.ARM.Collect$$libinit$$0000000C)
    __rt_lib_init_lc_collate_1               0x080002dd   Thumb Code     0  libinit2.o(.ARM.Collect$$libinit$$00000011)
    __rt_lib_init_lc_ctype_2                 0x080002dd   Thumb Code     0  libinit2.o(.ARM.Collect$$libinit$$00000012)
    __rt_lib_init_lc_ctype_1                 0x080002e9   Thumb Code     0  libinit2.o(.ARM.Collect$$libinit$$00000013)
    __rt_lib_init_lc_monetary_1              0x080002e9   Thumb Code     0  libinit2.o(.ARM.Collect$$libinit$$00000015)
    __rt_lib_init_lc_numeric_2               0x080002e9   Thumb Code     0  libinit2.o(.ARM.Collect$$libinit$$00000016)
    __rt_lib_init_atexit_1                   0x080002f3   Thumb Code     0  libinit2.o(.ARM.Collect$$libinit$$0000001B)
    __rt_lib_init_clock_1                    0x080002f3   Thumb Code     0  libinit2.o(.ARM.Collect$$libinit$$00000021)
    __rt_lib_init_fp_trap_1                  0x080002f3   Thumb Code     0  libinit2.o(.ARM.Collect$$libinit$$0000001F)
    __rt_lib_init_getenv_1                   0x080002f3   Thumb Code     0  libinit2.o(.ARM.Collect$$libinit$$00000023)
    __rt_lib_init_lc_numeric_1               0x080002f3   Thumb Code     0  libinit2.o(.ARM.Collect$$libinit$$00000017)
    __rt_lib_init_lc_time_1                  0x080002f3   Thumb Code     0  libinit2.o(.ARM.Collect$$libinit$$00000019)
    __rt_lib_init_signal_1                   0x080002f3   Thumb Code     0  libinit2.o(.ARM.Collect$$libinit$$0000001D)
    __rt_lib_init_stdio_2                    0x080002f3   Thumb Code     0  libinit2.o(.ARM.Collect$$libinit$$00000024)
    __rt_lib_init_alloca_1                   0x080002f7   Thumb Code     0  libinit2.o(.ARM.Collect$$libinit$$0000002E)
    __rt_lib_init_argv_1                     0x080002f7   Thumb Code     0  libinit2.o(.ARM.Collect$$libinit$$0000002C)
    __rt_lib_init_cpp_2                      0x080002f7   Thumb Code     0  libinit2.o(.ARM.Collect$$libinit$$00000031)
    __rt_lib_init_exceptions_1               0x080002f7   Thumb Code     0  libinit2.o(.ARM.Collect$$libinit$$00000030)
    __rt_lib_init_stdio_1                    0x080002f7   Thumb Code     0  libinit2.o(.ARM.Collect$$libinit$$00000025)
    __rt_lib_init_cpp_1                      0x080002fb   Thumb Code     0  libinit2.o(.ARM.Collect$$libinit$$00000032)
    __rt_lib_init_return                     0x080002fb   Thumb Code     0  libinit2.o(.ARM.Collect$$libinit$$00000033)
    __rt_entry                               0x080002fd   Thumb Code     0  __rtentry.o(.ARM.Collect$$rtentry$$00000000)
    __rt_entry_presh_1                       0x080002fd   Thumb Code     0  __rtentry2.o(.ARM.Collect$$rtentry$$00000002)
    __rt_entry_sh                            0x080002fd   Thumb Code     0  __rtentry4.o(.ARM.Collect$$rtentry$$00000004)
    __rt_lib_shutdown_stdio_2                0x080002fd   Thumb Code     0  libshutdown2.o(.ARM.Collect$$libshutdown$$00000004)
    __rt_entry_postsh_1                      0x08000303   Thumb Code     0  __rtentry2.o(.ARM.Collect$$rtentry$$00000008)
    __rt_entry_li                            0x0800030b   Thumb Code     0  __rtentry2.o(.ARM.Collect$$rtentry$$0000000A)
    __rt_entry_main                          0x0800030f   Thumb Code     0  __rtentry2.o(.ARM.Collect$$rtentry$$0000000D)
    __rt_entry_postli_1                      0x0800030f   Thumb Code     0  __rtentry2.o(.ARM.Collect$$rtentry$$0000000C)
    Reset_Handler                            0x08000319   Thumb Code     8  startup_stm32f446xx.o(.text)
    _maybe_terminate_alloc                   0x08000319   Thumb Code     0  maybetermalloc1.o(.emb_text)
    NMI_Handler                              0x08000321   Thumb Code     2  startup_stm32f446xx.o(.text)
    HardFault_Handler                        0x08000323   Thumb Code     2  startup_stm32f446xx.o(.text)
    MemManage_Handler                        0x08000325   Thumb Code     2  startup_stm32f446xx.o(.text)
    BusFault_Handler                         0x08000327   Thumb Code     2  startup_stm32f446xx.o(.text)
    UsageFault_Handler                       0x08000329   Thumb Code     2  startup_stm32f446xx.o(.text)
    SVC_Handler                              0x0800032b   Thumb Code     2  startup_stm32f446xx.o(.text)
    DebugMon_Handler                         0x0800032d   Thumb Code     2  startup_stm32f446xx.o(.text)
    PendSV_Handler                           0x0800032f   Thumb Code     2  startup_stm32f446xx.o(.text)
    SysTick_Handler                          0x08000331   Thumb Code     2  startup_stm32f446xx.o(.text)
    ADC_IRQHandler                           0x08000333   Thumb Code     0  startup_stm32f446xx.o(.text)
    CAN1_RX1_IRQHandler                      0x08000333   Thumb Code     0  startup_stm32f446xx.o(.text)
    CAN2_RX1_IRQHandler                      0x08000333   Thumb Code     0  startup_stm32f446xx.o(.text)
    CEC_IRQHandler                           0x08000333   Thumb Code     0  startup_stm32f446xx.o(.text)
    DCMI_IRQHandler                          0x08000333   Thumb Code     0  startup_stm32f446xx.o(.text)
    DMA1_Stream0_IRQHandler                  0x08000333   Thumb Code     0  startup_stm32f446xx.o(.text)
    DMA1_Stream1_IRQHandler                  0x08000333   Thumb Code     0  startup_stm32f446xx.o(.text)
    DMA1_Stream2_IRQHandler                  0x08000333   Thumb Code     0  startup_stm32f446xx.o(.text)
    DMA1_Stream3_IRQHandler                  0x08000333   Thumb Code     0  startup_stm32f446xx.o(.text)
    DMA1_Stream4_IRQHandler                  0x08000333   Thumb Code     0  startup_stm32f446xx.o(.text)
    DMA1_Stream5_IRQHandler                  0x08000333   Thumb Code     0  startup_stm32f446xx.o(.text)
    DMA1_Stream6_IRQHandler                  0x08000333   Thumb Code     0  startup_stm32f446xx.o(.text)
    DMA1_Stream7_IRQHandler                  0x08000333   Thumb Code     0  startup_stm32f446xx.o(.text)
    DMA2_Stream0_IRQHandler                  0x08000333   Thumb Code     0  startup_stm32f446xx.o(.text)
    DMA2_Stream1_IRQHandler                  0x08000333   Thumb Code     0  startup_stm32f446xx.o(.text)
    DMA2_Stream2_IRQHandler                  0x08000333   Thumb Code     0  startup_stm32f446xx.o(.text)
    DMA2_Stream3_IRQHandler                  0x08000333   Thumb Code     0  startup_stm32f446xx.o(.text)
    DMA2_Stream4_IRQHandler                  0x08000333   Thumb Code     0  startup_stm32f446xx.o(.text)
    DMA2_Stream5_IRQHandler                  0x08000333   Thumb Code     0  startup_stm32f446xx.o(.text)
    DMA2_Stream6_IRQHandler                  0x08000333   Thumb Code     0  startup_stm32f446xx.o(.text)
    DMA2_Stream7_IRQHandler                  0x08000333   Thumb Code     0  startup_stm32f446xx.o(.text)
    EXTI0_IRQHandler                         0x08000333   Thumb Code     0  startup_stm32f446xx.o(.text)
    EXTI15_10_IRQHandler                     0x08000333   Thumb Code     0  startup_stm32f446xx.o(.text)
    EXTI1_IRQHandler                         0x08000333   Thumb Code     0  startup_stm32f446xx.o(.text)
    EXTI2_IRQHandler                         0x08000333   Thumb Code     0  startup_stm32f446xx.o(.text)
    EXTI3_IRQHandler                         0x08000333   Thumb Code     0  startup_stm32f446xx.o(.text)
    EXTI4_IRQHandler                         0x08000333   Thumb Code     0  startup_stm32f446xx.o(.text)
    EXTI9_5_IRQHandler                       0x08000333   Thumb Code     0  startup_stm32f446xx.o(.text)
    FLASH_IRQHandler                         0x08000333   Thumb Code     0  startup_stm32f446xx.o(.text)
    FMC_IRQHandler                           0x08000333   Thumb Code     0  startup_stm32f446xx.o(.text)
    FPU_IRQHandler                           0x08000333   Thumb Code     0  startup_stm32f446xx.o(.text)
    I2C1_ER_IRQHandler                       0x08000333   Thumb Code     0  startup_stm32f446xx.o(.text)
    I2C1_EV_IRQHandler                       0x08000333   Thumb Code     0  startup_stm32f446xx.o(.text)
    I2C2_ER_IRQHandler                       0x08000333   Thumb Code     0  startup_stm32f446xx.o(.text)
    I2C2_EV_IRQHandler                       0x08000333   Thumb Code     0  startup_stm32f446xx.o(.text)
    I2C3_ER_IRQHandler                       0x08000333   Thumb Code     0  startup_stm32f446xx.o(.text)
    I2C3_EV_IRQHandler                       0x08000333   Thumb Code     0  startup_stm32f446xx.o(.text)
    I2C4_Error_IRQHandler                    0x08000333   Thumb Code     0  startup_stm32f446xx.o(.text)
    I2C4_Event_IRQHandler                    0x08000333   Thumb Code     0  startup_stm32f446xx.o(.text)
    OTG_FS_IRQHandler                        0x08000333   Thumb Code     0  startup_stm32f446xx.o(.text)
    OTG_FS_WKUP_IRQHandler                   0x08000333   Thumb Code     0  startup_stm32f446xx.o(.text)
    OTG_HS_EP1_IN_IRQHandler                 0x08000333   Thumb Code     0  startup_stm32f446xx.o(.text)
    OTG_HS_EP1_OUT_IRQHandler                0x08000333   Thumb Code     0  startup_stm32f446xx.o(.text)
    OTG_HS_IRQHandler                        0x08000333   Thumb Code     0  startup_stm32f446xx.o(.text)
    OTG_HS_WKUP_IRQHandler                   0x08000333   Thumb Code     0  startup_stm32f446xx.o(.text)
    PVD_IRQHandler                           0x08000333   Thumb Code     0  startup_stm32f446xx.o(.text)
    QuadSPI_IRQHandler                       0x08000333   Thumb Code     0  startup_stm32f446xx.o(.text)
    RCC_IRQHandler                           0x08000333   Thumb Code     0  startup_stm32f446xx.o(.text)
    RTC_Alarm_IRQHandler                     0x08000333   Thumb Code     0  startup_stm32f446xx.o(.text)
    RTC_WKUP_IRQHandler                      0x08000333   Thumb Code     0  startup_stm32f446xx.o(.text)
    SAI1_IRQHandler                          0x08000333   Thumb Code     0  startup_stm32f446xx.o(.text)
    SAI2_IRQHandler                          0x08000333   Thumb Code     0  startup_stm32f446xx.o(.text)
    SDIO_IRQHandler                          0x08000333   Thumb Code     0  startup_stm32f446xx.o(.text)
    SPDIF_RX_IRQHandler                      0x08000333   Thumb Code     0  startup_stm32f446xx.o(.text)
    SPI1_IRQHandler                          0x08000333   Thumb Code     0  startup_stm32f446xx.o(.text)
    SPI2_IRQHandler                          0x08000333   Thumb Code     0  startup_stm32f446xx.o(.text)
    SPI3_IRQHandler                          0x08000333   Thumb Code     0  startup_stm32f446xx.o(.text)
    SPI4_IRQHandler                          0x08000333   Thumb Code     0  startup_stm32f446xx.o(.text)
    TAMP_STAMP_IRQHandler                    0x08000333   Thumb Code     0  startup_stm32f446xx.o(.text)
    TIM1_BRK_TIM9_IRQHandler                 0x08000333   Thumb Code     0  startup_stm32f446xx.o(.text)
    TIM1_CC_IRQHandler                       0x08000333   Thumb Code     0  startup_stm32f446xx.o(.text)
    TIM1_TRG_COM_TIM11_IRQHandler            0x08000333   Thumb Code     0  startup_stm32f446xx.o(.text)
    TIM1_UP_TIM10_IRQHandler                 0x08000333   Thumb Code     0  startup_stm32f446xx.o(.text)
    TIM2_IRQHandler                          0x08000333   Thumb Code     0  startup_stm32f446xx.o(.text)
    TIM3_IRQHandler                          0x08000333   Thumb Code     0  startup_stm32f446xx.o(.text)
    TIM4_IRQHandler                          0x08000333   Thumb Code     0  startup_stm32f446xx.o(.text)
    TIM5_IRQHandler                          0x08000333   Thumb Code     0  startup_stm32f446xx.o(.text)
    TIM6_DAC_IRQHandler                      0x08000333   Thumb Code     0  startup_stm32f446xx.o(.text)
    TIM7_IRQHandler                          0x08000333   Thumb Code     0  startup_stm32f446xx.o(.text)
    TIM8_BRK_TIM12_IRQHandler                0x08000333   Thumb Code     0  startup_stm32f446xx.o(.text)
    TIM8_CC_IRQHandler                       0x08000333   Thumb Code     0  startup_stm32f446xx.o(.text)
    TIM8_TRG_COM_TIM14_IRQHandler            0x08000333   Thumb Code     0  startup_stm32f446xx.o(.text)
    TIM8_UP_TIM13_IRQHandler                 0x08000333   Thumb Code     0  startup_stm32f446xx.o(.text)
    UART4_IRQHandler                         0x08000333   Thumb Code     0  startup_stm32f446xx.o(.text)
    UART5_IRQHandler                         0x08000333   Thumb Code     0  startup_stm32f446xx.o(.text)
    USART1_IRQHandler                        0x08000333   Thumb Code     0  startup_stm32f446xx.o(.text)
    USART2_IRQHandler                        0x08000333   Thumb Code     0  startup_stm32f446xx.o(.text)
    USART3_IRQHandler                        0x08000333   Thumb Code     0  startup_stm32f446xx.o(.text)
    USART6_IRQHandler                        0x08000333   Thumb Code     0  startup_stm32f446xx.o(.text)
    WWDG_IRQHandler                          0x08000333   Thumb Code     0  startup_stm32f446xx.o(.text)
    malloc                                   0x0800033d   Thumb Code    94  h1_alloc.o(.text)
    free                                     0x0800039b   Thumb Code    78  h1_free.o(.text)
    vsprintf                                 0x080003e9   Thumb Code    32  vsprintf.o(.text)
    __0sscanf                                0x0800040d   Thumb Code    52  __0sscanf.o(.text)
    _scanf_int                               0x08000449   Thumb Code   332  _scanf_int.o(.text)
    _do_fflush                               0x08000595   Thumb Code    54  fflush.o(.text)
    fflush                                   0x080005cb   Thumb Code    42  fflush.o(.text)
    strlen                                   0x080005f9   Thumb Code    62  strlen.o(.text)
    strncmp                                  0x08000637   Thumb Code   150  strncmp.o(.text)
    __aeabi_memcpy4                          0x080006cd   Thumb Code     0  rt_memcpy_w.o(.text)
    __aeabi_memcpy8                          0x080006cd   Thumb Code     0  rt_memcpy_w.o(.text)
    __rt_memcpy_w                            0x080006cd   Thumb Code   100  rt_memcpy_w.o(.text)
    _memcpy_lastbytes_aligned                0x08000715   Thumb Code     0  rt_memcpy_w.o(.text)
    __aeabi_memclr4                          0x08000731   Thumb Code     0  rt_memclr_w.o(.text)
    __aeabi_memclr8                          0x08000731   Thumb Code     0  rt_memclr_w.o(.text)
    __rt_memclr_w                            0x08000731   Thumb Code    78  rt_memclr_w.o(.text)
    _memset_w                                0x08000735   Thumb Code     0  rt_memclr_w.o(.text)
    strcmp                                   0x08000781   Thumb Code   128  strcmpv7m.o(.text)
    __cpp_initialize__aeabi_                 0x08000801   Thumb Code    26  init_aeabi.o(.text)
    __rt_heap_descriptor                     0x08000825   Thumb Code     8  rt_heap_descriptor.o(.text)
    __use_no_heap                            0x0800082d   Thumb Code     2  hguard.o(.text)
    __heap$guard                             0x0800082f   Thumb Code     2  hguard.o(.text)
    _terminate_user_alloc                    0x08000831   Thumb Code     2  init_alloc.o(.text)
    _init_user_alloc                         0x08000833   Thumb Code     2  init_alloc.o(.text)
    __Heap_Full                              0x08000835   Thumb Code    34  init_alloc.o(.text)
    __Heap_Broken                            0x08000857   Thumb Code     6  init_alloc.o(.text)
    _init_alloc                              0x0800085d   Thumb Code    94  init_alloc.o(.text)
    __Heap_Initialize                        0x080008bb   Thumb Code    10  h1_init.o(.text)
    __Heap_DescSize                          0x080008c5   Thumb Code     4  h1_init.o(.text)
    _printf_pre_padding                      0x080008c9   Thumb Code    44  _printf_pad.o(.text)
    _printf_post_padding                     0x080008f5   Thumb Code    34  _printf_pad.o(.text)
    _printf_truncate_signed                  0x08000917   Thumb Code    18  _printf_truncate.o(.text)
    _printf_truncate_unsigned                0x08000929   Thumb Code    18  _printf_truncate.o(.text)
    _printf_str                              0x0800093b   Thumb Code    82  _printf_str.o(.text)
    _printf_int_dec                          0x0800098d   Thumb Code   104  _printf_dec.o(.text)
    _printf_charcount                        0x08000a05   Thumb Code    40  _printf_charcount.o(.text)
    _printf_char_common                      0x08000a37   Thumb Code    32  _printf_char_common.o(.text)
    _sputc                                   0x08000a5d   Thumb Code    10  _sputc.o(.text)
    _printf_wctomb                           0x08000a69   Thumb Code   182  _printf_wctomb.o(.text)
    _printf_longlong_dec                     0x08000b25   Thumb Code   108  _printf_longlong_dec.o(.text)
    _printf_longlong_oct                     0x08000ba1   Thumb Code    68  _printf_oct_int_ll.o(.text)
    _printf_int_oct                          0x08000be5   Thumb Code    24  _printf_oct_int_ll.o(.text)
    _printf_ll_oct                           0x08000bfd   Thumb Code    12  _printf_oct_int_ll.o(.text)
    _printf_longlong_hex                     0x08000c11   Thumb Code    86  _printf_hex_int_ll_ptr.o(.text)
    _printf_int_hex                          0x08000c67   Thumb Code    28  _printf_hex_int_ll_ptr.o(.text)
    _printf_ll_hex                           0x08000c83   Thumb Code    12  _printf_hex_int_ll_ptr.o(.text)
    _printf_hex_ptr                          0x08000c8f   Thumb Code    18  _printf_hex_int_ll_ptr.o(.text)
    __printf                                 0x08000ca5   Thumb Code   388  __printf_flags_ss_wp.o(.text)
    _chval                                   0x08000e2d   Thumb Code    28  _chval.o(.text)
    __vfscanf_char                           0x08000e55   Thumb Code    24  scanf_char.o(.text)
    _sgetc                                   0x08000e75   Thumb Code    30  _sgetc.o(.text)
    _sbackspace                              0x08000e93   Thumb Code    34  _sgetc.o(.text)
    _fseek                                   0x08000eb5   Thumb Code   242  fseek.o(.text)
    fseek                                    0x08000eb5   Thumb Code     0  fseek.o(.text)
    setvbuf                                  0x08000fad   Thumb Code    70  setvbuf.o(.text)
    _seterr                                  0x08000ff5   Thumb Code    20  stdio.o(.text)
    _writebuf                                0x08001009   Thumb Code    84  stdio.o(.text)
    _fflush                                  0x0800105d   Thumb Code    70  stdio.o(.text)
    _deferredlazyseek                        0x080010a3   Thumb Code    60  stdio.o(.text)
    _initio                                  0x080010e5   Thumb Code   210  initio.o(.text)
    _terminateio                             0x080011b7   Thumb Code    56  initio.o(.text)
    __Heap_ProvideMemory                     0x0800121d   Thumb Code    52  h1_extend.o(.text)
    _ll_udiv10                               0x08001251   Thumb Code   138  lludiv10.o(.text)
    isspace                                  0x080012db   Thumb Code    18  isspace.o(.text)
    _printf_int_common                       0x080012ed   Thumb Code   178  _printf_intcommon.o(.text)
    __lib_sel_fp_printf                      0x0800139f   Thumb Code     2  _printf_fp_dec.o(.text)
    _printf_fp_dec_real                      0x0800154d   Thumb Code   620  _printf_fp_dec.o(.text)
    _printf_fp_hex_real                      0x080017b9   Thumb Code   756  _printf_fp_hex.o(.text)
    _printf_cs_common                        0x08001ab5   Thumb Code    20  _printf_char.o(.text)
    _printf_char                             0x08001ac9   Thumb Code    16  _printf_char.o(.text)
    _printf_string                           0x08001ad9   Thumb Code     8  _printf_char.o(.text)
    _printf_lcs_common                       0x08001ae1   Thumb Code    20  _printf_wchar.o(.text)
    _printf_wchar                            0x08001af5   Thumb Code    16  _printf_wchar.o(.text)
    _printf_wstring                          0x08001b05   Thumb Code     8  _printf_wchar.o(.text)
    __vfscanf                                0x08001b0d   Thumb Code   878  _scanf.o(.text)
    _ftell_internal                          0x08001e81   Thumb Code    66  ftell.o(.text)
    ftell                                    0x08001e81   Thumb Code     0  ftell.o(.text)
    freopen                                  0x08001ec5   Thumb Code   158  fopen.o(.text)
    fopen                                    0x08001f63   Thumb Code    74  fopen.o(.text)
    _fclose_internal                         0x08001fb1   Thumb Code    76  fclose.o(.text)
    fclose                                   0x08001fb1   Thumb Code     0  fclose.o(.text)
    _wcrtomb                                 0x08001ffd   Thumb Code    64  _wcrtomb.o(.text)
    __sig_exit                               0x0800203d   Thumb Code    10  defsig_exit.o(.text)
    __rt_SIGRTRED                            0x08002047   Thumb Code    14  defsig_rtred_outer.o(.text)
    __rt_SIGRTMEM                            0x08002055   Thumb Code    14  defsig_rtmem_outer.o(.text)
    __rt_heap_escrow                         0x08002065   Thumb Code    22  heapauxa.o(.text)
    __rt_heap_expand                         0x0800207b   Thumb Code    52  heapauxa.o(.text)
    _sys_exit                                0x080020b5   Thumb Code     8  sys_exit.o(.text)
    __rt_ctype_table                         0x080020c1   Thumb Code    16  rt_ctype_table.o(.text)
    __rt_locale                              0x080020d1   Thumb Code     8  rt_locale.o(.text)
    __aeabi_errno_addr                       0x080020d9   Thumb Code     8  rt_errno_addr.o(.text)
    __errno                                  0x080020d9   Thumb Code     0  rt_errno_addr.o(.text)
    __rt_errno_addr                          0x080020d9   Thumb Code     0  rt_errno_addr.o(.text)
    _printf_fp_infnan                        0x080020e1   Thumb Code   112  _printf_fp_infnan.o(.text)
    _btod_etento                             0x08002161   Thumb Code   216  bigflt0.o(.text)
    __default_signal_display                 0x0800223d   Thumb Code    50  defsig_general.o(.text)
    __rt_SIGRTRED_inner                      0x08002271   Thumb Code    14  defsig_rtred_inner.o(.text)
    __rt_SIGRTMEM_inner                      0x080022a5   Thumb Code    22  defsig_rtmem_inner.o(.text)
    _ttywrch                                 0x080022f5   Thumb Code    14  sys_wrch.o(.text)
    __I$use$semihosting                      0x08002303   Thumb Code     0  use_no_semi.o(.text)
    __use_no_semihosting_swi                 0x08002303   Thumb Code     2  use_no_semi.o(.text)
    __semihosting_library_function           0x08002305   Thumb Code     0  indicate_semi.o(.text)
    _btod_d2e                                0x08002305   Thumb Code    62  btod.o(CL$$btod_d2e)
    _d2e_denorm_low                          0x08002343   Thumb Code    70  btod.o(CL$$btod_d2e_denorm_low)
    _d2e_norm_op1                            0x08002389   Thumb Code    96  btod.o(CL$$btod_d2e_norm_op1)
    __btod_div_common                        0x080023e9   Thumb Code   696  btod.o(CL$$btod_div_common)
    _e2e                                     0x08002721   Thumb Code   198  btod.o(CL$$btod_e2e)
    _btod_ediv                               0x080027e7   Thumb Code    40  btod.o(CL$$btod_ediv)
    _btod_emul                               0x0800280f   Thumb Code    40  btod.o(CL$$btod_emul)
    __btod_mult_common                       0x08002837   Thumb Code   580  btod.o(CL$$btod_mult_common)
    main                                     0x08002a7b   Thumb Code    14  retarget.o(i.$Sub$$main)
    CAN1_RX0_IRQHandler                      0x08002a89   Thumb Code     8  can_api.o(i.CAN1_RX0_IRQHandler)
    CAN1_SCE_IRQHandler                      0x08002a95   Thumb Code     8  can_api.o(i.CAN1_SCE_IRQHandler)
    CAN1_TX_IRQHandler                       0x08002aa1   Thumb Code     8  can_api.o(i.CAN1_TX_IRQHandler)
    CAN2_RX0_IRQHandler                      0x08002aad   Thumb Code     8  can_api.o(i.CAN2_RX0_IRQHandler)
    CAN2_SCE_IRQHandler                      0x08002ab9   Thumb Code     8  can_api.o(i.CAN2_SCE_IRQHandler)
    CAN2_TX_IRQHandler                       0x08002ac5   Thumb Code     8  can_api.o(i.CAN2_TX_IRQHandler)
    HAL_GPIO_Init                            0x08002ad1   Thumb Code   534  stm32f4xx_hal_gpio.o(i.HAL_GPIO_Init)
    HAL_GetTick                              0x08002cfd   Thumb Code     6  stm32f4xx_hal.o(i.HAL_GetTick)
    HAL_IncTick                              0x08002d09   Thumb Code    10  stm32f4xx_hal.o(i.HAL_IncTick)
    HAL_Init                                 0x08002d19   Thumb Code    48  stm32f4xx_hal.o(i.HAL_Init)
    HAL_InitTick                             0x08002d4d   Thumb Code   162  hal_tick.o(i.HAL_InitTick)
    HAL_MspInit                              0x08002e11   Thumb Code     2  stm32f4xx_hal_msp_template.o(i.HAL_MspInit)
    HAL_NVIC_SetPriorityGrouping             0x08002e15   Thumb Code    30  stm32f4xx_hal_cortex.o(i.HAL_NVIC_SetPriorityGrouping)
    HAL_PWREx_EnableOverDrive                0x08002e39   Thumb Code   148  stm32f4xx_hal_pwr_ex.o(i.HAL_PWREx_EnableOverDrive)
    HAL_RCCEx_PeriphCLKConfig                0x08002ed5   Thumb Code  1516  stm32f4xx_hal_rcc_ex.o(i.HAL_RCCEx_PeriphCLKConfig)
    HAL_RCC_ClockConfig                      0x080034cd   Thumb Code   388  stm32f4xx_hal_rcc.o(i.HAL_RCC_ClockConfig)
    HAL_RCC_GetClockConfig                   0x08003665   Thumb Code    54  stm32f4xx_hal_rcc.o(i.HAL_RCC_GetClockConfig)
    HAL_RCC_GetPCLK1Freq                     0x080036a5   Thumb Code    34  stm32f4xx_hal_rcc.o(i.HAL_RCC_GetPCLK1Freq)
    HAL_RCC_GetPCLK2Freq                     0x080036d5   Thumb Code    34  stm32f4xx_hal_rcc.o(i.HAL_RCC_GetPCLK2Freq)
    HAL_RCC_GetSysClockFreq                  0x08003705   Thumb Code   232  stm32f4xx_hal_rcc_ex.o(i.HAL_RCC_GetSysClockFreq)
    HAL_RCC_MCOConfig                        0x080037fd   Thumb Code   132  stm32f4xx_hal_rcc.o(i.HAL_RCC_MCOConfig)
    HAL_RCC_OscConfig                        0x08003891   Thumb Code   894  stm32f4xx_hal_rcc_ex.o(i.HAL_RCC_OscConfig)
    HAL_TIM_OC_Init                          0x08003c35   Thumb Code    54  stm32f4xx_hal_tim.o(i.HAL_TIM_OC_Init)
    HAL_TIM_OC_MspInit                       0x08003c6b   Thumb Code     2  stm32f4xx_hal_tim.o(i.HAL_TIM_OC_MspInit)
    HAL_TIM_OC_Start                         0x08003c6d   Thumb Code    64  stm32f4xx_hal_tim.o(i.HAL_TIM_OC_Start)
    HAL_UART_Init                            0x08003cad   Thumb Code    98  stm32f4xx_hal_uart.o(i.HAL_UART_Init)
    HAL_UART_MspInit                         0x08003d0f   Thumb Code     2  stm32f4xx_hal_uart.o(i.HAL_UART_MspInit)
    SetSysClock                              0x08003d11   Thumb Code   152  system_stm32f4xx.o(i.SetSysClock)
    SetSysClock_PLL_HSE                      0x08003db1   Thumb Code   190  system_stm32f4xx.o(i.SetSysClock_PLL_HSE)
    Set_GPIO_Clock                           0x08003e79   Thumb Code   178  pinmap.o(i.Set_GPIO_Clock)
    SystemCoreClockUpdate                    0x08003f75   Thumb Code   112  system_stm32f4xx.o(i.SystemCoreClockUpdate)
    SystemInit                               0x08003ff9   Thumb Code    98  system_stm32f4xx.o(i.SystemInit)
    TIM_Base_SetConfig                       0x08004081   Thumb Code   172  stm32f4xx_hal_tim.o(i.TIM_Base_SetConfig)
    mbed::FileBase::getPathType()            0x08004485   Thumb Code     4  FileBase.o(i._ZN4mbed8FileBase11getPathTypeEv)
    mbed::FileBase::lookup(const char*, unsigned) 0x08004489   Thumb Code    90  FileBase.o(i._ZN4mbed8FileBase6lookupEPKcj)
    mbed::FilePath::fileSystem()             0x080044f5   Thumb Code    24  FilePath.o(i._ZN4mbed8FilePath10fileSystemEv)
    mbed::FilePath::file()                   0x0800450d   Thumb Code    28  FilePath.o(i._ZN4mbed8FilePath4fileEv)
    mbed::FilePath::exists()                 0x08004529   Thumb Code    10  FilePath.o(i._ZN4mbed8FilePath6existsEv)
    mbed::FilePath::isFile()                 0x08004533   Thumb Code    24  FilePath.o(i._ZN4mbed8FilePath6isFileEv)
    mbed::FilePath::fileName()               0x0800454b   Thumb Code     4  FilePath.o(i._ZN4mbed8FilePath8fileNameEv)
    mbed::FilePath::FilePath(const char*)    0x0800454f   Thumb Code    64  FilePath.o(i._ZN4mbed8FilePathC1EPKc)
    mbed::FilePath::FilePath__sub_object(const char*) 0x0800454f   Thumb Code     0  FilePath.o(i._ZN4mbed8FilePathC1EPKc)
    __ARM_fpclassify                         0x0800458f   Thumb Code    48  fpclassify.o(i.__ARM_fpclassify)
    __NVIC_SetVector                         0x080045c1   Thumb Code    48  cmsis_nvic.o(i.__NVIC_SetVector)
    __user_setup_stackheap                   0x0800460d   Thumb Code    10  sys.o(i.__user_setup_stackheap)
    _is_digit                                0x0800461d   Thumb Code    14  __printf_wp.o(i._is_digit)
    _platform_post_stackheap_init            0x0800462b   Thumb Code     8  retarget.o(i._platform_post_stackheap_init)
    _sys_close                               0x08004635   Thumb Code    40  retarget.o(i._sys_close)
    _sys_flen                                0x08004661   Thumb Code    34  retarget.o(i._sys_flen)
    _sys_istty                               0x08004689   Thumb Code    34  retarget.o(i._sys_istty)
    _sys_open                                0x080046b1   Thumb Code   436  retarget.o(i._sys_open)
    _sys_seek                                0x0800488d   Thumb Code    36  retarget.o(i._sys_seek)
    _sys_write                               0x080048b5   Thumb Code    92  retarget.o(i._sys_write)
    core_util_critical_section_enter         0x08004a1d   Thumb Code    70  mbed_critical.o(i.core_util_critical_section_enter)
    core_util_critical_section_exit          0x08004aa9   Thumb Code    60  mbed_critical.o(i.core_util_critical_section_exit)
    error                                    0x08004b01   Thumb Code    18  mbed_error.o(i.error)
    exit                                     0x08004b15   Thumb Code    24  retarget.o(i.exit)
    gpio_dir                                 0x08004b35   Thumb Code    54  gpio_api.o(i.gpio_dir)
    gpio_init                                0x08004b89   Thumb Code    58  gpio_api.o(i.gpio_init)
    gpio_init_out                            0x08004bc5   Thumb Code    68  mbed_gpio.o(i.gpio_init_out)
    gpio_init_out_ex                         0x08004c11   Thumb Code    80  mbed_gpio.o(i.gpio_init_out_ex)
    gpio_mode                                0x08004c7d   Thumb Code     8  gpio_api.o(i.gpio_mode)
    $Super$$main                             0x08004d05   Thumb Code    84  main.o(i.main)
    mbed_assert_internal                     0x08004d7d   Thumb Code    32  mbed_assert.o(i.mbed_assert_internal)
    mbed_die                                 0x08004dd1   Thumb Code    84  mbed_board.o(i.mbed_die)
    mbed_error_printf                        0x08004e41   Thumb Code    74  mbed_board.o(i.mbed_error_printf)
    mbed_error_vfprintf                      0x08004e95   Thumb Code    68  mbed_board.o(i.mbed_error_vfprintf)
    mbed_main                                0x08004ee1   Thumb Code     2  retarget.o(i.mbed_main)
    mbed_sdk_init                            0x08004ee3   Thumb Code    14  mbed_overrides.o(i.mbed_sdk_init)
    pin_function                             0x08004ef1   Thumb Code    80  pinmap.o(i.pin_function)
    pin_mode                                 0x08004f5d   Thumb Code    64  pinmap.o(i.pin_mode)
    pinmap_merge                             0x08004fb5   Thumb Code    38  mbed_pinmap_common.o(i.pinmap_merge)
    pinmap_peripheral                        0x08004ff1   Thumb Code    62  mbed_pinmap_common.o(i.pinmap_peripheral)
    pinmap_pinout                            0x08005051   Thumb Code    72  mbed_pinmap_common.o(i.pinmap_pinout)
    serial_baud                              0x080050ad   Thumb Code     6  serial_api.o(i.serial_baud)
    serial_init                              0x080050b5   Thumb Code   440  serial_api.o(i.serial_init)
    serial_putc                              0x080052b1   Thumb Code    30  serial_api.o(i.serial_putc)
    ticker_irq_handler                       0x080052d5   Thumb Code    78  mbed_ticker_api.o(i.ticker_irq_handler)
    timer_irq_handler                        0x08005325   Thumb Code    90  hal_tick.o(i.timer_irq_handler)
    us_ticker_clear_interrupt                0x08005389   Thumb Code    12  us_ticker.o(i.us_ticker_clear_interrupt)
    us_ticker_disable_interrupt              0x08005399   Thumb Code    14  us_ticker.o(i.us_ticker_disable_interrupt)
    us_ticker_init                           0x080053ad   Thumb Code    26  us_ticker.o(i.us_ticker_init)
    us_ticker_irq_handler                    0x080053d5   Thumb Code     6  mbed_us_ticker_api.o(i.us_ticker_irq_handler)
    us_ticker_read                           0x080053e1   Thumb Code    30  us_ticker.o(i.us_ticker_read)
    us_ticker_set_interrupt                  0x08005411   Thumb Code    16  us_ticker.o(i.us_ticker_set_interrupt)
    wait                                     0x08005425   Thumb Code    36  mbed_wait_api_no_rtos.o(i.wait)
    wait_ms                                  0x0800544d   Thumb Code    28  mbed_wait_api_no_rtos.o(i.wait_ms)
    _get_lc_numeric                          0x08005469   Thumb Code    44  lc_numeric_c.o(locale$$code)
    _get_lc_ctype                            0x08005495   Thumb Code    44  lc_ctype_c.o(locale$$code)
    SingletonPtr<PlatformMutex>::operator ->() 0x080054c1   Thumb Code    36  FileBase.o(t._ZN12SingletonPtrI13PlatformMutexEptEv)
    _fp_init                                 0x080054ed   Thumb Code    10  fpinit.o(x$fpl$fpinit)
    __fplib_config_fpu_vfp                   0x080054f5   Thumb Code     0  fpinit.o(x$fpl$fpinit)
    __fplib_config_pureend_doubles           0x080054f5   Thumb Code     0  fpinit.o(x$fpl$fpinit)
    _printf_fp_dec                           0x080054f7   Thumb Code     4  printf1.o(x$fpl$printf1)
    _printf_fp_hex                           0x080054fb   Thumb Code     4  printf2.o(x$fpl$printf2)
    __I$use$fp                               0x080054fe   Number         0  usenofp.o(x$fpl$usenofp)
    PinMap_UART_TX                           0x08005500   Data         108  PeripheralPins.o(.constdata)
    PinMap_UART_RX                           0x0800556c   Data         108  PeripheralPins.o(.constdata)
    __stdin_name                             0x0800560c   Data           7  retarget.o(.constdata)
    __stdout_name                            0x08005613   Data           8  retarget.o(.constdata)
    __stderr_name                            0x0800561b   Data           8  retarget.o(.constdata)
    APBAHBPrescTable                         0x08005623   Data          16  stm32f4xx_hal_rcc.o(.constdata)
    AHBPrescTable                            0x08005633   Data          16  system_stm32f4xx.o(.constdata)
    SingletonPtr<PlatformMutex>::get()::string 0x0800575c   Data          20  retarget.o(.constdata__ZZN12SingletonPtrI13PlatformMutexE3getEvEs)
    SingletonPtr<PlatformMutex>::get()::string (instance 2) 0x08005770   Data          78  retarget.o(.constdata__ZZN12SingletonPtrI13PlatformMutexE3getEvEs_0)
    Region$$Table$$Base                      0x080059c8   Number         0  anon$$obj.o(Region$$Table)
    Region$$Table$$Limit                     0x080059e8   Number         0  anon$$obj.o(Region$$Table)
    __ctype                                  0x08005a11   Data           0  lc_ctype_c.o(locale$$data)
    SHT$$INIT_ARRAY$$Base                    0x08005b14   Number         0  main.o(.init_array)
    SHT$$INIT_ARRAY$$Limit                   0x08005b18   Number         0  init_aeabi.o(.init_array)
    PreviousVal                              0x200001d0   Data           4  hal_tick.o(.data)
    stdio_uart_inited                        0x200001dc   Data           4  serial_api.o(.data)
    uwTick                                   0x200001e4   Data           4  stm32f4xx_hal.o(.data)
    SystemCoreClock                          0x200001e8   Data           4  system_stm32f4xx.o(.data)
    mbed::FileBase::_head                    0x20000200   Data           4  FileBase.o(.data)
    mbed::FileBase::_mutex                   0x20000204   Data           8  FileBase.o(.data)
    __aeabi_stdin                            0x2000020c   Data           4  stdio_streams.o(.data)
    __aeabi_stdout                           0x20000210   Data           4  stdio_streams.o(.data)
    __aeabi_stderr                           0x20000214   Data           4  stdio_streams.o(.data)
    myled                                    0x2000021c   Data          16  main.o(.bss)
    TimMasterHandle                          0x2000026c   Data          60  hal_tick.o(.bss)
    stdio_uart                               0x20000508   Data          76  serial_api.o(.bss)
    __stdin                                  0x20000590   Data          84  stdio_streams.o(.bss)
    __stdout                                 0x200005e4   Data          84  stdio_streams.o(.bss)
    __stderr                                 0x20000638   Data          84  stdio_streams.o(.bss)
    Image$$RW_IRAM1$$ZI$$Limit               0x200006a8   Number         0  anon$$obj.o ABSOLUTE



==============================================================================

Memory Map of the image

  Image Entry point : 0x080001c5

  Load Region LR_IROM1 (Base: 0x08000000, Size: 0x00005b70, Max: 0x00080000, ABSOLUTE)

    Execution Region ER_IROM1 (Base: 0x08000000, Size: 0x00005b18, Max: 0x00080000, ABSOLUTE)

    Base Addr    Size         Type   Attr      Idx    E Section Name        Object

    0x08000000   0x000001c4   Data   RO         1169    RESET               startup_stm32f446xx.o
    0x080001c4   0x00000008   Code   RO         4337  * !!!main             c_w.l(__main.o)
    0x080001cc   0x00000034   Code   RO         4926    !!!scatter          c_w.l(__scatter.o)
    0x08000200   0x0000001a   Code   RO         4928    !!handler_copy      c_w.l(__scatter_copy.o)
    0x0800021a   0x00000002   PAD
    0x0800021c   0x0000001c   Code   RO         4930    !!handler_zi        c_w.l(__scatter_zi.o)
    0x08000238   0x00000000   Code   RO         4575    .ARM.Collect$$_printf_percent$$00000000  c_w.l(_printf_percent.o)
    0x08000238   0x00000006   Code   RO         4564    .ARM.Collect$$_printf_percent$$00000001  c_w.l(_printf_n.o)
    0x0800023e   0x00000006   Code   RO         4566    .ARM.Collect$$_printf_percent$$00000002  c_w.l(_printf_p.o)
    0x08000244   0x00000006   Code   RO         4571    .ARM.Collect$$_printf_percent$$00000003  c_w.l(_printf_f.o)
    0x0800024a   0x00000006   Code   RO         4572    .ARM.Collect$$_printf_percent$$00000004  c_w.l(_printf_e.o)
    0x08000250   0x00000006   Code   RO         4573    .ARM.Collect$$_printf_percent$$00000005  c_w.l(_printf_g.o)
    0x08000256   0x00000006   Code   RO         4574    .ARM.Collect$$_printf_percent$$00000006  c_w.l(_printf_a.o)
    0x0800025c   0x0000000a   Code   RO         4579    .ARM.Collect$$_printf_percent$$00000007  c_w.l(_printf_ll.o)
    0x08000266   0x00000006   Code   RO         4568    .ARM.Collect$$_printf_percent$$00000008  c_w.l(_printf_i.o)
    0x0800026c   0x00000006   Code   RO         4569    .ARM.Collect$$_printf_percent$$00000009  c_w.l(_printf_d.o)
    0x08000272   0x00000006   Code   RO         4570    .ARM.Collect$$_printf_percent$$0000000A  c_w.l(_printf_u.o)
    0x08000278   0x00000006   Code   RO         4567    .ARM.Collect$$_printf_percent$$0000000B  c_w.l(_printf_o.o)
    0x0800027e   0x00000006   Code   RO         4565    .ARM.Collect$$_printf_percent$$0000000C  c_w.l(_printf_x.o)
    0x08000284   0x00000006   Code   RO         4576    .ARM.Collect$$_printf_percent$$0000000D  c_w.l(_printf_lli.o)
    0x0800028a   0x00000006   Code   RO         4577    .ARM.Collect$$_printf_percent$$0000000E  c_w.l(_printf_lld.o)
    0x08000290   0x00000006   Code   RO         4578    .ARM.Collect$$_printf_percent$$0000000F  c_w.l(_printf_llu.o)
    0x08000296   0x00000006   Code   RO         4583    .ARM.Collect$$_printf_percent$$00000010  c_w.l(_printf_llo.o)
    0x0800029c   0x00000006   Code   RO         4584    .ARM.Collect$$_printf_percent$$00000011  c_w.l(_printf_llx.o)
    0x080002a2   0x0000000a   Code   RO         4580    .ARM.Collect$$_printf_percent$$00000012  c_w.l(_printf_l.o)
    0x080002ac   0x00000006   Code   RO         4562    .ARM.Collect$$_printf_percent$$00000013  c_w.l(_printf_c.o)
    0x080002b2   0x00000006   Code   RO         4563    .ARM.Collect$$_printf_percent$$00000014  c_w.l(_printf_s.o)
    0x080002b8   0x00000006   Code   RO         4581    .ARM.Collect$$_printf_percent$$00000015  c_w.l(_printf_lc.o)
    0x080002be   0x00000006   Code   RO         4582    .ARM.Collect$$_printf_percent$$00000016  c_w.l(_printf_ls.o)
    0x080002c4   0x00000004   Code   RO         4739    .ARM.Collect$$_printf_percent$$00000017  c_w.l(_printf_percent_end.o)
    0x080002c8   0x00000002   Code   RO         4886    .ARM.Collect$$libinit$$00000000  c_w.l(libinit.o)
    0x080002ca   0x00000004   Code   RO         4621    .ARM.Collect$$libinit$$00000001  c_w.l(libinit2.o)
    0x080002ce   0x00000000   Code   RO         4624    .ARM.Collect$$libinit$$00000004  c_w.l(libinit2.o)
    0x080002ce   0x00000008   Code   RO         4625    .ARM.Collect$$libinit$$00000005  c_w.l(libinit2.o)
    0x080002d6   0x00000000   Code   RO         4627    .ARM.Collect$$libinit$$0000000A  c_w.l(libinit2.o)
    0x080002d6   0x00000000   Code   RO         4629    .ARM.Collect$$libinit$$0000000C  c_w.l(libinit2.o)
    0x080002d6   0x00000000   Code   RO         4631    .ARM.Collect$$libinit$$0000000E  c_w.l(libinit2.o)
    0x080002d6   0x00000006   Code   RO         4632    .ARM.Collect$$libinit$$0000000F  c_w.l(libinit2.o)
    0x080002dc   0x00000000   Code   RO         4634    .ARM.Collect$$libinit$$00000011  c_w.l(libinit2.o)
    0x080002dc   0x0000000c   Code   RO         4635    .ARM.Collect$$libinit$$00000012  c_w.l(libinit2.o)
    0x080002e8   0x00000000   Code   RO         4636    .ARM.Collect$$libinit$$00000013  c_w.l(libinit2.o)
    0x080002e8   0x00000000   Code   RO         4638    .ARM.Collect$$libinit$$00000015  c_w.l(libinit2.o)
    0x080002e8   0x0000000a   Code   RO         4639    .ARM.Collect$$libinit$$00000016  c_w.l(libinit2.o)
    0x080002f2   0x00000000   Code   RO         4640    .ARM.Collect$$libinit$$00000017  c_w.l(libinit2.o)
    0x080002f2   0x00000000   Code   RO         4642    .ARM.Collect$$libinit$$00000019  c_w.l(libinit2.o)
    0x080002f2   0x00000000   Code   RO         4644    .ARM.Collect$$libinit$$0000001B  c_w.l(libinit2.o)
    0x080002f2   0x00000000   Code   RO         4646    .ARM.Collect$$libinit$$0000001D  c_w.l(libinit2.o)
    0x080002f2   0x00000000   Code   RO         4648    .ARM.Collect$$libinit$$0000001F  c_w.l(libinit2.o)
    0x080002f2   0x00000000   Code   RO         4650    .ARM.Collect$$libinit$$00000021  c_w.l(libinit2.o)
    0x080002f2   0x00000000   Code   RO         4652    .ARM.Collect$$libinit$$00000023  c_w.l(libinit2.o)
    0x080002f2   0x00000004   Code   RO         4653    .ARM.Collect$$libinit$$00000024  c_w.l(libinit2.o)
    0x080002f6   0x00000000   Code   RO         4654    .ARM.Collect$$libinit$$00000025  c_w.l(libinit2.o)
    0x080002f6   0x00000000   Code   RO         4658    .ARM.Collect$$libinit$$0000002C  c_w.l(libinit2.o)
    0x080002f6   0x00000000   Code   RO         4660    .ARM.Collect$$libinit$$0000002E  c_w.l(libinit2.o)
    0x080002f6   0x00000000   Code   RO         4662    .ARM.Collect$$libinit$$00000030  c_w.l(libinit2.o)
    0x080002f6   0x00000004   Code   RO         4663    .ARM.Collect$$libinit$$00000031  c_w.l(libinit2.o)
    0x080002fa   0x00000000   Code   RO         4664    .ARM.Collect$$libinit$$00000032  c_w.l(libinit2.o)
    0x080002fa   0x00000002   Code   RO         4665    .ARM.Collect$$libinit$$00000033  c_w.l(libinit2.o)
    0x080002fc   0x00000000   Code   RO         4788    .ARM.Collect$$libshutdown$$00000004  c_w.l(libshutdown2.o)
    0x080002fc   0x00000000   Code   RO         4468    .ARM.Collect$$rtentry$$00000000  c_w.l(__rtentry.o)
    0x080002fc   0x00000000   Code   RO         4698    .ARM.Collect$$rtentry$$00000002  c_w.l(__rtentry2.o)
    0x080002fc   0x00000006   Code   RO         4710    .ARM.Collect$$rtentry$$00000004  c_w.l(__rtentry4.o)
    0x08000302   0x00000008   Code   RO         4699    .ARM.Collect$$rtentry$$00000008  c_w.l(__rtentry2.o)
    0x0800030a   0x00000004   Code   RO         4701    .ARM.Collect$$rtentry$$0000000A  c_w.l(__rtentry2.o)
    0x0800030e   0x00000000   Code   RO         4703    .ARM.Collect$$rtentry$$0000000C  c_w.l(__rtentry2.o)
    0x0800030e   0x00000008   Code   RO         4704    .ARM.Collect$$rtentry$$0000000D  c_w.l(__rtentry2.o)
    0x08000316   0x00000002   PAD
    0x08000318   0x00000000   Code   RO         4716    .emb_text           c_w.l(maybetermalloc1.o)
    0x08000318   0x00000024   Code   RO         1170    .text               startup_stm32f446xx.o
    0x0800033c   0x0000005e   Code   RO         4234    .text               c_w.l(h1_alloc.o)
    0x0800039a   0x0000004e   Code   RO         4236    .text               c_w.l(h1_free.o)
    0x080003e8   0x00000024   Code   RO         4292    .text               c_w.l(vsprintf.o)
    0x0800040c   0x0000003c   Code   RO         4294    .text               c_w.l(__0sscanf.o)
    0x08000448   0x0000014c   Code   RO         4296    .text               c_w.l(_scanf_int.o)
    0x08000594   0x00000064   Code   RO         4298    .text               c_w.l(fflush.o)
    0x080005f8   0x0000003e   Code   RO         4318    .text               c_w.l(strlen.o)
    0x08000636   0x00000096   Code   RO         4320    .text               c_w.l(strncmp.o)
    0x080006cc   0x00000064   Code   RO         4322    .text               c_w.l(rt_memcpy_w.o)
    0x08000730   0x0000004e   Code   RO         4326    .text               c_w.l(rt_memclr_w.o)
    0x0800077e   0x00000002   PAD
    0x08000780   0x00000080   Code   RO         4330    .text               c_w.l(strcmpv7m.o)
    0x08000800   0x00000024   Code   RO         4342    .text               c_w.l(init_aeabi.o)
    0x08000824   0x00000008   Code   RO         4469    .text               c_w.l(rt_heap_descriptor.o)
    0x0800082c   0x00000004   Code   RO         4474    .text               c_w.l(hguard.o)
    0x08000830   0x0000008a   Code   RO         4476    .text               c_w.l(init_alloc.o)
    0x080008ba   0x0000000e   Code   RO         4480    .text               c_w.l(h1_init.o)
    0x080008c8   0x0000004e   Code   RO         4496    .text               c_w.l(_printf_pad.o)
    0x08000916   0x00000024   Code   RO         4498    .text               c_w.l(_printf_truncate.o)
    0x0800093a   0x00000052   Code   RO         4500    .text               c_w.l(_printf_str.o)
    0x0800098c   0x00000078   Code   RO         4502    .text               c_w.l(_printf_dec.o)
    0x08000a04   0x00000028   Code   RO         4504    .text               c_w.l(_printf_charcount.o)
    0x08000a2c   0x00000030   Code   RO         4506    .text               c_w.l(_printf_char_common.o)
    0x08000a5c   0x0000000a   Code   RO         4508    .text               c_w.l(_sputc.o)
    0x08000a66   0x00000002   PAD
    0x08000a68   0x000000bc   Code   RO         4510    .text               c_w.l(_printf_wctomb.o)
    0x08000b24   0x0000007c   Code   RO         4513    .text               c_w.l(_printf_longlong_dec.o)
    0x08000ba0   0x00000070   Code   RO         4519    .text               c_w.l(_printf_oct_int_ll.o)
    0x08000c10   0x00000094   Code   RO         4539    .text               c_w.l(_printf_hex_int_ll_ptr.o)
    0x08000ca4   0x00000188   Code   RO         4559    .text               c_w.l(__printf_flags_ss_wp.o)
    0x08000e2c   0x0000001c   Code   RO         4585    .text               c_w.l(_chval.o)
    0x08000e48   0x0000002c   Code   RO         4587    .text               c_w.l(scanf_char.o)
    0x08000e74   0x00000040   Code   RO         4589    .text               c_w.l(_sgetc.o)
    0x08000eb4   0x000000f8   Code   RO         4595    .text               c_w.l(fseek.o)
    0x08000fac   0x00000046   Code   RO         4597    .text               c_w.l(setvbuf.o)
    0x08000ff2   0x00000002   PAD
    0x08000ff4   0x000000f0   Code   RO         4599    .text               c_w.l(stdio.o)
    0x080010e4   0x00000138   Code   RO         4602    .text               c_w.l(initio.o)
    0x0800121c   0x00000034   Code   RO         4718    .text               c_w.l(h1_extend.o)
    0x08001250   0x0000008a   Code   RO         4722    .text               c_w.l(lludiv10.o)
    0x080012da   0x00000012   Code   RO         4724    .text               c_w.l(isspace.o)
    0x080012ec   0x000000b2   Code   RO         4726    .text               c_w.l(_printf_intcommon.o)
    0x0800139e   0x0000041a   Code   RO         4728    .text               c_w.l(_printf_fp_dec.o)
    0x080017b8   0x000002fc   Code   RO         4730    .text               c_w.l(_printf_fp_hex.o)
    0x08001ab4   0x0000002c   Code   RO         4735    .text               c_w.l(_printf_char.o)
    0x08001ae0   0x0000002c   Code   RO         4737    .text               c_w.l(_printf_wchar.o)
    0x08001b0c   0x00000374   Code   RO         4740    .text               c_w.l(_scanf.o)
    0x08001e80   0x00000042   Code   RO         4742    .text               c_w.l(ftell.o)
    0x08001ec2   0x00000002   PAD
    0x08001ec4   0x000000ec   Code   RO         4748    .text               c_w.l(fopen.o)
    0x08001fb0   0x0000004c   Code   RO         4750    .text               c_w.l(fclose.o)
    0x08001ffc   0x00000040   Code   RO         4764    .text               c_w.l(_wcrtomb.o)
    0x0800203c   0x0000000a   Code   RO         4766    .text               c_w.l(defsig_exit.o)
    0x08002046   0x0000000e   Code   RO         4768    .text               c_w.l(defsig_rtred_outer.o)
    0x08002054   0x0000000e   Code   RO         4772    .text               c_w.l(defsig_rtmem_outer.o)
    0x08002062   0x00000002   PAD
    0x08002064   0x00000050   Code   RO         4778    .text               c_w.l(heapauxa.o)
    0x080020b4   0x0000000c   Code   RO         4816    .text               c_w.l(sys_exit.o)
    0x080020c0   0x00000010   Code   RO         4818    .text               c_w.l(rt_ctype_table.o)
    0x080020d0   0x00000008   Code   RO         4820    .text               c_w.l(rt_locale.o)
    0x080020d8   0x00000008   Code   RO         4830    .text               c_w.l(rt_errno_addr.o)
    0x080020e0   0x00000080   Code   RO         4837    .text               c_w.l(_printf_fp_infnan.o)
    0x08002160   0x000000dc   Code   RO         4839    .text               c_w.l(bigflt0.o)
    0x0800223c   0x00000032   Code   RO         4871    .text               c_w.l(defsig_general.o)
    0x0800226e   0x00000002   PAD
    0x08002270   0x00000034   Code   RO         4873    .text               c_w.l(defsig_rtred_inner.o)
    0x080022a4   0x00000050   Code   RO         4875    .text               c_w.l(defsig_rtmem_inner.o)
    0x080022f4   0x0000000e   Code   RO         4894    .text               c_w.l(sys_wrch.o)
    0x08002302   0x00000002   Code   RO         4896    .text               c_w.l(use_no_semi.o)
    0x08002304   0x00000000   Code   RO         4898    .text               c_w.l(indicate_semi.o)
    0x08002304   0x0000003e   Code   RO         4842    CL$$btod_d2e        c_w.l(btod.o)
    0x08002342   0x00000046   Code   RO         4844    CL$$btod_d2e_denorm_low  c_w.l(btod.o)
    0x08002388   0x00000060   Code   RO         4843    CL$$btod_d2e_norm_op1  c_w.l(btod.o)
    0x080023e8   0x00000338   Code   RO         4852    CL$$btod_div_common  c_w.l(btod.o)
    0x08002720   0x000000c6   Code   RO         4849    CL$$btod_e2e        c_w.l(btod.o)
    0x080027e6   0x00000028   Code   RO         4846    CL$$btod_ediv       c_w.l(btod.o)
    0x0800280e   0x00000028   Code   RO         4845    CL$$btod_emul       c_w.l(btod.o)
    0x08002836   0x00000244   Code   RO         4851    CL$$btod_mult_common  c_w.l(btod.o)
    0x08002a7a   0x0000000e   Code   RO          894    i.$Sub$$main        retarget.o
    0x08002a88   0x0000000c   Code   RO          590    i.CAN1_RX0_IRQHandler  can_api.o
    0x08002a94   0x0000000c   Code   RO          591    i.CAN1_SCE_IRQHandler  can_api.o
    0x08002aa0   0x0000000c   Code   RO          592    i.CAN1_TX_IRQHandler  can_api.o
    0x08002aac   0x0000000c   Code   RO          593    i.CAN2_RX0_IRQHandler  can_api.o
    0x08002ab8   0x0000000c   Code   RO          594    i.CAN2_SCE_IRQHandler  can_api.o
    0x08002ac4   0x0000000c   Code   RO          595    i.CAN2_TX_IRQHandler  can_api.o
    0x08002ad0   0x0000022c   Code   RO         1885    i.HAL_GPIO_Init     stm32f4xx_hal_gpio.o
    0x08002cfc   0x0000000c   Code   RO         1188    i.HAL_GetTick       stm32f4xx_hal.o
    0x08002d08   0x00000010   Code   RO         1189    i.HAL_IncTick       stm32f4xx_hal.o
    0x08002d18   0x00000034   Code   RO         1190    i.HAL_Init          stm32f4xx_hal.o
    0x08002d4c   0x000000c4   Code   RO          701    i.HAL_InitTick      hal_tick.o
    0x08002e10   0x00000002   Code   RO         2253    i.HAL_MspInit       stm32f4xx_hal_msp_template.o
    0x08002e12   0x00000002   PAD
    0x08002e14   0x00000024   Code   RO         1402    i.HAL_NVIC_SetPriorityGrouping  stm32f4xx_hal_cortex.o
    0x08002e38   0x0000009c   Code   RO         2491    i.HAL_PWREx_EnableOverDrive  stm32f4xx_hal_pwr_ex.o
    0x08002ed4   0x000005f8   Code   RO         2634    i.HAL_RCCEx_PeriphCLKConfig  stm32f4xx_hal_rcc_ex.o
    0x080034cc   0x00000198   Code   RO         2598    i.HAL_RCC_ClockConfig  stm32f4xx_hal_rcc.o
    0x08003664   0x00000040   Code   RO         2602    i.HAL_RCC_GetClockConfig  stm32f4xx_hal_rcc.o
    0x080036a4   0x00000030   Code   RO         2605    i.HAL_RCC_GetPCLK1Freq  stm32f4xx_hal_rcc.o
    0x080036d4   0x00000030   Code   RO         2606    i.HAL_RCC_GetPCLK2Freq  stm32f4xx_hal_rcc.o
    0x08003704   0x000000f8   Code   RO         2638    i.HAL_RCC_GetSysClockFreq  stm32f4xx_hal_rcc_ex.o
    0x080037fc   0x00000094   Code   RO         2608    i.HAL_RCC_MCOConfig  stm32f4xx_hal_rcc.o
    0x08003890   0x000003a4   Code   RO         2639    i.HAL_RCC_OscConfig  stm32f4xx_hal_rcc_ex.o
    0x08003c34   0x00000036   Code   RO         3295    i.HAL_TIM_OC_Init   stm32f4xx_hal_tim.o
    0x08003c6a   0x00000002   Code   RO         3297    i.HAL_TIM_OC_MspInit  stm32f4xx_hal_tim.o
    0x08003c6c   0x00000040   Code   RO         3298    i.HAL_TIM_OC_Start  stm32f4xx_hal_tim.o
    0x08003cac   0x00000062   Code   RO         3538    i.HAL_UART_Init     stm32f4xx_hal_uart.o
    0x08003d0e   0x00000002   Code   RO         3540    i.HAL_UART_MspInit  stm32f4xx_hal_uart.o
    0x08003d10   0x000000a0   Code   RO         3916    i.SetSysClock       system_stm32f4xx.o
    0x08003db0   0x000000c8   Code   RO         3917    i.SetSysClock_PLL_HSE  system_stm32f4xx.o
    0x08003e78   0x000000fc   Code   RO          832    i.Set_GPIO_Clock    pinmap.o
    0x08003f74   0x00000084   Code   RO         3919    i.SystemCoreClockUpdate  system_stm32f4xx.o
    0x08003ff8   0x00000088   Code   RO         3920    i.SystemInit        system_stm32f4xx.o
    0x08004080   0x000000c0   Code   RO         3332    i.TIM_Base_SetConfig  stm32f4xx_hal_tim.o
    0x08004140   0x00000344   Code   RO         3557    i.UART_SetConfig    stm32f4xx_hal_uart.o
    0x08004484   0x00000004   Code   RO         4178    i._ZN4mbed8FileBase11getPathTypeEv  mbed.ar(FileBase.o)
    0x08004488   0x0000006c   Code   RO         4180    i._ZN4mbed8FileBase6lookupEPKcj  mbed.ar(FileBase.o)
    0x080044f4   0x00000018   Code   RO         3952    i._ZN4mbed8FilePath10fileSystemEv  mbed.ar(FilePath.o)
    0x0800450c   0x0000001c   Code   RO         3954    i._ZN4mbed8FilePath4fileEv  mbed.ar(FilePath.o)
    0x08004528   0x0000000a   Code   RO         3955    i._ZN4mbed8FilePath6existsEv  mbed.ar(FilePath.o)
    0x08004532   0x00000018   Code   RO         3956    i._ZN4mbed8FilePath6isFileEv  mbed.ar(FilePath.o)
    0x0800454a   0x00000004   Code   RO         3957    i._ZN4mbed8FilePath8fileNameEv  mbed.ar(FilePath.o)
    0x0800454e   0x00000040   Code   RO         3958    i._ZN4mbed8FilePathC1EPKc  mbed.ar(FilePath.o)
    0x0800458e   0x00000030   Code   RO         4892    i.__ARM_fpclassify  m_wm.l(fpclassify.o)
    0x080045be   0x00000002   PAD
    0x080045c0   0x00000034   Code   RO          643    i.__NVIC_SetVector  cmsis_nvic.o
    0x080045f4   0x00000018   Code   RO            4    i.__sti___8_main_cpp_myled  main.o
    0x0800460c   0x00000010   Code   RO         3910    i.__user_setup_stackheap  sys.o
    0x0800461c   0x0000000e   Code   RO         4552    i._is_digit         c_w.l(__printf_wp.o)
    0x0800462a   0x00000008   Code   RO          907    i._platform_post_stackheap_init  retarget.o
    0x08004632   0x00000002   PAD
    0x08004634   0x0000002c   Code   RO          908    i._sys_close        retarget.o
    0x08004660   0x00000028   Code   RO          911    i._sys_flen         retarget.o
    0x08004688   0x00000028   Code   RO          912    i._sys_istty        retarget.o
    0x080046b0   0x000001dc   Code   RO          913    i._sys_open         retarget.o
    0x0800488c   0x00000028   Code   RO          915    i._sys_seek         retarget.o
    0x080048b4   0x00000068   Code   RO          916    i._sys_write        retarget.o
    0x0800491c   0x00000100   Code   RO          600    i.can_irq           can_api.o
    0x08004a1c   0x0000008c   Code   RO         4141    i.core_util_critical_section_enter  mbed.ar(mbed_critical.o)
    0x08004aa8   0x00000058   Code   RO         4142    i.core_util_critical_section_exit  mbed.ar(mbed_critical.o)
    0x08004b00   0x00000012   Code   RO         4120    i.error             mbed.ar(mbed_error.o)
    0x08004b12   0x00000002   PAD
    0x08004b14   0x00000020   Code   RO          918    i.exit              retarget.o
    0x08004b34   0x00000054   Code   RO          652    i.gpio_dir          gpio_api.o
    0x08004b88   0x0000003a   Code   RO          653    i.gpio_init         gpio_api.o
    0x08004bc2   0x00000002   PAD
    0x08004bc4   0x0000004c   Code   RO         4054    i.gpio_init_out     mbed.ar(mbed_gpio.o)
    0x08004c10   0x0000006c   Code   RO         4055    i.gpio_init_out_ex  mbed.ar(mbed_gpio.o)
    0x08004c7c   0x00000008   Code   RO          654    i.gpio_mode         gpio_api.o
    0x08004c84   0x00000080   Code   RO         1083    i.init_uart         serial_api.o
    0x08004d04   0x00000078   Code   RO            5    i.main              main.o
    0x08004d7c   0x00000054   Code   RO         4112    i.mbed_assert_internal  mbed.ar(mbed_assert.o)
    0x08004dd0   0x00000070   Code   RO          788    i.mbed_die          mbed_board.o
    0x08004e40   0x00000054   Code   RO          789    i.mbed_error_printf  mbed_board.o
    0x08004e94   0x0000004c   Code   RO          790    i.mbed_error_vfprintf  mbed_board.o
    0x08004ee0   0x00000002   Code   RO          919    i.mbed_main         retarget.o
    0x08004ee2   0x0000000e   Code   RO          802    i.mbed_sdk_init     mbed_overrides.o
    0x08004ef0   0x0000006c   Code   RO          833    i.pin_function      pinmap.o
    0x08004f5c   0x00000058   Code   RO          835    i.pin_mode          pinmap.o
    0x08004fb4   0x0000003c   Code   RO         4084    i.pinmap_merge      mbed.ar(mbed_pinmap_common.o)
    0x08004ff0   0x00000060   Code   RO         4085    i.pinmap_peripheral  mbed.ar(mbed_pinmap_common.o)
    0x08005050   0x0000005c   Code   RO         4086    i.pinmap_pinout     mbed.ar(mbed_pinmap_common.o)
    0x080050ac   0x00000006   Code   RO         1084    i.serial_baud       serial_api.o
    0x080050b2   0x00000002   PAD
    0x080050b4   0x000001fc   Code   RO         1091    i.serial_init       serial_api.o
    0x080052b0   0x00000024   Code   RO         1096    i.serial_putc       serial_api.o
    0x080052d4   0x0000004e   Code   RO         4215    i.ticker_irq_handler  mbed.ar(mbed_ticker_api.o)
    0x08005322   0x00000002   PAD
    0x08005324   0x00000064   Code   RO          704    i.timer_irq_handler  hal_tick.o
    0x08005388   0x00000010   Code   RO         3934    i.us_ticker_clear_interrupt  us_ticker.o
    0x08005398   0x00000014   Code   RO         3935    i.us_ticker_disable_interrupt  us_ticker.o
    0x080053ac   0x00000028   Code   RO         3936    i.us_ticker_init    us_ticker.o
    0x080053d4   0x0000000c   Code   RO         4100    i.us_ticker_irq_handler  mbed.ar(mbed_us_ticker_api.o)
    0x080053e0   0x00000030   Code   RO         3937    i.us_ticker_read    us_ticker.o
    0x08005410   0x00000014   Code   RO         3938    i.us_ticker_set_interrupt  us_ticker.o
    0x08005424   0x00000028   Code   RO         4166    i.wait              mbed.ar(mbed_wait_api_no_rtos.o)
    0x0800544c   0x0000001c   Code   RO         4167    i.wait_ms           mbed.ar(mbed_wait_api_no_rtos.o)
    0x08005468   0x0000002c   Code   RO         4865    locale$$code        c_w.l(lc_numeric_c.o)
    0x08005494   0x0000002c   Code   RO         4904    locale$$code        c_w.l(lc_ctype_c.o)
    0x080054c0   0x0000002c   Code   RO         4205    t._ZN12SingletonPtrI13PlatformMutexEptEv  mbed.ar(FileBase.o)
    0x080054ec   0x0000000a   Code   RO         4814    x$fpl$fpinit        fz_wm.l(fpinit.o)
    0x080054f6   0x00000004   Code   RO         4685    x$fpl$printf1       fz_wm.l(printf1.o)
    0x080054fa   0x00000004   Code   RO         4687    x$fpl$printf2       fz_wm.l(printf2.o)
    0x080054fe   0x00000000   Code   RO         4693    x$fpl$usenofp       fz_wm.l(usenofp.o)
    0x080054fe   0x00000002   PAD
    0x08005500   0x0000006c   Data   RO          816    .constdata          PeripheralPins.o
    0x0800556c   0x0000006c   Data   RO          817    .constdata          PeripheralPins.o
    0x080055d8   0x00000034   Data   RO          836    .constdata          pinmap.o
    0x0800560c   0x00000017   Data   RO          969    .constdata          retarget.o
    0x08005623   0x00000010   Data   RO         2611    .constdata          stm32f4xx_hal_rcc.o
    0x08005633   0x00000010   Data   RO         3921    .constdata          system_stm32f4xx.o
    0x08005643   0x00000001   PAD
    0x08005644   0x00000014   Data   RO         4101    .constdata          mbed.ar(mbed_us_ticker_api.o)
    0x08005658   0x00000008   Data   RO         4102    .constdata          mbed.ar(mbed_us_ticker_api.o)
    0x08005660   0x00000008   Data   RO         4511    .constdata          c_w.l(_printf_wctomb.o)
    0x08005668   0x00000028   Data   RO         4540    .constdata          c_w.l(_printf_hex_int_ll_ptr.o)
    0x08005690   0x00000011   Data   RO         4560    .constdata          c_w.l(__printf_flags_ss_wp.o)
    0x080056a1   0x00000026   Data   RO         4731    .constdata          c_w.l(_printf_fp_hex.o)
    0x080056c7   0x00000001   PAD
    0x080056c8   0x00000094   Data   RO         4840    .constdata          c_w.l(bigflt0.o)
    0x0800575c   0x00000014   Data   RO         1032    .constdata__ZZN12SingletonPtrI13PlatformMutexE3getEvEs  retarget.o
    0x08005770   0x0000004e   Data   RO         1033    .constdata__ZZN12SingletonPtrI13PlatformMutexE3getEvEs_0  retarget.o
    0x080057be   0x00000002   PAD
    0x080057c0   0x00000042   Data   RO            9    .conststring        main.o
    0x08005802   0x00000002   PAD
    0x08005804   0x00000057   Data   RO          656    .conststring        gpio_api.o
    0x0800585b   0x00000001   PAD
    0x0800585c   0x00000073   Data   RO          791    .conststring        mbed_board.o
    0x080058cf   0x00000001   PAD
    0x080058d0   0x00000055   Data   RO          837    .conststring        pinmap.o
    0x08005925   0x00000003   PAD
    0x08005928   0x00000059   Data   RO         1114    .conststring        serial_api.o
    0x08005981   0x00000003   PAD
    0x08005984   0x00000043   Data   RO         4143    .conststring        mbed.ar(mbed_critical.o)
    0x080059c7   0x00000001   PAD
    0x080059c8   0x00000020   Data   RO         4924    Region$$Table       anon$$obj.o
    0x080059e8   0x0000001c   Data   RO         4864    locale$$data        c_w.l(lc_numeric_c.o)
    0x08005a04   0x00000110   Data   RO         4903    locale$$data        c_w.l(lc_ctype_c.o)
    0x08005b14   0x00000004   Data   RO           10    .init_array         main.o
    0x08005b18   0x00000000   Data   RO         4340    .init_array         c_w.l(init_aeabi.o)


    Execution Region RW_IRAM1 (Base: 0x200001c4, Size: 0x000004e4, Max: 0x0001fe3c, ABSOLUTE)

    Base Addr    Size         Type   Attr      Idx    E Section Name        Object

    0x200001c4   0x0000000c   Data   RW          614    .data               can_api.o
    0x200001d0   0x00000004   Data   RW          706    .data               hal_tick.o
    0x200001d4   0x00000008   Data   RW          972    .data               retarget.o
    0x200001dc   0x00000008   Data   RW         1115    .data               serial_api.o
    0x200001e4   0x00000004   Data   RW         1196    .data               stm32f4xx_hal.o
    0x200001e8   0x00000004   Data   RW         3922    .data               system_stm32f4xx.o
    0x200001ec   0x00000004   Data   RW         3940    .data               us_ticker.o
    0x200001f0   0x00000008   Data   RW         4103    .data               mbed.ar(mbed_us_ticker_api.o)
    0x200001f8   0x00000008   Data   RW         4144    .data               mbed.ar(mbed_critical.o)
    0x20000200   0x0000000c   Data   RW         4192    .data               mbed.ar(FileBase.o)
    0x2000020c   0x00000004   Data   RW         4311    .data               c_w.l(stdio_streams.o)
    0x20000210   0x00000004   Data   RW         4312    .data               c_w.l(stdio_streams.o)
    0x20000214   0x00000004   Data   RW         4313    .data               c_w.l(stdio_streams.o)
    0x20000218   0x00000004   Data   RW         4779    .data               c_w.l(heapauxa.o)
    0x2000021c   0x00000010   Zero   RW            8    .bss                main.o
    0x2000022c   0x00000040   Zero   RW          611    .bss                can_api.o
    0x2000026c   0x0000003c   Zero   RW          705    .bss                hal_tick.o
    0x200002a8   0x00000040   Zero   RW          968    .bss                retarget.o
    0x200002e8   0x0000026c   Zero   RW         1113    .bss                serial_api.o
    0x20000554   0x0000003c   Zero   RW         3939    .bss                us_ticker.o
    0x20000590   0x00000054   Zero   RW         4308    .bss                c_w.l(stdio_streams.o)
    0x200005e4   0x00000054   Zero   RW         4309    .bss                c_w.l(stdio_streams.o)
    0x20000638   0x00000054   Zero   RW         4310    .bss                c_w.l(stdio_streams.o)
    0x2000068c   0x00000004   Zero   RW         4470    .bss                c_w.l(rt_heap_descriptor.o)
    0x20000690   0x00000014   Zero   RW         4821    .bss                c_w.l(rt_locale.o)
    0x200006a4   0x00000004   Zero   RW         4831    .bss                c_w.l(rt_errno_addr.o)


==============================================================================

Image component sizes


      Code (inc. data)   RO Data    RW Data    ZI Data      Debug   Object Name

         0          0        216          0          0          0   PeripheralPins.o
       328         46          0         12         64        844   can_api.o
        52          4          0          0          0        132   cmsis_nvic.o
       150         30         87          0          0        388   gpio_api.o
       296         44          0          4         60        260   hal_tick.o
       144         42         70          0         16      10011   main.o
       272         46        115          0          0        404   mbed_board.o
        14          0          0          0          0        128   mbed_overrides.o
       448        134        137          0          0        392   pinmap.o
       800         80        121          8         64       1264   retarget.o
       678        102         89          8        620        504   serial_api.o
        36          8        452          0          0        276   startup_stm32f446xx.o
        80         16          0          4          0        356   stm32f4xx_hal.o
        36          6          0          0          0        116   stm32f4xx_hal_cortex.o
       556         22          0          0          0        140   stm32f4xx_hal_gpio.o
         2          0          0          0          0        116   stm32f4xx_hal_msp_template.o
       156          8          0          0          0        132   stm32f4xx_hal_pwr_ex.o
       716         74         16          0          0        628   stm32f4xx_hal_rcc.o
      2708        110          0          0          0        444   stm32f4xx_hal_rcc_ex.o
       312         20          0          0          0        492   stm32f4xx_hal_tim.o
       936         14          0          0          0        376   stm32f4xx_hal_uart.o
        16          6          0          0          0        116   sys.o
       628         76         16          4          0        544   system_stm32f4xx.o
       144         46          0          4         60        588   us_ticker.o

    ----------------------------------------------------------------------
      9516        934       1364         44        884      18651   Object Totals
         0          0         32          0          0          0   (incl. Generated)
         8          0         13          0          0          0   (incl. Padding)

    ----------------------------------------------------------------------

      Code (inc. data)   RO Data    RW Data    ZI Data      Debug   Library Member Name

        60          8          0          0          0         84   __0sscanf.o
         8          0          0          0          0         68   __main.o
       392          4         17          0          0         92   __printf_flags_ss_wp.o
        14          0          0          0          0         68   __printf_wp.o
         0          0          0          0          0          0   __rtentry.o
        20          0          0          0          0          0   __rtentry2.o
         6          0          0          0          0          0   __rtentry4.o
        52          8          0          0          0          0   __scatter.o
        26          0          0          0          0          0   __scatter_copy.o
        28          0          0          0          0          0   __scatter_zi.o
        28          0          0          0          0         68   _chval.o
         6          0          0          0          0          0   _printf_a.o
         6          0          0          0          0          0   _printf_c.o
        44          0          0          0          0        108   _printf_char.o
        48          6          0          0          0         96   _printf_char_common.o
        40          0          0          0          0         68   _printf_charcount.o
         6          0          0          0          0          0   _printf_d.o
       120         16          0          0          0         92   _printf_dec.o
         6          0          0          0          0          0   _printf_e.o
         6          0          0          0          0          0   _printf_f.o
      1050          0          0          0          0        216   _printf_fp_dec.o
       764          8         38          0          0        100   _printf_fp_hex.o
       128         16          0          0          0         84   _printf_fp_infnan.o
         6          0          0          0          0          0   _printf_g.o
       148          4         40          0          0        160   _printf_hex_int_ll_ptr.o
         6          0          0          0          0          0   _printf_i.o
       178          0          0          0          0         88   _printf_intcommon.o
        10          0          0          0          0          0   _printf_l.o
         6          0          0          0          0          0   _printf_lc.o
        10          0          0          0          0          0   _printf_ll.o
         6          0          0          0          0          0   _printf_lld.o
         6          0          0          0          0          0   _printf_lli.o
         6          0          0          0          0          0   _printf_llo.o
         6          0          0          0          0          0   _printf_llu.o
         6          0          0          0          0          0   _printf_llx.o
       124         16          0          0          0         92   _printf_longlong_dec.o
         6          0          0          0          0          0   _printf_ls.o
         6          0          0          0          0          0   _printf_n.o
         6          0          0          0          0          0   _printf_o.o
       112          8          0          0          0        124   _printf_oct_int_ll.o
         6          0          0          0          0          0   _printf_p.o
        78          0          0          0          0        108   _printf_pad.o
         0          0          0          0          0          0   _printf_percent.o
         4          0          0          0          0          0   _printf_percent_end.o
         6          0          0          0          0          0   _printf_s.o
        82          0          0          0          0         80   _printf_str.o
        36          0          0          0          0         84   _printf_truncate.o
         6          0          0          0          0          0   _printf_u.o
        44          0          0          0          0        108   _printf_wchar.o
       188          6          8          0          0         92   _printf_wctomb.o
         6          0          0          0          0          0   _printf_x.o
       884          6          0          0          0        100   _scanf.o
       332          0          0          0          0         96   _scanf_int.o
        64          0          0          0          0         84   _sgetc.o
        10          0          0          0          0         68   _sputc.o
        64          0          0          0          0         92   _wcrtomb.o
       220          4        148          0          0         96   bigflt0.o
      1910        128          0          0          0        672   btod.o
        10          0          0          0          0         68   defsig_exit.o
        50          0          0          0          0         88   defsig_general.o
        80         58          0          0          0         76   defsig_rtmem_inner.o
        14          0          0          0          0         80   defsig_rtmem_outer.o
        52         38          0          0          0         76   defsig_rtred_inner.o
        14          0          0          0          0         80   defsig_rtred_outer.o
        76          0          0          0          0         88   fclose.o
       100          4          0          0          0        120   fflush.o
       236          4          0          0          0        128   fopen.o
       248          6          0          0          0         84   fseek.o
        66          0          0          0          0         76   ftell.o
        94          0          0          0          0         80   h1_alloc.o
        52          0          0          0          0         68   h1_extend.o
        78          0          0          0          0         80   h1_free.o
        14          0          0          0          0         84   h1_init.o
        80          6          0          4          0         96   heapauxa.o
         4          0          0          0          0        136   hguard.o
         0          0          0          0          0          0   indicate_semi.o
        36         10          0          0          0         80   init_aeabi.o
       138          0          0          0          0        168   init_alloc.o
       312         46          0          0          0        112   initio.o
        18          0          0          0          0         76   isspace.o
        44         10        272          0          0         76   lc_ctype_c.o
        44         10         28          0          0         76   lc_numeric_c.o
         2          0          0          0          0          0   libinit.o
        50          0          0          0          0          0   libinit2.o
         0          0          0          0          0          0   libshutdown2.o
       138          0          0          0          0         80   lludiv10.o
         0          0          0          0          0          0   maybetermalloc1.o
        16          4          0          0          0         76   rt_ctype_table.o
         8          4          0          0          4         68   rt_errno_addr.o
         8          4          0          0          4         68   rt_heap_descriptor.o
         8          4          0          0         20         68   rt_locale.o
        78          0          0          0          0         80   rt_memclr_w.o
       100          0          0          0          0         80   rt_memcpy_w.o
        44          8          0          0          0         84   scanf_char.o
        70          0          0          0          0         80   setvbuf.o
       240          6          0          0          0        156   stdio.o
         0          0          0         12        252          0   stdio_streams.o
       128          0          0          0          0         68   strcmpv7m.o
        62          0          0          0          0         76   strlen.o
       150          0          0          0          0         80   strncmp.o
        12          4          0          0          0         68   sys_exit.o
        14          0          0          0          0         76   sys_wrch.o
         2          0          0          0          0         68   use_no_semi.o
        36          4          0          0          0         76   vsprintf.o
        10          0          0          0          0        116   fpinit.o
         4          0          0          0          0        116   printf1.o
         4          0          0          0          0        116   printf2.o
         0          0          0          0          0          0   usenofp.o
        48          0          0          0          0        124   fpclassify.o
       156         26          0         12          0        368   FileBase.o
       154          0          0          0          0        728   FilePath.o
        84         52          0          0          0        136   mbed_assert.o
       228         98         67          8          0        252   mbed_critical.o
        18          0          0          0          0        128   mbed_error.o
       184         36          0          0          0        276   mbed_gpio.o
       248         76          0          0          0        384   mbed_pinmap_common.o
        78          0          0          0          0        136   mbed_ticker_api.o
        12          6         28          8          0        116   mbed_us_ticker_api.o
        68          4          0          0          0        256   mbed_wait_api_no_rtos.o

    ----------------------------------------------------------------------
     11792        766        648         44        280       9988   Library Totals
        24          0          2          0          0          0   (incl. Padding)

    ----------------------------------------------------------------------

      Code (inc. data)   RO Data    RW Data    ZI Data      Debug   Library Name

     10472        468        551         16        280       6736   c_w.l
        18          0          0          0          0        348   fz_wm.l
        48          0          0          0          0        124   m_wm.l
      1230        298         95         28          0       2780   mbed.ar

    ----------------------------------------------------------------------
     11792        766        648         44        280       9988   Library Totals

    ----------------------------------------------------------------------

==============================================================================


      Code (inc. data)   RO Data    RW Data    ZI Data      Debug   

     21308       1700       2012         88       1164      16295   Grand Totals
     21308       1700       2012         88       1164      16295   ELF Image Totals
     21308       1700       2012         88          0          0   ROM Totals

==============================================================================

    Total RO  Size (Code + RO Data)                23320 (  22.77kB)
    Total RW  Size (RW Data + ZI Data)              1252 (   1.22kB)
    Total ROM Size (Code + RO Data + RW Data)      23408 (  22.86kB)

==============================================================================

