Component: ARM Compiler 5.06 update 2 (build 183) Tool: armlink [4d35b7]

==============================================================================

Section Cross References

    main.o(i.__sti___8_main_cpp_50cc0329) refers to gpio.o(i.gpio_init_out) for gpio_init_out
    main.o(i.__sti___8_main_cpp_50cc0329) refers to main.o(.bss) for .bss
    main.o(i.main) refers to assert.o(i.mbed_assert_internal) for mbed_assert_internal
    main.o(i.main) refers to wait_api.o(i.wait) for wait
    main.o(i.main) refers to main.o(.bss) for .bss
    main.o(i.main) refers to main.o(.conststring) for .conststring
    main.o(.ARM.exidx) refers to main.o(i.main) for i.main
    main.o(.ARM.exidx) refers to main.o(i.__sti___8_main_cpp_50cc0329) for i.__sti___8_main_cpp_50cc0329
    main.o(.init_array) refers to main.o(i.__sti___8_main_cpp_50cc0329) for __sti___8_main_cpp_50cc0329
    main.o(.init_array) refers to init_aeabi.o(.text) for __cpp_initialize__aeabi_
    board.o(i.mbed_die) refers to gpio.o(i.gpio_init_out) for gpio_init_out
    board.o(i.mbed_die) refers to assert.o(i.mbed_assert_internal) for mbed_assert_internal
    board.o(i.mbed_die) refers to wait_api.o(i.wait_ms) for wait_ms
    board.o(i.mbed_die) refers to board.o(.conststring) for .conststring
    cmsis_nvic.o(i.NVIC_SetVector) refers to rt_memcpy_w.o(.text) for __aeabi_memcpy4
    hal_tick.o(i.HAL_InitTick) refers to stm32f4xx_hal_tim.o(i.HAL_TIM_OC_Init) for HAL_TIM_OC_Init
    hal_tick.o(i.HAL_InitTick) refers to cmsis_nvic.o(i.NVIC_SetVector) for NVIC_SetVector
    hal_tick.o(i.HAL_InitTick) refers to stm32f4xx_hal_tim.o(i.HAL_TIM_OC_Start) for HAL_TIM_OC_Start
    hal_tick.o(i.HAL_InitTick) refers to hal_tick.o(.bss) for .bss
    hal_tick.o(i.HAL_InitTick) refers to system_stm32f4xx.o(.data) for SystemCoreClock
    hal_tick.o(i.HAL_InitTick) refers to hal_tick.o(i.timer_irq_handler) for timer_irq_handler
    hal_tick.o(i.HAL_InitTick) refers to hal_tick.o(.data) for .data
    hal_tick.o(i.timer_irq_handler) refers to us_ticker_api.o(i.us_ticker_irq_handler) for us_ticker_irq_handler
    hal_tick.o(i.timer_irq_handler) refers to stm32f4xx_hal.o(i.HAL_IncTick) for HAL_IncTick
    hal_tick.o(i.timer_irq_handler) refers to hal_tick.o(.bss) for .bss
    hal_tick.o(i.timer_irq_handler) refers to hal_tick.o(.data) for .data
    mbed_overrides.o(i.mbed_sdk_init) refers to system_stm32f4xx.o(i.SystemCoreClockUpdate) for SystemCoreClockUpdate
    mbed_overrides.o(i.mbed_sdk_init) refers to stm32f4xx_hal.o(i.HAL_Init) for HAL_Init
    retarget.o(i.$Sub$$main) refers to mbed_overrides.o(i.mbed_sdk_init) for mbed_sdk_init
    retarget.o(i.$Sub$$main) refers to retarget.o(i.mbed_main) for mbed_main
    retarget.o(i.$Sub$$main) refers to main.o(i.main) for $Super$$main
    retarget.o(i._ZN4mbed10FileHandleD0Ev) refers to delete.o(i._ZdlPv) for operator delete (void*)
    retarget.o(i._ZN4mbed10FileHandleD0Ev) refers to retarget.o(.constdata__ZTVN4mbed10FileHandleE) for vtable for mbed::FileHandle
    retarget.o(i._ZN4mbed10FileHandleD0Ev) refers to retarget.o(.bss) for .bss
    retarget.o(i._ZN4mbed10FileHandleD2Ev) refers to retarget.o(.constdata__ZTVN4mbed10FileHandleE) for vtable for mbed::FileHandle
    retarget.o(i._ZN4mbed10FileHandleD2Ev) refers to retarget.o(.bss) for .bss
    retarget.o(i._ZN4mbed26mbed_set_unbuffered_streamEPSt6__FILE) refers to setbuf.o(.text) for setbuf
    retarget.o(i._ZN4mbed9mbed_getcEPSt6__FILE) refers to fgetc.o(i.fgetc) for fgetc
    retarget.o(i._ZN4mbed9mbed_getsEPciPSt6__FILE) refers to fgets.o(.text) for fgets
    retarget.o(i._sys_close) refers to retarget.o(.bss) for .bss
    retarget.o(i._sys_ensure) refers to retarget.o(.bss) for .bss
    retarget.o(i._sys_flen) refers to retarget.o(.bss) for .bss
    retarget.o(i._sys_istty) refers to retarget.o(.bss) for .bss
    retarget.o(i._sys_open) refers to _scanf_int.o(.text) for _scanf_int
    retarget.o(i._sys_open) refers to strcmpv7m.o(.text) for strcmp
    retarget.o(i._sys_open) refers to serial_api.o(i.serial_init) for serial_init
    retarget.o(i._sys_open) refers to FilePath.o(i._ZN4mbed8FilePathC1EPKc) for mbed::FilePath::FilePath(const char*)
    retarget.o(i._sys_open) refers to FilePath.o(i._ZN4mbed8FilePath6existsEv) for mbed::FilePath::exists()
    retarget.o(i._sys_open) refers to FilePath.o(i._ZN4mbed8FilePath6isFileEv) for mbed::FilePath::isFile()
    retarget.o(i._sys_open) refers to FilePath.o(i._ZN4mbed8FilePath4fileEv) for mbed::FilePath::file()
    retarget.o(i._sys_open) refers to __0sscanf.o(.text) for __0sscanf
    retarget.o(i._sys_open) refers to FilePath.o(i._ZN4mbed8FilePath10fileSystemEv) for mbed::FilePath::fileSystem()
    retarget.o(i._sys_open) refers to FilePath.o(i._ZN4mbed8FilePath8fileNameEv) for mbed::FilePath::fileName()
    retarget.o(i._sys_open) refers to retarget.o(.constdata) for .constdata
    retarget.o(i._sys_open) refers to serial_api.o(.data) for stdio_uart_inited
[...]
    x$fpl$usenofp                            0x08004bae   Section        0  usenofp.o(x$fpl$usenofp)
    .constdata                               0x08004bc5   Section       16  stm32f4xx_hal_rcc.o(.constdata)
    .constdata                               0x08004bd5   Section       16  system_stm32f4xx.o(.constdata)
    .constdata                               0x08004be8   Section       20  us_ticker_api.o(.constdata)
    us_interface                             0x08004be8   Data          20  us_ticker_api.o(.constdata)
    .constdata                               0x08004bfc   Section        8  us_ticker_api.o(.constdata)
    us_data                                  0x08004bfc   Data           8  us_ticker_api.o(.constdata)
    .constdata                               0x08004c04   Section      180  PeripheralPins.o(.constdata)
    .constdata                               0x08004cb8   Section      180  PeripheralPins.o(.constdata)
    .constdata                               0x08004d6c   Section       52  pinmap.o(.constdata)
    gpio_mode                                0x08004d6c   Data          52  pinmap.o(.constdata)
    .constdata                               0x08004da0   Section        8  _printf_wctomb.o(.constdata)
    initial_mbstate                          0x08004da0   Data           8  _printf_wctomb.o(.constdata)
    .constdata                               0x08004da8   Section       40  _printf_hex_int_ll_ptr.o(.constdata)
    uc_hextab                                0x08004da8   Data          20  _printf_hex_int_ll_ptr.o(.constdata)
    lc_hextab                                0x08004dbc   Data          20  _printf_hex_int_ll_ptr.o(.constdata)
    .constdata                               0x08004dd0   Section       17  __printf_flags_ss_wp.o(.constdata)
    maptable                                 0x08004dd0   Data          17  __printf_flags_ss_wp.o(.constdata)
    .constdata                               0x08004de1   Section       38  _printf_fp_hex.o(.constdata)
    lc_hextab                                0x08004de1   Data          19  _printf_fp_hex.o(.constdata)
    uc_hextab                                0x08004df4   Data          19  _printf_fp_hex.o(.constdata)
    .constdata                               0x08004e08   Section      148  bigflt0.o(.constdata)
    tenpwrs_x                                0x08004e08   Data          60  bigflt0.o(.constdata)
    tenpwrs_i                                0x08004e44   Data          64  bigflt0.o(.constdata)
    .conststring                             0x08004e9c   Section       65  main.o(.conststring)
    .conststring                             0x08004ee0   Section      109  board.o(.conststring)
    .conststring                             0x08004f50   Section      104  serial_api.o(.conststring)
    .conststring                             0x08004fb8   Section      102  gpio_api.o(.conststring)
    .conststring                             0x08005020   Section      100  pinmap.o(.conststring)
    locale$$data                             0x080050a4   Section       28  lc_numeric_c.o(locale$$data)
    __lcnum_c_name                           0x080050a8   Data           2  lc_numeric_c.o(locale$$data)
    __lcnum_c_start                          0x080050b0   Data           0  lc_numeric_c.o(locale$$data)
    __lcnum_c_point                          0x080050bc   Data           0  lc_numeric_c.o(locale$$data)
    __lcnum_c_thousands                      0x080050be   Data           0  lc_numeric_c.o(locale$$data)
    __lcnum_c_grouping                       0x080050bf   Data           0  lc_numeric_c.o(locale$$data)
    locale$$data                             0x080050c0   Section      272  lc_ctype_c.o(locale$$data)
    __lcnum_c_end                            0x080050c0   Data           0  lc_numeric_c.o(locale$$data)
    __lcctype_c_name                         0x080050c4   Data           2  lc_ctype_c.o(locale$$data)
    __lcctype_c_start                        0x080050cc   Data           0  lc_ctype_c.o(locale$$data)
    .init_array                              0x080051d0   Section        4  main.o(.init_array)
    __lcctype_c_end                          0x080051d0   Data           0  lc_ctype_c.o(locale$$data)
    .init_array                              0x080051d4   Section        0  init_aeabi.o(.init_array)
    .data                                    0x200001b4   Section        4  hal_tick.o(.data)
    .data                                    0x200001b8   Section        4  stm32f4xx_hal.o(.data)
    uwTick                                   0x200001b8   Data           4  stm32f4xx_hal.o(.data)
    .data                                    0x200001bc   Section        4  system_stm32f4xx.o(.data)
    .data                                    0x200001c0   Section        8  serial_api.o(.data)
    irq_handler                              0x200001c4   Data           4  serial_api.o(.data)
    .data                                    0x200001c8   Section        8  us_ticker_api.o(.data)
    events                                   0x200001c8   Data           8  us_ticker_api.o(.data)
    .data                                    0x200001d0   Section        4  us_ticker.o(.data)
    us_ticker_inited                         0x200001d0   Data           4  us_ticker.o(.data)
    .data                                    0x200001d4   Section        4  FileBase.o(.data)
    .data                                    0x200001d8   Section        4  stdio_streams.o(.data)
    .data                                    0x200001dc   Section        4  stdio_streams.o(.data)
    .data                                    0x200001e0   Section        4  stdio_streams.o(.data)
    .data                                    0x200001e4   Section        4  heapauxa.o(.data)
    __rt_heap_escrow_base                    0x200001e4   Data           4  heapauxa.o(.data)
    .bss                                     0x200001e8   Section       80  main.o(.bss)
    .bss                                     0x20000238   Section       60  hal_tick.o(.bss)
    .bss                                     0x20000274   Section       64  retarget.o(.bss)
    filehandles                              0x20000274   Data          64  retarget.o(.bss)
    .bss                                     0x200002b4   Section      124  serial_api.o(.bss)
    serial_irq_ids                           0x200002b4   Data          32  serial_api.o(.bss)
    .bss                                     0x20000330   Section       60  us_ticker.o(.bss)
    TimMasterHandle                          0x20000330   Data          60  us_ticker.o(.bss)
    .bss                                     0x2000036c   Section       84  stdio_streams.o(.bss)
    .bss                                     0x200003c0   Section       84  stdio_streams.o(.bss)
    .bss                                     0x20000414   Section       84  stdio_streams.o(.bss)
    .bss                                     0x20000468   Section        4  rt_heap_descriptor.o(.bss)
    __rt_heap_descriptor_data                0x20000468   Data           4  rt_heap_descriptor.o(.bss)
    .bss                                     0x2000046c   Section       20  rt_locale.o(.bss)
    __rt_locale_data                         0x2000046c   Data          20  rt_locale.o(.bss)
    .bss                                     0x20000480   Section        4  rt_errno_addr.o(.bss)
    __aeabi_errno_addr_data                  0x20000480   Data           4  rt_errno_addr.o(.bss)

    Global Symbols

    Symbol Name                              Value     Ov Type        Size  Object(Section)

    BuildAttributes$$THM_ISAv4$E$P$D$K$B$S$7EM$VFPi3$EXTD16$VFPS$VFMA$PE$A:L22UL41UL21$X:L11$S22US41US21$IEEE1$IW$USESV6$~STKCKD$USESV7$~SHL$OTIME$ROPI$IEEEJ$EBA8$UX$STANDARDLIB$REQ8$PRES8$EABIv2 0x00000000   Number         0  anon$$obj.o ABSOLUTE
    __ARM_use_no_argv                        0x00000000   Number         0  main.o ABSOLUTE
    _printf_flags                            0x00000000   Number         0  printf_stubs.o ABSOLUTE
    _printf_return_value                     0x00000000   Number         0  printf_stubs.o ABSOLUTE
    _printf_sizespec                         0x00000000   Number         0  printf_stubs.o ABSOLUTE
    _printf_widthprec                        0x00000000   Number         0  printf_stubs.o ABSOLUTE
    SHT$$ARM_EXIDX$$Base                      - Undefined Reference
    SHT$$ARM_EXIDX$$Limit                     - Undefined Reference
    __ARM::default_unexpected_handler()       - Undefined Weak Reference
    __ARM_exceptions_buffer_required          - Undefined Weak Reference
    __ARM_exceptions_init                     - Undefined Weak Reference
    __aeabi_unwind_cpp_pr1                    - Undefined Weak Reference
    __aeabi_unwind_cpp_pr2                    - Undefined Weak Reference
    __alloca_initialize                       - Undefined Weak Reference
    __arm_preinit_                            - Undefined Weak Reference
    __cxa_begin_cleanup                       - Undefined Weak Reference
    __cxa_finalize                            - Undefined Weak Reference
    __cxa_type_match                          - Undefined Weak Reference
    __rt_lib_shutdown                         - Undefined Weak Reference
    __sigvec_lookup                           - Undefined Weak Reference
    __user_heap_extent                        - Undefined Weak Reference
    _atexit_init                              - Undefined Weak Reference
    _clock_init                               - Undefined Weak Reference
    _fp_trap_init                             - Undefined Weak Reference
    _fp_trap_shutdown                         - Undefined Weak Reference
    _get_lc_collate                           - Undefined Weak Reference
    _get_lc_monetary                          - Undefined Weak Reference
    _get_lc_time                              - Undefined Weak Reference
    _getenv_init                              - Undefined Weak Reference
    _handle_redirection                       - Undefined Weak Reference
    _mutex_acquire                            - Undefined Weak Reference
    _mutex_free                               - Undefined Weak Reference
    _mutex_release                            - Undefined Weak Reference
    _printf_mbtowc                            - Undefined Weak Reference
    _printf_wc                                - Undefined Weak Reference
    _rand_init                                - Undefined Weak Reference
    _scanf_longlong                           - Undefined Weak Reference
    _scanf_mbtowc                             - Undefined Weak Reference
    _scanf_real                               - Undefined Weak Reference
    _scanf_string                             - Undefined Weak Reference
    _scanf_wctomb                             - Undefined Weak Reference
    _scanf_wstring                            - Undefined Weak Reference
    _signal_finish                            - Undefined Weak Reference
    _signal_init                              - Undefined Weak Reference
    __Vectors_Size                           0x000001b4   Number         0  startup_stm32f469xx.o ABSOLUTE
    __Vectors                                0x08000000   Data           4  startup_stm32f469xx.o(RESET)
    __Vectors_End                            0x080001b4   Data           0  startup_stm32f469xx.o(RESET)
    __main                                   0x080001b5   Thumb Code     8  __main.o(!!!main)
    __scatterload                            0x080001bd   Thumb Code     0  __scatter.o(!!!scatter)
    __scatterload_rt2                        0x080001bd   Thumb Code    44  __scatter.o(!!!scatter)
    __scatterload_rt2_thumb_only             0x080001bd   Thumb Code     0  __scatter.o(!!!scatter)
    __scatterload_null                       0x080001cb   Thumb Code     0  __scatter.o(!!!scatter)
    __scatterload_copy                       0x080001f1   Thumb Code    26  __scatter_copy.o(!!handler_copy)
    __scatterload_zeroinit                   0x0800020d   Thumb Code    28  __scatter_zi.o(!!handler_zi)
    _printf_n                                0x08000229   Thumb Code     0  _printf_n.o(.ARM.Collect$$_printf_percent$$00000001)
    _printf_percent                          0x08000229   Thumb Code     0  _printf_percent.o(.ARM.Collect$$_printf_percent$$00000000)
    _printf_p                                0x0800022f   Thumb Code     0  _printf_p.o(.ARM.Collect$$_printf_percent$$00000002)
    _printf_f                                0x08000235   Thumb Code     0  _printf_f.o(.ARM.Collect$$_printf_percent$$00000003)
    _printf_e                                0x0800023b   Thumb Code     0  _printf_e.o(.ARM.Collect$$_printf_percent$$00000004)
    _printf_g                                0x08000241   Thumb Code     0  _printf_g.o(.ARM.Collect$$_printf_percent$$00000005)
    _printf_a                                0x08000247   Thumb Code     0  _printf_a.o(.ARM.Collect$$_printf_percent$$00000006)
    _printf_ll                               0x0800024d   Thumb Code     0  _printf_ll.o(.ARM.Collect$$_printf_percent$$00000007)
    _printf_i                                0x08000257   Thumb Code     0  _printf_i.o(.ARM.Collect$$_printf_percent$$00000008)
    _printf_d                                0x0800025d   Thumb Code     0  _printf_d.o(.ARM.Collect$$_printf_percent$$00000009)
    _printf_u                                0x08000263   Thumb Code     0  _printf_u.o(.ARM.Collect$$_printf_percent$$0000000A)
    _printf_o                                0x08000269   Thumb Code     0  _printf_o.o(.ARM.Collect$$_printf_percent$$0000000B)
    _printf_x                                0x0800026f   Thumb Code     0  _printf_x.o(.ARM.Collect$$_printf_percent$$0000000C)
    _printf_lli                              0x08000275   Thumb Code     0  _printf_lli.o(.ARM.Collect$$_printf_percent$$0000000D)
    _printf_lld                              0x0800027b   Thumb Code     0  _printf_lld.o(.ARM.Collect$$_printf_percent$$0000000E)
    _printf_llu                              0x08000281   Thumb Code     0  _printf_llu.o(.ARM.Collect$$_printf_percent$$0000000F)
    _printf_llo                              0x08000287   Thumb Code     0  _printf_llo.o(.ARM.Collect$$_printf_percent$$00000010)
    _printf_llx                              0x0800028d   Thumb Code     0  _printf_llx.o(.ARM.Collect$$_printf_percent$$00000011)
    _printf_l                                0x08000293   Thumb Code     0  _printf_l.o(.ARM.Collect$$_printf_percent$$00000012)
    _printf_c                                0x0800029d   Thumb Code     0  _printf_c.o(.ARM.Collect$$_printf_percent$$00000013)
    _printf_s                                0x080002a3   Thumb Code     0  _printf_s.o(.ARM.Collect$$_printf_percent$$00000014)
    _printf_lc                               0x080002a9   Thumb Code     0  _printf_lc.o(.ARM.Collect$$_printf_percent$$00000015)
    _printf_ls                               0x080002af   Thumb Code     0  _printf_ls.o(.ARM.Collect$$_printf_percent$$00000016)
    _printf_percent_end                      0x080002b5   Thumb Code     0  _printf_percent_end.o(.ARM.Collect$$_printf_percent$$00000017)
    __rt_lib_init                            0x080002b9   Thumb Code     0  libinit.o(.ARM.Collect$$libinit$$00000000)
    __rt_lib_init_fp_1                       0x080002bb   Thumb Code     0  libinit2.o(.ARM.Collect$$libinit$$00000001)
    __rt_lib_init_heap_2                     0x080002bf   Thumb Code     0  libinit2.o(.ARM.Collect$$libinit$$00000005)
    __rt_lib_init_preinit_1                  0x080002bf   Thumb Code     0  libinit2.o(.ARM.Collect$$libinit$$00000004)
    __rt_lib_init_heap_1                     0x080002c7   Thumb Code     0  libinit2.o(.ARM.Collect$$libinit$$0000000A)
    __rt_lib_init_lc_common                  0x080002c7   Thumb Code     0  libinit2.o(.ARM.Collect$$libinit$$0000000F)
    __rt_lib_init_rand_1                     0x080002c7   Thumb Code     0  libinit2.o(.ARM.Collect$$libinit$$0000000E)
    __rt_lib_init_user_alloc_1               0x080002c7   Thumb Code     0  libinit2.o(.ARM.Collect$$libinit$$0000000C)
    __rt_lib_init_lc_collate_1               0x080002cd   Thumb Code     0  libinit2.o(.ARM.Collect$$libinit$$00000011)
    __rt_lib_init_lc_ctype_2                 0x080002cd   Thumb Code     0  libinit2.o(.ARM.Collect$$libinit$$00000012)
    __rt_lib_init_lc_ctype_1                 0x080002d9   Thumb Code     0  libinit2.o(.ARM.Collect$$libinit$$00000013)
    __rt_lib_init_lc_monetary_1              0x080002d9   Thumb Code     0  libinit2.o(.ARM.Collect$$libinit$$00000015)
    __rt_lib_init_lc_numeric_2               0x080002d9   Thumb Code     0  libinit2.o(.ARM.Collect$$libinit$$00000016)
    __rt_lib_init_atexit_1                   0x080002e3   Thumb Code     0  libinit2.o(.ARM.Collect$$libinit$$0000001B)
    __rt_lib_init_clock_1                    0x080002e3   Thumb Code     0  libinit2.o(.ARM.Collect$$libinit$$00000021)
    __rt_lib_init_fp_trap_1                  0x080002e3   Thumb Code     0  libinit2.o(.ARM.Collect$$libinit$$0000001F)
    __rt_lib_init_getenv_1                   0x080002e3   Thumb Code     0  libinit2.o(.ARM.Collect$$libinit$$00000023)
    __rt_lib_init_lc_numeric_1               0x080002e3   Thumb Code     0  libinit2.o(.ARM.Collect$$libinit$$00000017)
    __rt_lib_init_lc_time_1                  0x080002e3   Thumb Code     0  libinit2.o(.ARM.Collect$$libinit$$00000019)
    __rt_lib_init_signal_1                   0x080002e3   Thumb Code     0  libinit2.o(.ARM.Collect$$libinit$$0000001D)
    __rt_lib_init_stdio_2                    0x080002e3   Thumb Code     0  libinit2.o(.ARM.Collect$$libinit$$00000024)
    __rt_lib_init_alloca_1                   0x080002e7   Thumb Code     0  libinit2.o(.ARM.Collect$$libinit$$0000002E)
    __rt_lib_init_argv_1                     0x080002e7   Thumb Code     0  libinit2.o(.ARM.Collect$$libinit$$0000002C)
    __rt_lib_init_cpp_2                      0x080002e7   Thumb Code     0  libinit2.o(.ARM.Collect$$libinit$$00000031)
    __rt_lib_init_exceptions_1               0x080002e7   Thumb Code     0  libinit2.o(.ARM.Collect$$libinit$$00000030)
    __rt_lib_init_stdio_1                    0x080002e7   Thumb Code     0  libinit2.o(.ARM.Collect$$libinit$$00000025)
    __rt_lib_init_cpp_1                      0x080002eb   Thumb Code     0  libinit2.o(.ARM.Collect$$libinit$$00000032)
    __rt_lib_init_return                     0x080002eb   Thumb Code     0  libinit2.o(.ARM.Collect$$libinit$$00000033)
    __rt_entry                               0x080002ed   Thumb Code     0  __rtentry.o(.ARM.Collect$$rtentry$$00000000)
    __rt_entry_presh_1                       0x080002ed   Thumb Code     0  __rtentry2.o(.ARM.Collect$$rtentry$$00000002)
    __rt_entry_sh                            0x080002ed   Thumb Code     0  __rtentry4.o(.ARM.Collect$$rtentry$$00000004)
    __rt_lib_shutdown_stdio_2                0x080002ed   Thumb Code     0  libshutdown2.o(.ARM.Collect$$libshutdown$$00000004)
    __rt_entry_li                            0x080002f3   Thumb Code     0  __rtentry2.o(.ARM.Collect$$rtentry$$0000000A)
    __rt_entry_postsh_1                      0x080002f3   Thumb Code     0  __rtentry2.o(.ARM.Collect$$rtentry$$00000009)
    __rt_entry_main                          0x080002f7   Thumb Code     0  __rtentry2.o(.ARM.Collect$$rtentry$$0000000D)
    __rt_entry_postli_1                      0x080002f7   Thumb Code     0  __rtentry2.o(.ARM.Collect$$rtentry$$0000000C)
    Reset_Handler                            0x08000301   Thumb Code     8  startup_stm32f469xx.o(.text)
    _maybe_terminate_alloc                   0x08000301   Thumb Code     0  maybetermalloc1.o(.emb_text)
    NMI_Handler                              0x08000309   Thumb Code     2  startup_stm32f469xx.o(.text)
    HardFault_Handler                        0x0800030b   Thumb Code     2  startup_stm32f469xx.o(.text)
    MemManage_Handler                        0x0800030d   Thumb Code     2  startup_stm32f469xx.o(.text)
    BusFault_Handler                         0x0800030f   Thumb Code     2  startup_stm32f469xx.o(.text)
    UsageFault_Handler                       0x08000311   Thumb Code     2  startup_stm32f469xx.o(.text)
    SVC_Handler                              0x08000313   Thumb Code     2  startup_stm32f469xx.o(.text)
    DebugMon_Handler                         0x08000315   Thumb Code     2  startup_stm32f469xx.o(.text)
    PendSV_Handler                           0x08000317   Thumb Code     2  startup_stm32f469xx.o(.text)
    SysTick_Handler                          0x08000319   Thumb Code     2  startup_stm32f469xx.o(.text)
    ADC_IRQHandler                           0x0800031b   Thumb Code     0  startup_stm32f469xx.o(.text)
    CAN1_RX0_IRQHandler                      0x0800031b   Thumb Code     0  startup_stm32f469xx.o(.text)
    CAN1_RX1_IRQHandler                      0x0800031b   Thumb Code     0  startup_stm32f469xx.o(.text)
    CAN1_SCE_IRQHandler                      0x0800031b   Thumb Code     0  startup_stm32f469xx.o(.text)
    CAN1_TX_IRQHandler                       0x0800031b   Thumb Code     0  startup_stm32f469xx.o(.text)
    CAN2_RX0_IRQHandler                      0x0800031b   Thumb Code     0  startup_stm32f469xx.o(.text)
    CAN2_RX1_IRQHandler                      0x0800031b   Thumb Code     0  startup_stm32f469xx.o(.text)
    CAN2_SCE_IRQHandler                      0x0800031b   Thumb Code     0  startup_stm32f469xx.o(.text)
    CAN2_TX_IRQHandler                       0x0800031b   Thumb Code     0  startup_stm32f469xx.o(.text)
    DCMI_IRQHandler                          0x0800031b   Thumb Code     0  startup_stm32f469xx.o(.text)
    DMA1_Stream0_IRQHandler                  0x0800031b   Thumb Code     0  startup_stm32f469xx.o(.text)
    DMA1_Stream1_IRQHandler                  0x0800031b   Thumb Code     0  startup_stm32f469xx.o(.text)
    DMA1_Stream2_IRQHandler                  0x0800031b   Thumb Code     0  startup_stm32f469xx.o(.text)
    DMA1_Stream3_IRQHandler                  0x0800031b   Thumb Code     0  startup_stm32f469xx.o(.text)
    DMA1_Stream4_IRQHandler                  0x0800031b   Thumb Code     0  startup_stm32f469xx.o(.text)
    DMA1_Stream5_IRQHandler                  0x0800031b   Thumb Code     0  startup_stm32f469xx.o(.text)
    DMA1_Stream6_IRQHandler                  0x0800031b   Thumb Code     0  startup_stm32f469xx.o(.text)
    DMA1_Stream7_IRQHandler                  0x0800031b   Thumb Code     0  startup_stm32f469xx.o(.text)
    DMA2D_IRQHandler                         0x0800031b   Thumb Code     0  startup_stm32f469xx.o(.text)
    DMA2_Stream0_IRQHandler                  0x0800031b   Thumb Code     0  startup_stm32f469xx.o(.text)
    DMA2_Stream1_IRQHandler                  0x0800031b   Thumb Code     0  startup_stm32f469xx.o(.text)
    DMA2_Stream2_IRQHandler                  0x0800031b   Thumb Code     0  startup_stm32f469xx.o(.text)
    DMA2_Stream3_IRQHandler                  0x0800031b   Thumb Code     0  startup_stm32f469xx.o(.text)
    DMA2_Stream4_IRQHandler                  0x0800031b   Thumb Code     0  startup_stm32f469xx.o(.text)
    DMA2_Stream5_IRQHandler                  0x0800031b   Thumb Code     0  startup_stm32f469xx.o(.text)
    DMA2_Stream6_IRQHandler                  0x0800031b   Thumb Code     0  startup_stm32f469xx.o(.text)
    DMA2_Stream7_IRQHandler                  0x0800031b   Thumb Code     0  startup_stm32f469xx.o(.text)
    DSI_IRQHandler                           0x0800031b   Thumb Code     0  startup_stm32f469xx.o(.text)
    ETH_IRQHandler                           0x0800031b   Thumb Code     0  startup_stm32f469xx.o(.text)
    ETH_WKUP_IRQHandler                      0x0800031b   Thumb Code     0  startup_stm32f469xx.o(.text)
    EXTI0_IRQHandler                         0x0800031b   Thumb Code     0  startup_stm32f469xx.o(.text)
    EXTI15_10_IRQHandler                     0x0800031b   Thumb Code     0  startup_stm32f469xx.o(.text)
    EXTI1_IRQHandler                         0x0800031b   Thumb Code     0  startup_stm32f469xx.o(.text)
    EXTI2_IRQHandler                         0x0800031b   Thumb Code     0  startup_stm32f469xx.o(.text)
    EXTI3_IRQHandler                         0x0800031b   Thumb Code     0  startup_stm32f469xx.o(.text)
    EXTI4_IRQHandler                         0x0800031b   Thumb Code     0  startup_stm32f469xx.o(.text)
    EXTI9_5_IRQHandler                       0x0800031b   Thumb Code     0  startup_stm32f469xx.o(.text)
    FLASH_IRQHandler                         0x0800031b   Thumb Code     0  startup_stm32f469xx.o(.text)
    FMC_IRQHandler                           0x0800031b   Thumb Code     0  startup_stm32f469xx.o(.text)
    FPU_IRQHandler                           0x0800031b   Thumb Code     0  startup_stm32f469xx.o(.text)
    HASH_RNG_IRQHandler                      0x0800031b   Thumb Code     0  startup_stm32f469xx.o(.text)
    I2C1_ER_IRQHandler                       0x0800031b   Thumb Code     0  startup_stm32f469xx.o(.text)
    I2C1_EV_IRQHandler                       0x0800031b   Thumb Code     0  startup_stm32f469xx.o(.text)
    I2C2_ER_IRQHandler                       0x0800031b   Thumb Code     0  startup_stm32f469xx.o(.text)
    I2C2_EV_IRQHandler                       0x0800031b   Thumb Code     0  startup_stm32f469xx.o(.text)
    I2C3_ER_IRQHandler                       0x0800031b   Thumb Code     0  startup_stm32f469xx.o(.text)
    I2C3_EV_IRQHandler                       0x0800031b   Thumb Code     0  startup_stm32f469xx.o(.text)
    LTDC_ER_IRQHandler                       0x0800031b   Thumb Code     0  startup_stm32f469xx.o(.text)
    LTDC_IRQHandler                          0x0800031b   Thumb Code     0  startup_stm32f469xx.o(.text)
    OTG_FS_IRQHandler                        0x0800031b   Thumb Code     0  startup_stm32f469xx.o(.text)
    OTG_FS_WKUP_IRQHandler                   0x0800031b   Thumb Code     0  startup_stm32f469xx.o(.text)
    OTG_HS_EP1_IN_IRQHandler                 0x0800031b   Thumb Code     0  startup_stm32f469xx.o(.text)
    OTG_HS_EP1_OUT_IRQHandler                0x0800031b   Thumb Code     0  startup_stm32f469xx.o(.text)
    OTG_HS_IRQHandler                        0x0800031b   Thumb Code     0  startup_stm32f469xx.o(.text)
    OTG_HS_WKUP_IRQHandler                   0x0800031b   Thumb Code     0  startup_stm32f469xx.o(.text)
    PVD_IRQHandler                           0x0800031b   Thumb Code     0  startup_stm32f469xx.o(.text)
    QUADSPI_IRQHandler                       0x0800031b   Thumb Code     0  startup_stm32f469xx.o(.text)
    RCC_IRQHandler                           0x0800031b   Thumb Code     0  startup_stm32f469xx.o(.text)
    RTC_Alarm_IRQHandler                     0x0800031b   Thumb Code     0  startup_stm32f469xx.o(.text)
    RTC_WKUP_IRQHandler                      0x0800031b   Thumb Code     0  startup_stm32f469xx.o(.text)
    SAI1_IRQHandler                          0x0800031b   Thumb Code     0  startup_stm32f469xx.o(.text)
    SDIO_IRQHandler                          0x0800031b   Thumb Code     0  startup_stm32f469xx.o(.text)
    SPI1_IRQHandler                          0x0800031b   Thumb Code     0  startup_stm32f469xx.o(.text)
    SPI2_IRQHandler                          0x0800031b   Thumb Code     0  startup_stm32f469xx.o(.text)
    SPI3_IRQHandler                          0x0800031b   Thumb Code     0  startup_stm32f469xx.o(.text)
    SPI4_IRQHandler                          0x0800031b   Thumb Code     0  startup_stm32f469xx.o(.text)
    SPI5_IRQHandler                          0x0800031b   Thumb Code     0  startup_stm32f469xx.o(.text)
    SPI6_IRQHandler                          0x0800031b   Thumb Code     0  startup_stm32f469xx.o(.text)
    TAMP_STAMP_IRQHandler                    0x0800031b   Thumb Code     0  startup_stm32f469xx.o(.text)
    TIM1_BRK_TIM9_IRQHandler                 0x0800031b   Thumb Code     0  startup_stm32f469xx.o(.text)
    TIM1_CC_IRQHandler                       0x0800031b   Thumb Code     0  startup_stm32f469xx.o(.text)
    TIM1_TRG_COM_TIM11_IRQHandler            0x0800031b   Thumb Code     0  startup_stm32f469xx.o(.text)
    TIM1_UP_TIM10_IRQHandler                 0x0800031b   Thumb Code     0  startup_stm32f469xx.o(.text)
    TIM2_IRQHandler                          0x0800031b   Thumb Code     0  startup_stm32f469xx.o(.text)
    TIM3_IRQHandler                          0x0800031b   Thumb Code     0  startup_stm32f469xx.o(.text)
    TIM4_IRQHandler                          0x0800031b   Thumb Code     0  startup_stm32f469xx.o(.text)
    TIM5_IRQHandler                          0x0800031b   Thumb Code     0  startup_stm32f469xx.o(.text)
    TIM6_DAC_IRQHandler                      0x0800031b   Thumb Code     0  startup_stm32f469xx.o(.text)
    TIM7_IRQHandler                          0x0800031b   Thumb Code     0  startup_stm32f469xx.o(.text)
    TIM8_BRK_TIM12_IRQHandler                0x0800031b   Thumb Code     0  startup_stm32f469xx.o(.text)
    TIM8_CC_IRQHandler                       0x0800031b   Thumb Code     0  startup_stm32f469xx.o(.text)
    TIM8_TRG_COM_TIM14_IRQHandler            0x0800031b   Thumb Code     0  startup_stm32f469xx.o(.text)
    TIM8_UP_TIM13_IRQHandler                 0x0800031b   Thumb Code     0  startup_stm32f469xx.o(.text)
    UART4_IRQHandler                         0x0800031b   Thumb Code     0  startup_stm32f469xx.o(.text)
    UART5_IRQHandler                         0x0800031b   Thumb Code     0  startup_stm32f469xx.o(.text)
    UART7_IRQHandler                         0x0800031b   Thumb Code     0  startup_stm32f469xx.o(.text)
    UART8_IRQHandler                         0x0800031b   Thumb Code     0  startup_stm32f469xx.o(.text)
    USART1_IRQHandler                        0x0800031b   Thumb Code     0  startup_stm32f469xx.o(.text)
    USART2_IRQHandler                        0x0800031b   Thumb Code     0  startup_stm32f469xx.o(.text)
    USART3_IRQHandler                        0x0800031b   Thumb Code     0  startup_stm32f469xx.o(.text)
    USART6_IRQHandler                        0x0800031b   Thumb Code     0  startup_stm32f469xx.o(.text)
    WWDG_IRQHandler                          0x0800031b   Thumb Code     0  startup_stm32f469xx.o(.text)
    vfprintf                                 0x08000325   Thumb Code    10  vfprintf.o(.text)
    __0sscanf                                0x08000331   Thumb Code    52  __0sscanf.o(.text)
    _scanf_int                               0x0800036d   Thumb Code   332  _scanf_int.o(.text)
    _do_fflush                               0x080004b9   Thumb Code    54  fflush.o(.text)
    fflush                                   0x080004ef   Thumb Code    42  fflush.o(.text)
    strlen                                   0x0800051d   Thumb Code    62  strlen.o(.text)
    strncmp                                  0x0800055b   Thumb Code   150  strncmp.o(.text)
    __aeabi_memcpy4                          0x080005f1   Thumb Code     0  rt_memcpy_w.o(.text)
    __aeabi_memcpy8                          0x080005f1   Thumb Code     0  rt_memcpy_w.o(.text)
    __rt_memcpy_w                            0x080005f1   Thumb Code   100  rt_memcpy_w.o(.text)
    _memcpy_lastbytes_aligned                0x08000639   Thumb Code     0  rt_memcpy_w.o(.text)
    __aeabi_memclr4                          0x08000655   Thumb Code     0  rt_memclr_w.o(.text)
    __aeabi_memclr8                          0x08000655   Thumb Code     0  rt_memclr_w.o(.text)
    __rt_memclr_w                            0x08000655   Thumb Code    78  rt_memclr_w.o(.text)
    _memset_w                                0x08000659   Thumb Code     0  rt_memclr_w.o(.text)
    strcmp                                   0x080006a5   Thumb Code   128  strcmpv7m.o(.text)
    __cpp_initialize__aeabi_                 0x08000725   Thumb Code    26  init_aeabi.o(.text)
    malloc                                   0x08000749   Thumb Code    94  h1_alloc.o(.text)
    free                                     0x080007a7   Thumb Code    78  h1_free.o(.text)
    _printf_pre_padding                      0x080007f5   Thumb Code    44  _printf_pad.o(.text)
    _printf_post_padding                     0x08000821   Thumb Code    34  _printf_pad.o(.text)
    _printf_truncate_signed                  0x08000843   Thumb Code    18  _printf_truncate.o(.text)
    _printf_truncate_unsigned                0x08000855   Thumb Code    18  _printf_truncate.o(.text)
    _printf_str                              0x08000867   Thumb Code    82  _printf_str.o(.text)
    _printf_int_dec                          0x080008b9   Thumb Code   104  _printf_dec.o(.text)
    _printf_charcount                        0x08000931   Thumb Code    40  _printf_charcount.o(.text)
    _printf_char_file                        0x08000959   Thumb Code    32  _printf_char_file.o(.text)
    _printf_wctomb                           0x0800097d   Thumb Code   182  _printf_wctomb.o(.text)
    _printf_longlong_dec                     0x08000a39   Thumb Code   108  _printf_longlong_dec.o(.text)
    _printf_longlong_oct                     0x08000ab5   Thumb Code    68  _printf_oct_int_ll.o(.text)
    _printf_int_oct                          0x08000af9   Thumb Code    24  _printf_oct_int_ll.o(.text)
    _printf_ll_oct                           0x08000b11   Thumb Code    12  _printf_oct_int_ll.o(.text)
    _printf_longlong_hex                     0x08000b25   Thumb Code    86  _printf_hex_int_ll_ptr.o(.text)
    _printf_int_hex                          0x08000b7b   Thumb Code    28  _printf_hex_int_ll_ptr.o(.text)
    _printf_ll_hex                           0x08000b97   Thumb Code    12  _printf_hex_int_ll_ptr.o(.text)
    _printf_hex_ptr                          0x08000ba3   Thumb Code    18  _printf_hex_int_ll_ptr.o(.text)
    __printf                                 0x08000bb9   Thumb Code   388  __printf_flags_ss_wp.o(.text)
    _chval                                   0x08000d41   Thumb Code    28  _chval.o(.text)
    __vfscanf_char                           0x08000d69   Thumb Code    24  scanf_char.o(.text)
    _sgetc                                   0x08000d89   Thumb Code    30  _sgetc.o(.text)
    _sbackspace                              0x08000da7   Thumb Code    34  _sgetc.o(.text)
    ferror                                   0x08000dc9   Thumb Code     8  ferror.o(.text)
    _fseek                                   0x08000dd1   Thumb Code   242  fseek.o(.text)
    fseek                                    0x08000dd1   Thumb Code     0  fseek.o(.text)
    setvbuf                                  0x08000ec9   Thumb Code    70  setvbuf.o(.text)
    _seterr                                  0x08000f11   Thumb Code    20  stdio.o(.text)
    _writebuf                                0x08000f25   Thumb Code    84  stdio.o(.text)
    _fflush                                  0x08000f79   Thumb Code    70  stdio.o(.text)
    _deferredlazyseek                        0x08000fbf   Thumb Code    60  stdio.o(.text)
    _initio                                  0x08001001   Thumb Code   210  initio.o(.text)
    _terminateio                             0x080010d3   Thumb Code    56  initio.o(.text)
    __rt_heap_descriptor                     0x08001139   Thumb Code     8  rt_heap_descriptor.o(.text)
    __use_no_heap                            0x08001141   Thumb Code     2  hguard.o(.text)
    __heap$guard                             0x08001143   Thumb Code     2  hguard.o(.text)
    _terminate_user_alloc                    0x08001145   Thumb Code     2  init_alloc.o(.text)
    _init_user_alloc                         0x08001147   Thumb Code     2  init_alloc.o(.text)
    __Heap_Full                              0x08001149   Thumb Code    34  init_alloc.o(.text)
    __Heap_Broken                            0x0800116b   Thumb Code     6  init_alloc.o(.text)
    _init_alloc                              0x08001171   Thumb Code    94  init_alloc.o(.text)
    __Heap_Initialize                        0x080011cf   Thumb Code    10  h1_init.o(.text)
    __Heap_DescSize                          0x080011d9   Thumb Code     4  h1_init.o(.text)
    _ll_udiv10                               0x080011dd   Thumb Code   138  lludiv10.o(.text)
    isspace                                  0x08001267   Thumb Code    18  isspace.o(.text)
    _printf_int_common                       0x08001279   Thumb Code   178  _printf_intcommon.o(.text)
    __lib_sel_fp_printf                      0x0800132b   Thumb Code     2  _printf_fp_dec.o(.text)
    _printf_fp_dec_real                      0x080014d9   Thumb Code   620  _printf_fp_dec.o(.text)
    _printf_fp_hex_real                      0x08001745   Thumb Code   756  _printf_fp_hex.o(.text)
    _printf_char_common                      0x08001a4b   Thumb Code    32  _printf_char_common.o(.text)
    _printf_cs_common                        0x08001a71   Thumb Code    20  _printf_char.o(.text)
    _printf_char                             0x08001a85   Thumb Code    16  _printf_char.o(.text)
    _printf_string                           0x08001a95   Thumb Code     8  _printf_char.o(.text)
    _printf_lcs_common                       0x08001a9d   Thumb Code    20  _printf_wchar.o(.text)
    _printf_wchar                            0x08001ab1   Thumb Code    16  _printf_wchar.o(.text)
    _printf_wstring                          0x08001ac1   Thumb Code     8  _printf_wchar.o(.text)
    __vfscanf                                0x08001ac9   Thumb Code   878  _scanf.o(.text)
    _ftell_internal                          0x08001e3d   Thumb Code    66  ftell.o(.text)
    ftell                                    0x08001e3d   Thumb Code     0  ftell.o(.text)
    freopen                                  0x08001e81   Thumb Code   158  fopen.o(.text)
    fopen                                    0x08001f1f   Thumb Code    74  fopen.o(.text)
    _fclose_internal                         0x08001f6d   Thumb Code    76  fclose.o(.text)
    fclose                                   0x08001f6d   Thumb Code     0  fclose.o(.text)
    _wcrtomb                                 0x08001fb9   Thumb Code    64  _wcrtomb.o(.text)
    __sig_exit                               0x08001ff9   Thumb Code    10  defsig_exit.o(.text)
    __rt_SIGRTRED                            0x08002003   Thumb Code    14  defsig_rtred_outer.o(.text)
    _sys_exit                                0x08002011   Thumb Code     8  sys_exit.o(.text)
    __rt_ctype_table                         0x0800201d   Thumb Code    16  rt_ctype_table.o(.text)
    __rt_locale                              0x0800202d   Thumb Code     8  rt_locale.o(.text)
    __aeabi_errno_addr                       0x08002035   Thumb Code     8  rt_errno_addr.o(.text)
    __errno                                  0x08002035   Thumb Code     0  rt_errno_addr.o(.text)
    __rt_errno_addr                          0x08002035   Thumb Code     0  rt_errno_addr.o(.text)
    __Heap_ProvideMemory                     0x0800203d   Thumb Code    52  h1_extend.o(.text)
    _printf_fp_infnan                        0x08002071   Thumb Code   112  _printf_fp_infnan.o(.text)
    _btod_etento                             0x080020f1   Thumb Code   216  bigflt0.o(.text)
    __flsbuf                                 0x080021cd   Thumb Code   470  flsbuf.o(.text)
    __flsbuf_byte                            0x080021cd   Thumb Code     0  flsbuf.o(.text)
    __flsbuf_wide                            0x080021cd   Thumb Code     0  flsbuf.o(.text)
    __default_signal_display                 0x080023a3   Thumb Code    50  defsig_general.o(.text)
    __rt_SIGRTRED_inner                      0x080023d5   Thumb Code    14  defsig_rtred_inner.o(.text)
    __rt_SIGRTMEM                            0x08002409   Thumb Code    14  defsig_rtmem_outer.o(.text)
    __rt_heap_escrow                         0x08002419   Thumb Code    22  heapauxa.o(.text)
    __rt_heap_expand                         0x0800242f   Thumb Code    52  heapauxa.o(.text)
    _ttywrch                                 0x08002469   Thumb Code    14  sys_wrch.o(.text)
    __I$use$semihosting                      0x08002477   Thumb Code     0  use_no_semi.o(.text)
    __use_no_semihosting_swi                 0x08002477   Thumb Code     2  use_no_semi.o(.text)
    __rt_SIGRTMEM_inner                      0x08002479   Thumb Code    22  defsig_rtmem_inner.o(.text)
    __semihosting_library_function           0x08002479   Thumb Code     0  indicate_semi.o(.text)
    _btod_d2e                                0x080024c9   Thumb Code    62  btod.o(CL$$btod_d2e)
    _d2e_denorm_low                          0x08002507   Thumb Code    70  btod.o(CL$$btod_d2e_denorm_low)
    _d2e_norm_op1                            0x0800254d   Thumb Code    96  btod.o(CL$$btod_d2e_norm_op1)
    __btod_div_common                        0x080025ad   Thumb Code   696  btod.o(CL$$btod_div_common)
    _e2e                                     0x080028e5   Thumb Code   198  btod.o(CL$$btod_e2e)
    _btod_ediv                               0x080029ab   Thumb Code    40  btod.o(CL$$btod_ediv)
    _btod_emul                               0x080029d3   Thumb Code    40  btod.o(CL$$btod_emul)
    __btod_mult_common                       0x080029fb   Thumb Code   580  btod.o(CL$$btod_mult_common)
    main                                     0x08002c3f   Thumb Code    18  retarget.o(i.$Sub$$main)
    HAL_GPIO_Init                            0x08002c51   Thumb Code   576  stm32f4xx_hal_gpio.o(i.HAL_GPIO_Init)
    HAL_GetTick                              0x08002ea5   Thumb Code     6  stm32f4xx_hal.o(i.HAL_GetTick)
    HAL_IncTick                              0x08002eb1   Thumb Code    10  stm32f4xx_hal.o(i.HAL_IncTick)
    HAL_Init                                 0x08002ec1   Thumb Code    48  stm32f4xx_hal.o(i.HAL_Init)
    HAL_InitTick                             0x08002ef5   Thumb Code   154  hal_tick.o(i.HAL_InitTick)
    HAL_MspInit                              0x08002fb1   Thumb Code     2  stm32f4xx_hal_msp_template.o(i.HAL_MspInit)
    HAL_NVIC_SetPriorityGrouping             0x08002fb5   Thumb Code    30  stm32f4xx_hal_cortex.o(i.HAL_NVIC_SetPriorityGrouping)
    HAL_RCC_ClockConfig                      0x08002fd9   Thumb Code   546  stm32f4xx_hal_rcc.o(i.HAL_RCC_ClockConfig)
    HAL_RCC_GetPCLK1Freq                     0x08003209   Thumb Code    64  stm32f4xx_hal_rcc.o(i.HAL_RCC_GetPCLK1Freq)
    HAL_RCC_GetPCLK2Freq                     0x08003255   Thumb Code    64  stm32f4xx_hal_rcc.o(i.HAL_RCC_GetPCLK2Freq)
    HAL_RCC_GetSysClockFreq                  0x080032a1   Thumb Code   132  stm32f4xx_hal_rcc.o(i.HAL_RCC_GetSysClockFreq)
    HAL_RCC_OscConfig                        0x08003335   Thumb Code   946  stm32f4xx_hal_rcc_ex.o(i.HAL_RCC_OscConfig)
    HAL_TIM_OC_Init                          0x08003711   Thumb Code    54  stm32f4xx_hal_tim.o(i.HAL_TIM_OC_Init)
    HAL_TIM_OC_MspInit                       0x08003747   Thumb Code     2  stm32f4xx_hal_tim.o(i.HAL_TIM_OC_MspInit)
    HAL_TIM_OC_Start                         0x08003749   Thumb Code    64  stm32f4xx_hal_tim.o(i.HAL_TIM_OC_Start)
    HAL_UART_Init                            0x08003789   Thumb Code    94  stm32f4xx_hal_uart.o(i.HAL_UART_Init)
    HAL_UART_MspInit                         0x080037e7   Thumb Code     2  stm32f4xx_hal_uart.o(i.HAL_UART_MspInit)
    NVIC_SetVector                           0x080037e9   Thumb Code    48  cmsis_nvic.o(i.NVIC_SetVector)
    Set_GPIO_Clock                           0x0800381d   Thumb Code   260  pinmap.o(i.Set_GPIO_Clock)
    SystemClock_Config                       0x08003975   Thumb Code   108  system_stm32f4xx.o(i.SystemClock_Config)
    SystemCoreClockUpdate                    0x080039e9   Thumb Code   112  system_stm32f4xx.o(i.SystemCoreClockUpdate)
    SystemInit                               0x08003a6d   Thumb Code   194  system_stm32f4xx.o(i.SystemInit)
    TIM_Base_SetConfig                       0x08003b55   Thumb Code   172  stm32f4xx_hal_tim.o(i.TIM_Base_SetConfig)
    mbed::FileBase::getPathType()            0x08003e2d   Thumb Code     4  FileBase.o(i._ZN4mbed8FileBase11getPathTypeEv)
    mbed::FileBase::lookup(const char*, unsigned) 0x08003e31   Thumb Code    50  FileBase.o(i._ZN4mbed8FileBase6lookupEPKcj)
    mbed::FilePath::fileSystem()             0x08003e69   Thumb Code    24  FilePath.o(i._ZN4mbed8FilePath10fileSystemEv)
    mbed::FilePath::file()                   0x08003e81   Thumb Code    28  FilePath.o(i._ZN4mbed8FilePath4fileEv)
    mbed::FilePath::exists()                 0x08003e9d   Thumb Code    10  FilePath.o(i._ZN4mbed8FilePath6existsEv)
    mbed::FilePath::isFile()                 0x08003ea7   Thumb Code    24  FilePath.o(i._ZN4mbed8FilePath6isFileEv)
    mbed::FilePath::fileName()               0x08003ebf   Thumb Code     4  FilePath.o(i._ZN4mbed8FilePath8fileNameEv)
    mbed::FilePath::FilePath(const char*)    0x08003ec3   Thumb Code    64  FilePath.o(i._ZN4mbed8FilePathC1EPKc)
    mbed::FilePath::FilePath__sub_object(const char*) 0x08003ec3   Thumb Code     0  FilePath.o(i._ZN4mbed8FilePathC1EPKc)
    __ARM_fpclassify                         0x08003f03   Thumb Code    48  fpclassify.o(i.__ARM_fpclassify)
    __user_setup_stackheap                   0x08003fa1   Thumb Code    10  sys.o(i.__user_setup_stackheap)
    _is_digit                                0x08003fb1   Thumb Code    14  __printf_wp.o(i._is_digit)
    _sys_close                               0x08003fc1   Thumb Code    40  retarget.o(i._sys_close)
    _sys_flen                                0x08003fed   Thumb Code    34  retarget.o(i._sys_flen)
    _sys_istty                               0x08004015   Thumb Code    34  retarget.o(i._sys_istty)
    _sys_open                                0x0800403d   Thumb Code   280  retarget.o(i._sys_open)
    _sys_seek                                0x08004171   Thumb Code    36  retarget.o(i._sys_seek)
    _sys_write                               0x08004199   Thumb Code    82  retarget.o(i._sys_write)
    error                                    0x080041f9   Thumb Code    20  error.o(i.error)
    exit                                     0x08004211   Thumb Code    24  retarget.o(i.exit)
    fputc                                    0x08004231   Thumb Code    26  fputc.o(i.fputc)
    gpio_dir                                 0x0800424d   Thumb Code    54  gpio_api.o(i.gpio_dir)
    gpio_init                                0x080042a1   Thumb Code    58  gpio_api.o(i.gpio_init)
    gpio_init_out                            0x080042dd   Thumb Code    68  gpio.o(i.gpio_init_out)
    gpio_init_out_ex                         0x08004329   Thumb Code    80  gpio.o(i.gpio_init_out_ex)
    gpio_mode                                0x08004395   Thumb Code     8  gpio_api.o(i.gpio_mode)
    $Super$$main                             0x0800439d   Thumb Code   316  main.o(i.main)
    mbed_assert_internal                     0x0800450d   Thumb Code    12  assert.o(i.mbed_assert_internal)
    mbed_die                                 0x0800454d   Thumb Code    80  board.o(i.mbed_die)
    mbed_main                                0x080045b9   Thumb Code     2  retarget.o(i.mbed_main)
    mbed_sdk_init                            0x080045bb   Thumb Code    14  mbed_overrides.o(i.mbed_sdk_init)
    pin_function                             0x080045c9   Thumb Code    80  pinmap.o(i.pin_function)
    pin_mode                                 0x08004635   Thumb Code    64  pinmap.o(i.pin_mode)
    pinmap_merge                             0x0800468d   Thumb Code    38  pinmap_common.o(i.pinmap_merge)
    pinmap_peripheral                        0x080046c9   Thumb Code    62  pinmap_common.o(i.pinmap_peripheral)
    pinmap_pinout                            0x08004729   Thumb Code    72  pinmap_common.o(i.pinmap_pinout)
    serial_init                              0x08004785   Thumb Code   458  serial_api.o(i.serial_init)
    serial_putc                              0x080049a9   Thumb Code    30  serial_api.o(i.serial_putc)
    ticker_irq_handler                       0x080049cd   Thumb Code    78  ticker_api.o(i.ticker_irq_handler)
    timer_irq_handler                        0x08004a1d   Thumb Code    76  hal_tick.o(i.timer_irq_handler)
    us_ticker_clear_interrupt                0x08004a71   Thumb Code    12  us_ticker.o(i.us_ticker_clear_interrupt)
    us_ticker_disable_interrupt              0x08004a81   Thumb Code    14  us_ticker.o(i.us_ticker_disable_interrupt)
    us_ticker_init                           0x08004a95   Thumb Code    26  us_ticker.o(i.us_ticker_init)
    us_ticker_irq_handler                    0x08004ab9   Thumb Code     6  us_ticker_api.o(i.us_ticker_irq_handler)
    us_ticker_read                           0x08004ac5   Thumb Code    30  us_ticker.o(i.us_ticker_read)
    us_ticker_set_interrupt                  0x08004aed   Thumb Code    16  us_ticker.o(i.us_ticker_set_interrupt)
    wait                                     0x08004b01   Thumb Code    36  wait_api.o(i.wait)
    wait_ms                                  0x08004b29   Thumb Code    28  wait_api.o(i.wait_ms)
    _get_lc_numeric                          0x08004b45   Thumb Code    44  lc_numeric_c.o(locale$$code)
    _get_lc_ctype                            0x08004b71   Thumb Code    44  lc_ctype_c.o(locale$$code)
    _fp_init                                 0x08004b9d   Thumb Code    10  fpinit.o(x$fpl$fpinit)
    __fplib_config_fpu_vfp                   0x08004ba5   Thumb Code     0  fpinit.o(x$fpl$fpinit)
    __fplib_config_pureend_doubles           0x08004ba5   Thumb Code     0  fpinit.o(x$fpl$fpinit)
    _printf_fp_dec                           0x08004ba7   Thumb Code     4  printf1.o(x$fpl$printf1)
    _printf_fp_hex                           0x08004bab   Thumb Code     4  printf2.o(x$fpl$printf2)
    __I$use$fp                               0x08004bae   Number         0  usenofp.o(x$fpl$usenofp)
    __stdin_name                             0x08004bae   Data           7  retarget.o(.constdata)
    __stdout_name                            0x08004bb5   Data           8  retarget.o(.constdata)
    __stderr_name                            0x08004bbd   Data           8  retarget.o(.constdata)
    APBAHBPrescTable                         0x08004bc5   Data          16  stm32f4xx_hal_rcc.o(.constdata)
    AHBPrescTable                            0x08004bd5   Data          16  system_stm32f4xx.o(.constdata)
    PinMap_UART_TX                           0x08004c04   Data         180  PeripheralPins.o(.constdata)
    PinMap_UART_RX                           0x08004cb8   Data         180  PeripheralPins.o(.constdata)
    Region$$Table$$Base                      0x08005084   Number         0  anon$$obj.o(Region$$Table)
    Region$$Table$$Limit                     0x080050a4   Number         0  anon$$obj.o(Region$$Table)
    __ctype                                  0x080050cd   Data           0  lc_ctype_c.o(locale$$data)
    SHT$$INIT_ARRAY$$Base                    0x080051d0   Number         0  main.o(.init_array)
    SHT$$INIT_ARRAY$$Limit                   0x080051d4   Number         0  init_aeabi.o(.init_array)
    PreviousVal                              0x200001b4   Data           4  hal_tick.o(.data)
    SystemCoreClock                          0x200001bc   Data           4  system_stm32f4xx.o(.data)
    stdio_uart_inited                        0x200001c0   Data           4  serial_api.o(.data)
    mbed::FileBase::_head                    0x200001d4   Data           4  FileBase.o(.data)
    __aeabi_stdin                            0x200001d8   Data           4  stdio_streams.o(.data)
    __aeabi_stdout                           0x200001dc   Data           4  stdio_streams.o(.data)
    __aeabi_stderr                           0x200001e0   Data           4  stdio_streams.o(.data)
    led_green                                0x200001e8   Data          16  main.o(.bss)
    led_orange                               0x200001f8   Data          16  main.o(.bss)
    led_red                                  0x20000208   Data          16  main.o(.bss)
    led_blue                                 0x20000218   Data          16  main.o(.bss)
    LED_test                                 0x20000228   Data          16  main.o(.bss)
    TimMasterHandle                          0x20000238   Data          60  hal_tick.o(.bss)
    UartHandle                               0x200002d4   Data          64  serial_api.o(.bss)
    stdio_uart                               0x20000314   Data          28  serial_api.o(.bss)
    __stdin                                  0x2000036c   Data          84  stdio_streams.o(.bss)
    __stdout                                 0x200003c0   Data          84  stdio_streams.o(.bss)
    __stderr                                 0x20000414   Data          84  stdio_streams.o(.bss)
    Image$$RW_IRAM1$$ZI$$Limit               0x20000484   Number         0  anon$$obj.o ABSOLUTE



==============================================================================

Memory Map of the image

  Image Entry point : 0x080001b5

  Load Region LR_IROM1 (Base: 0x08000000, Size: 0x00005208, Max: 0x00200000, ABSOLUTE)

    Execution Region ER_IROM1 (Base: 0x08000000, Size: 0x000051d4, Max: 0x00200000, ABSOLUTE)

    Base Addr    Size         Type   Attr      Idx    E Section Name        Object

    0x08000000   0x000001b4   Data   RO          658    RESET               startup_stm32f469xx.o
    0x080001b4   0x00000008   Code   RO         3735  * !!!main             c_w.l(__main.o)
    0x080001bc   0x00000034   Code   RO         4450    !!!scatter          c_w.l(__scatter.o)
    0x080001f0   0x0000001a   Code   RO         4452    !!handler_copy      c_w.l(__scatter_copy.o)
    0x0800020a   0x00000002   PAD
    0x0800020c   0x0000001c   Code   RO         4454    !!handler_zi        c_w.l(__scatter_zi.o)
    0x08000228   0x00000000   Code   RO         4006    .ARM.Collect$$_printf_percent$$00000000  c_w.l(_printf_percent.o)
    0x08000228   0x00000006   Code   RO         3995    .ARM.Collect$$_printf_percent$$00000001  c_w.l(_printf_n.o)
    0x0800022e   0x00000006   Code   RO         3997    .ARM.Collect$$_printf_percent$$00000002  c_w.l(_printf_p.o)
    0x08000234   0x00000006   Code   RO         4002    .ARM.Collect$$_printf_percent$$00000003  c_w.l(_printf_f.o)
    0x0800023a   0x00000006   Code   RO         4003    .ARM.Collect$$_printf_percent$$00000004  c_w.l(_printf_e.o)
    0x08000240   0x00000006   Code   RO         4004    .ARM.Collect$$_printf_percent$$00000005  c_w.l(_printf_g.o)
    0x08000246   0x00000006   Code   RO         4005    .ARM.Collect$$_printf_percent$$00000006  c_w.l(_printf_a.o)
    0x0800024c   0x0000000a   Code   RO         4010    .ARM.Collect$$_printf_percent$$00000007  c_w.l(_printf_ll.o)
    0x08000256   0x00000006   Code   RO         3999    .ARM.Collect$$_printf_percent$$00000008  c_w.l(_printf_i.o)
    0x0800025c   0x00000006   Code   RO         4000    .ARM.Collect$$_printf_percent$$00000009  c_w.l(_printf_d.o)
    0x08000262   0x00000006   Code   RO         4001    .ARM.Collect$$_printf_percent$$0000000A  c_w.l(_printf_u.o)
    0x08000268   0x00000006   Code   RO         3998    .ARM.Collect$$_printf_percent$$0000000B  c_w.l(_printf_o.o)
    0x0800026e   0x00000006   Code   RO         3996    .ARM.Collect$$_printf_percent$$0000000C  c_w.l(_printf_x.o)
    0x08000274   0x00000006   Code   RO         4007    .ARM.Collect$$_printf_percent$$0000000D  c_w.l(_printf_lli.o)
    0x0800027a   0x00000006   Code   RO         4008    .ARM.Collect$$_printf_percent$$0000000E  c_w.l(_printf_lld.o)
    0x08000280   0x00000006   Code   RO         4009    .ARM.Collect$$_printf_percent$$0000000F  c_w.l(_printf_llu.o)
    0x08000286   0x00000006   Code   RO         4014    .ARM.Collect$$_printf_percent$$00000010  c_w.l(_printf_llo.o)
    0x0800028c   0x00000006   Code   RO         4015    .ARM.Collect$$_printf_percent$$00000011  c_w.l(_printf_llx.o)
    0x08000292   0x0000000a   Code   RO         4011    .ARM.Collect$$_printf_percent$$00000012  c_w.l(_printf_l.o)
    0x0800029c   0x00000006   Code   RO         3993    .ARM.Collect$$_printf_percent$$00000013  c_w.l(_printf_c.o)
    0x080002a2   0x00000006   Code   RO         3994    .ARM.Collect$$_printf_percent$$00000014  c_w.l(_printf_s.o)
    0x080002a8   0x00000006   Code   RO         4012    .ARM.Collect$$_printf_percent$$00000015  c_w.l(_printf_lc.o)
    0x080002ae   0x00000006   Code   RO         4013    .ARM.Collect$$_printf_percent$$00000016  c_w.l(_printf_ls.o)
    0x080002b4   0x00000004   Code   RO         4198    .ARM.Collect$$_printf_percent$$00000017  c_w.l(_printf_percent_end.o)
    0x080002b8   0x00000002   Code   RO         4379    .ARM.Collect$$libinit$$00000000  c_w.l(libinit.o)
    0x080002ba   0x00000004   Code   RO         4047    .ARM.Collect$$libinit$$00000001  c_w.l(libinit2.o)
    0x080002be   0x00000000   Code   RO         4050    .ARM.Collect$$libinit$$00000004  c_w.l(libinit2.o)
    0x080002be   0x00000008   Code   RO         4051    .ARM.Collect$$libinit$$00000005  c_w.l(libinit2.o)
    0x080002c6   0x00000000   Code   RO         4053    .ARM.Collect$$libinit$$0000000A  c_w.l(libinit2.o)
    0x080002c6   0x00000000   Code   RO         4055    .ARM.Collect$$libinit$$0000000C  c_w.l(libinit2.o)
    0x080002c6   0x00000000   Code   RO         4057    .ARM.Collect$$libinit$$0000000E  c_w.l(libinit2.o)
    0x080002c6   0x00000006   Code   RO         4058    .ARM.Collect$$libinit$$0000000F  c_w.l(libinit2.o)
    0x080002cc   0x00000000   Code   RO         4060    .ARM.Collect$$libinit$$00000011  c_w.l(libinit2.o)
    0x080002cc   0x0000000c   Code   RO         4061    .ARM.Collect$$libinit$$00000012  c_w.l(libinit2.o)
    0x080002d8   0x00000000   Code   RO         4062    .ARM.Collect$$libinit$$00000013  c_w.l(libinit2.o)
    0x080002d8   0x00000000   Code   RO         4064    .ARM.Collect$$libinit$$00000015  c_w.l(libinit2.o)
    0x080002d8   0x0000000a   Code   RO         4065    .ARM.Collect$$libinit$$00000016  c_w.l(libinit2.o)
    0x080002e2   0x00000000   Code   RO         4066    .ARM.Collect$$libinit$$00000017  c_w.l(libinit2.o)
    0x080002e2   0x00000000   Code   RO         4068    .ARM.Collect$$libinit$$00000019  c_w.l(libinit2.o)
    0x080002e2   0x00000000   Code   RO         4070    .ARM.Collect$$libinit$$0000001B  c_w.l(libinit2.o)
    0x080002e2   0x00000000   Code   RO         4072    .ARM.Collect$$libinit$$0000001D  c_w.l(libinit2.o)
    0x080002e2   0x00000000   Code   RO         4074    .ARM.Collect$$libinit$$0000001F  c_w.l(libinit2.o)
    0x080002e2   0x00000000   Code   RO         4076    .ARM.Collect$$libinit$$00000021  c_w.l(libinit2.o)
    0x080002e2   0x00000000   Code   RO         4078    .ARM.Collect$$libinit$$00000023  c_w.l(libinit2.o)
    0x080002e2   0x00000004   Code   RO         4079    .ARM.Collect$$libinit$$00000024  c_w.l(libinit2.o)
    0x080002e6   0x00000000   Code   RO         4080    .ARM.Collect$$libinit$$00000025  c_w.l(libinit2.o)
    0x080002e6   0x00000000   Code   RO         4084    .ARM.Collect$$libinit$$0000002C  c_w.l(libinit2.o)
    0x080002e6   0x00000000   Code   RO         4086    .ARM.Collect$$libinit$$0000002E  c_w.l(libinit2.o)
    0x080002e6   0x00000000   Code   RO         4088    .ARM.Collect$$libinit$$00000030  c_w.l(libinit2.o)
    0x080002e6   0x00000004   Code   RO         4089    .ARM.Collect$$libinit$$00000031  c_w.l(libinit2.o)
    0x080002ea   0x00000000   Code   RO         4090    .ARM.Collect$$libinit$$00000032  c_w.l(libinit2.o)
    0x080002ea   0x00000002   Code   RO         4091    .ARM.Collect$$libinit$$00000033  c_w.l(libinit2.o)
    0x080002ec   0x00000000   Code   RO         4246    .ARM.Collect$$libshutdown$$00000004  c_w.l(libshutdown2.o)
    0x080002ec   0x00000000   Code   RO         3859    .ARM.Collect$$rtentry$$00000000  c_w.l(__rtentry.o)
    0x080002ec   0x00000000   Code   RO         4140    .ARM.Collect$$rtentry$$00000002  c_w.l(__rtentry2.o)
    0x080002ec   0x00000006   Code   RO         4152    .ARM.Collect$$rtentry$$00000004  c_w.l(__rtentry4.o)
    0x080002f2   0x00000000   Code   RO         4142    .ARM.Collect$$rtentry$$00000009  c_w.l(__rtentry2.o)
    0x080002f2   0x00000004   Code   RO         4143    .ARM.Collect$$rtentry$$0000000A  c_w.l(__rtentry2.o)
    0x080002f6   0x00000000   Code   RO         4145    .ARM.Collect$$rtentry$$0000000C  c_w.l(__rtentry2.o)
    0x080002f6   0x00000008   Code   RO         4146    .ARM.Collect$$rtentry$$0000000D  c_w.l(__rtentry2.o)
    0x080002fe   0x00000002   PAD
    0x08000300   0x00000000   Code   RO         4311    .emb_text           c_w.l(maybetermalloc1.o)
    0x08000300   0x00000024   Code   RO          659    .text               startup_stm32f469xx.o
    0x08000324   0x0000000a   Code   RO         3697    .text               c_w.l(vfprintf.o)
    0x0800032e   0x00000002   PAD
    0x08000330   0x0000003c   Code   RO         3699    .text               c_w.l(__0sscanf.o)
    0x0800036c   0x0000014c   Code   RO         3701    .text               c_w.l(_scanf_int.o)
    0x080004b8   0x00000064   Code   RO         3703    .text               c_w.l(fflush.o)
    0x0800051c   0x0000003e   Code   RO         3723    .text               c_w.l(strlen.o)
    0x0800055a   0x00000096   Code   RO         3725    .text               c_w.l(strncmp.o)
    0x080005f0   0x00000064   Code   RO         3727    .text               c_w.l(rt_memcpy_w.o)
    0x08000654   0x0000004e   Code   RO         3729    .text               c_w.l(rt_memclr_w.o)
    0x080006a2   0x00000002   PAD
    0x080006a4   0x00000080   Code   RO         3733    .text               c_w.l(strcmpv7m.o)
    0x08000724   0x00000024   Code   RO         3740    .text               c_w.l(init_aeabi.o)
    0x08000748   0x0000005e   Code   RO         3869    .text               c_w.l(h1_alloc.o)
    0x080007a6   0x0000004e   Code   RO         3871    .text               c_w.l(h1_free.o)
    0x080007f4   0x0000004e   Code   RO         3929    .text               c_w.l(_printf_pad.o)
    0x08000842   0x00000024   Code   RO         3931    .text               c_w.l(_printf_truncate.o)
    0x08000866   0x00000052   Code   RO         3933    .text               c_w.l(_printf_str.o)
    0x080008b8   0x00000078   Code   RO         3935    .text               c_w.l(_printf_dec.o)
    0x08000930   0x00000028   Code   RO         3937    .text               c_w.l(_printf_charcount.o)
    0x08000958   0x00000024   Code   RO         3939    .text               c_w.l(_printf_char_file.o)
    0x0800097c   0x000000bc   Code   RO         3941    .text               c_w.l(_printf_wctomb.o)
    0x08000a38   0x0000007c   Code   RO         3944    .text               c_w.l(_printf_longlong_dec.o)
    0x08000ab4   0x00000070   Code   RO         3950    .text               c_w.l(_printf_oct_int_ll.o)
    0x08000b24   0x00000094   Code   RO         3970    .text               c_w.l(_printf_hex_int_ll_ptr.o)
    0x08000bb8   0x00000188   Code   RO         3990    .text               c_w.l(__printf_flags_ss_wp.o)
    0x08000d40   0x0000001c   Code   RO         4016    .text               c_w.l(_chval.o)
    0x08000d5c   0x0000002c   Code   RO         4018    .text               c_w.l(scanf_char.o)
    0x08000d88   0x00000040   Code   RO         4020    .text               c_w.l(_sgetc.o)
    0x08000dc8   0x00000008   Code   RO         4022    .text               c_w.l(ferror.o)
    0x08000dd0   0x000000f8   Code   RO         4026    .text               c_w.l(fseek.o)
    0x08000ec8   0x00000046   Code   RO         4028    .text               c_w.l(setvbuf.o)
    0x08000f0e   0x00000002   PAD
    0x08000f10   0x000000f0   Code   RO         4030    .text               c_w.l(stdio.o)
    0x08001000   0x00000138   Code   RO         4033    .text               c_w.l(initio.o)
    0x08001138   0x00000008   Code   RO         4156    .text               c_w.l(rt_heap_descriptor.o)
    0x08001140   0x00000004   Code   RO         4161    .text               c_w.l(hguard.o)
    0x08001144   0x0000008a   Code   RO         4163    .text               c_w.l(init_alloc.o)
    0x080011ce   0x0000000e   Code   RO         4167    .text               c_w.l(h1_init.o)
    0x080011dc   0x0000008a   Code   RO         4181    .text               c_w.l(lludiv10.o)
    0x08001266   0x00000012   Code   RO         4183    .text               c_w.l(isspace.o)
    0x08001278   0x000000b2   Code   RO         4185    .text               c_w.l(_printf_intcommon.o)
    0x0800132a   0x0000041a   Code   RO         4187    .text               c_w.l(_printf_fp_dec.o)
    0x08001744   0x000002fc   Code   RO         4189    .text               c_w.l(_printf_fp_hex.o)
    0x08001a40   0x00000030   Code   RO         4192    .text               c_w.l(_printf_char_common.o)
    0x08001a70   0x0000002c   Code   RO         4194    .text               c_w.l(_printf_char.o)
    0x08001a9c   0x0000002c   Code   RO         4196    .text               c_w.l(_printf_wchar.o)
    0x08001ac8   0x00000374   Code   RO         4199    .text               c_w.l(_scanf.o)
    0x08001e3c   0x00000042   Code   RO         4205    .text               c_w.l(ftell.o)
    0x08001e7e   0x00000002   PAD
    0x08001e80   0x000000ec   Code   RO         4211    .text               c_w.l(fopen.o)
    0x08001f6c   0x0000004c   Code   RO         4213    .text               c_w.l(fclose.o)
    0x08001fb8   0x00000040   Code   RO         4229    .text               c_w.l(_wcrtomb.o)
    0x08001ff8   0x0000000a   Code   RO         4231    .text               c_w.l(defsig_exit.o)
    0x08002002   0x0000000e   Code   RO         4233    .text               c_w.l(defsig_rtred_outer.o)
    0x08002010   0x0000000c   Code   RO         4290    .text               c_w.l(sys_exit.o)
    0x0800201c   0x00000010   Code   RO         4292    .text               c_w.l(rt_ctype_table.o)
    0x0800202c   0x00000008   Code   RO         4294    .text               c_w.l(rt_locale.o)
    0x08002034   0x00000008   Code   RO         4304    .text               c_w.l(rt_errno_addr.o)
    0x0800203c   0x00000034   Code   RO         4313    .text               c_w.l(h1_extend.o)
    0x08002070   0x00000080   Code   RO         4317    .text               c_w.l(_printf_fp_infnan.o)
    0x080020f0   0x000000dc   Code   RO         4321    .text               c_w.l(bigflt0.o)
    0x080021cc   0x000001d6   Code   RO         4346    .text               c_w.l(flsbuf.o)
    0x080023a2   0x00000032   Code   RO         4355    .text               c_w.l(defsig_general.o)
    0x080023d4   0x00000034   Code   RO         4357    .text               c_w.l(defsig_rtred_inner.o)
    0x08002408   0x0000000e   Code   RO         4359    .text               c_w.l(defsig_rtmem_outer.o)
    0x08002416   0x00000002   PAD
    0x08002418   0x00000050   Code   RO         4365    .text               c_w.l(heapauxa.o)
    0x08002468   0x0000000e   Code   RO         4400    .text               c_w.l(sys_wrch.o)
    0x08002476   0x00000002   Code   RO         4402    .text               c_w.l(use_no_semi.o)
    0x08002478   0x00000000   Code   RO         4404    .text               c_w.l(indicate_semi.o)
    0x08002478   0x00000050   Code   RO         4422    .text               c_w.l(defsig_rtmem_inner.o)
    0x080024c8   0x0000003e   Code   RO         4324    CL$$btod_d2e        c_w.l(btod.o)
    0x08002506   0x00000046   Code   RO         4326    CL$$btod_d2e_denorm_low  c_w.l(btod.o)
    0x0800254c   0x00000060   Code   RO         4325    CL$$btod_d2e_norm_op1  c_w.l(btod.o)
    0x080025ac   0x00000338   Code   RO         4334    CL$$btod_div_common  c_w.l(btod.o)
    0x080028e4   0x000000c6   Code   RO         4331    CL$$btod_e2e        c_w.l(btod.o)
    0x080029aa   0x00000028   Code   RO         4328    CL$$btod_ediv       c_w.l(btod.o)
    0x080029d2   0x00000028   Code   RO         4327    CL$$btod_emul       c_w.l(btod.o)
    0x080029fa   0x00000244   Code   RO         4333    CL$$btod_mult_common  c_w.l(btod.o)
    0x08002c3e   0x00000012   Code   RO          541    i.$Sub$$main        retarget.o
    0x08002c50   0x00000254   Code   RO         1358    i.HAL_GPIO_Init     stm32f4xx_hal_gpio.o
    0x08002ea4   0x0000000c   Code   RO          679    i.HAL_GetTick       stm32f4xx_hal.o
    0x08002eb0   0x00000010   Code   RO          680    i.HAL_IncTick       stm32f4xx_hal.o
    0x08002ec0   0x00000034   Code   RO          681    i.HAL_Init          stm32f4xx_hal.o
    0x08002ef4   0x000000bc   Code   RO          521    i.HAL_InitTick      hal_tick.o
    0x08002fb0   0x00000002   Code   RO         1788    i.HAL_MspInit       stm32f4xx_hal_msp_template.o
    0x08002fb2   0x00000002   PAD
    0x08002fb4   0x00000024   Code   RO          867    i.HAL_NVIC_SetPriorityGrouping  stm32f4xx_hal_cortex.o
    0x08002fd8   0x00000230   Code   RO         2126    i.HAL_RCC_ClockConfig  stm32f4xx_hal_rcc.o
    0x08003208   0x0000004c   Code   RO         2133    i.HAL_RCC_GetPCLK1Freq  stm32f4xx_hal_rcc.o
    0x08003254   0x0000004c   Code   RO         2134    i.HAL_RCC_GetPCLK2Freq  stm32f4xx_hal_rcc.o
    0x080032a0   0x00000094   Code   RO         2135    i.HAL_RCC_GetSysClockFreq  stm32f4xx_hal_rcc.o
    0x08003334   0x000003dc   Code   RO         2165    i.HAL_RCC_OscConfig  stm32f4xx_hal_rcc_ex.o
    0x08003710   0x00000036   Code   RO         2767    i.HAL_TIM_OC_Init   stm32f4xx_hal_tim.o
    0x08003746   0x00000002   Code   RO         2769    i.HAL_TIM_OC_MspInit  stm32f4xx_hal_tim.o
    0x08003748   0x00000040   Code   RO         2770    i.HAL_TIM_OC_Start  stm32f4xx_hal_tim.o
    0x08003788   0x0000005e   Code   RO         3010    i.HAL_UART_Init     stm32f4xx_hal_uart.o
    0x080037e6   0x00000002   Code   RO         3012    i.HAL_UART_MspInit  stm32f4xx_hal_uart.o
    0x080037e8   0x00000034   Code   RO          512    i.NVIC_SetVector    cmsis_nvic.o
    0x0800381c   0x00000158   Code   RO         3590    i.Set_GPIO_Clock    mbed.ar(pinmap.o)
    0x08003974   0x00000074   Code   RO         3355    i.SystemClock_Config  system_stm32f4xx.o
    0x080039e8   0x00000084   Code   RO         3356    i.SystemCoreClockUpdate  system_stm32f4xx.o
    0x08003a6c   0x000000e8   Code   RO         3357    i.SystemInit        system_stm32f4xx.o
    0x08003b54   0x000000c0   Code   RO         2804    i.TIM_Base_SetConfig  stm32f4xx_hal_tim.o
    0x08003c14   0x00000218   Code   RO         3028    i.UART_SetConfig    stm32f4xx_hal_uart.o
    0x08003e2c   0x00000004   Code   RO         3622    i._ZN4mbed8FileBase11getPathTypeEv  mbed.ar(FileBase.o)
    0x08003e30   0x00000038   Code   RO         3624    i._ZN4mbed8FileBase6lookupEPKcj  mbed.ar(FileBase.o)
    0x08003e68   0x00000018   Code   RO         3487    i._ZN4mbed8FilePath10fileSystemEv  mbed.ar(FilePath.o)
    0x08003e80   0x0000001c   Code   RO         3489    i._ZN4mbed8FilePath4fileEv  mbed.ar(FilePath.o)
    0x08003e9c   0x0000000a   Code   RO         3490    i._ZN4mbed8FilePath6existsEv  mbed.ar(FilePath.o)
    0x08003ea6   0x00000018   Code   RO         3491    i._ZN4mbed8FilePath6isFileEv  mbed.ar(FilePath.o)
    0x08003ebe   0x00000004   Code   RO         3492    i._ZN4mbed8FilePath8fileNameEv  mbed.ar(FilePath.o)
    0x08003ec2   0x00000040   Code   RO         3493    i._ZN4mbed8FilePathC1EPKc  mbed.ar(FilePath.o)
    0x08003f02   0x00000030   Code   RO         4398    i.__ARM_fpclassify  m_wm.l(fpclassify.o)
    0x08003f32   0x00000002   PAD
    0x08003f34   0x0000006c   Code   RO            4    i.__sti___8_main_cpp_50cc0329  main.o
    0x08003fa0   0x00000010   Code   RO         3348    i.__user_setup_stackheap  sys.o
    0x08003fb0   0x0000000e   Code   RO         3983    i._is_digit         c_w.l(__printf_wp.o)
    0x08003fbe   0x00000002   PAD
    0x08003fc0   0x0000002c   Code   RO          547    i._sys_close        retarget.o
    0x08003fec   0x00000028   Code   RO          550    i._sys_flen         retarget.o
    0x08004014   0x00000028   Code   RO          551    i._sys_istty        retarget.o
    0x0800403c   0x00000134   Code   RO          552    i._sys_open         retarget.o
    0x08004170   0x00000028   Code   RO          554    i._sys_seek         retarget.o
    0x08004198   0x00000060   Code   RO          555    i._sys_write        retarget.o
    0x080041f8   0x00000018   Code   RO         3654    i.error             mbed.ar(error.o)
    0x08004210   0x00000020   Code   RO          557    i.exit              retarget.o
    0x08004230   0x0000001a   Code   RO         4202    i.fputc             c_w.l(fputc.o)
    0x0800424a   0x00000002   PAD
    0x0800424c   0x00000054   Code   RO         3558    i.gpio_dir          mbed.ar(gpio_api.o)
    0x080042a0   0x0000003a   Code   RO         3559    i.gpio_init         mbed.ar(gpio_api.o)
    0x080042da   0x00000002   PAD
    0x080042dc   0x0000004c   Code   RO         3519    i.gpio_init_out     mbed.ar(gpio.o)
    0x08004328   0x0000006c   Code   RO         3520    i.gpio_init_out_ex  mbed.ar(gpio.o)
    0x08004394   0x00000008   Code   RO         3560    i.gpio_mode         mbed.ar(gpio_api.o)
    0x0800439c   0x00000170   Code   RO            5    i.main              main.o
    0x0800450c   0x00000040   Code   RO         3511    i.mbed_assert_internal  mbed.ar(assert.o)
    0x0800454c   0x0000006c   Code   RO          502    i.mbed_die          board.o
    0x080045b8   0x00000002   Code   RO          558    i.mbed_main         retarget.o
    0x080045ba   0x0000000e   Code   RO          533    i.mbed_sdk_init     mbed_overrides.o
    0x080045c8   0x0000006c   Code   RO         3591    i.pin_function      mbed.ar(pinmap.o)
    0x08004634   0x00000058   Code   RO         3592    i.pin_mode          mbed.ar(pinmap.o)
    0x0800468c   0x0000003c   Code   RO         3665    i.pinmap_merge      mbed.ar(pinmap_common.o)
    0x080046c8   0x00000060   Code   RO         3666    i.pinmap_peripheral  mbed.ar(pinmap_common.o)
    0x08004728   0x0000005c   Code   RO         3667    i.pinmap_pinout     mbed.ar(pinmap_common.o)
    0x08004784   0x00000224   Code   RO         3377    i.serial_init       mbed.ar(serial_api.o)
    0x080049a8   0x00000024   Code   RO         3381    i.serial_putc       mbed.ar(serial_api.o)
    0x080049cc   0x0000004e   Code   RO         3682    i.ticker_irq_handler  mbed.ar(ticker_api.o)
    0x08004a1a   0x00000002   PAD
    0x08004a1c   0x00000054   Code   RO          522    i.timer_irq_handler  hal_tick.o
    0x08004a70   0x00000010   Code   RO         3604    i.us_ticker_clear_interrupt  mbed.ar(us_ticker.o)
    0x08004a80   0x00000014   Code   RO         3605    i.us_ticker_disable_interrupt  mbed.ar(us_ticker.o)
    0x08004a94   0x00000024   Code   RO         3606    i.us_ticker_init    mbed.ar(us_ticker.o)
    0x08004ab8   0x0000000c   Code   RO         3534    i.us_ticker_irq_handler  mbed.ar(us_ticker_api.o)
    0x08004ac4   0x00000028   Code   RO         3607    i.us_ticker_read    mbed.ar(us_ticker.o)
    0x08004aec   0x00000014   Code   RO         3608    i.us_ticker_set_interrupt  mbed.ar(us_ticker.o)
    0x08004b00   0x00000028   Code   RO         3546    i.wait              mbed.ar(wait_api.o)
    0x08004b28   0x0000001c   Code   RO         3547    i.wait_ms           mbed.ar(wait_api.o)
    0x08004b44   0x0000002c   Code   RO         4349    locale$$code        c_w.l(lc_numeric_c.o)
    0x08004b70   0x0000002c   Code   RO         4414    locale$$code        c_w.l(lc_ctype_c.o)
    0x08004b9c   0x0000000a   Code   RO         4288    x$fpl$fpinit        fz_wm.l(fpinit.o)
    0x08004ba6   0x00000004   Code   RO         4126    x$fpl$printf1       fz_wm.l(printf1.o)
    0x08004baa   0x00000004   Code   RO         4128    x$fpl$printf2       fz_wm.l(printf2.o)
    0x08004bae   0x00000000   Code   RO         4397    x$fpl$usenofp       fz_wm.l(usenofp.o)
    0x08004bae   0x00000017   Data   RO          600    .constdata          retarget.o
    0x08004bc5   0x00000010   Data   RO         2139    .constdata          stm32f4xx_hal_rcc.o
    0x08004bd5   0x00000010   Data   RO         3358    .constdata          system_stm32f4xx.o
    0x08004be5   0x00000003   PAD
    0x08004be8   0x00000014   Data   RO         3535    .constdata          mbed.ar(us_ticker_api.o)
    0x08004bfc   0x00000008   Data   RO         3536    .constdata          mbed.ar(us_ticker_api.o)
    0x08004c04   0x000000b4   Data   RO         3578    .constdata          mbed.ar(PeripheralPins.o)
    0x08004cb8   0x000000b4   Data   RO         3579    .constdata          mbed.ar(PeripheralPins.o)
    0x08004d6c   0x00000034   Data   RO         3593    .constdata          mbed.ar(pinmap.o)
    0x08004da0   0x00000008   Data   RO         3942    .constdata          c_w.l(_printf_wctomb.o)
    0x08004da8   0x00000028   Data   RO         3971    .constdata          c_w.l(_printf_hex_int_ll_ptr.o)
    0x08004dd0   0x00000011   Data   RO         3991    .constdata          c_w.l(__printf_flags_ss_wp.o)
    0x08004de1   0x00000026   Data   RO         4190    .constdata          c_w.l(_printf_fp_hex.o)
    0x08004e07   0x00000001   PAD
    0x08004e08   0x00000094   Data   RO         4322    .constdata          c_w.l(bigflt0.o)
    0x08004e9c   0x00000041   Data   RO            9    .conststring        main.o
    0x08004edd   0x00000003   PAD
    0x08004ee0   0x0000006d   Data   RO          503    .conststring        board.o
    0x08004f4d   0x00000003   PAD
    0x08004f50   0x00000068   Data   RO         3394    .conststring        mbed.ar(serial_api.o)
    0x08004fb8   0x00000066   Data   RO         3562    .conststring        mbed.ar(gpio_api.o)
    0x0800501e   0x00000002   PAD
    0x08005020   0x00000064   Data   RO         3594    .conststring        mbed.ar(pinmap.o)
    0x08005084   0x00000020   Data   RO         4448    Region$$Table       anon$$obj.o
    0x080050a4   0x0000001c   Data   RO         4348    locale$$data        c_w.l(lc_numeric_c.o)
    0x080050c0   0x00000110   Data   RO         4413    locale$$data        c_w.l(lc_ctype_c.o)
    0x080051d0   0x00000004   Data   RO           10    .init_array         main.o
    0x080051d4   0x00000000   Data   RO         3738    .init_array         c_w.l(init_aeabi.o)


    Execution Region RW_IRAM1 (Base: 0x200001b4, Size: 0x000002d0, Max: 0x0004fe4c, ABSOLUTE)

    Base Addr    Size         Type   Attr      Idx    E Section Name        Object

    0x200001b4   0x00000004   Data   RW          524    .data               hal_tick.o
    0x200001b8   0x00000004   Data   RW          687    .data               stm32f4xx_hal.o
    0x200001bc   0x00000004   Data   RW         3359    .data               system_stm32f4xx.o
    0x200001c0   0x00000008   Data   RW         3395    .data               mbed.ar(serial_api.o)
    0x200001c8   0x00000008   Data   RW         3537    .data               mbed.ar(us_ticker_api.o)
    0x200001d0   0x00000004   Data   RW         3610    .data               mbed.ar(us_ticker.o)
    0x200001d4   0x00000004   Data   RW         3636    .data               mbed.ar(FileBase.o)
    0x200001d8   0x00000004   Data   RW         3716    .data               c_w.l(stdio_streams.o)
    0x200001dc   0x00000004   Data   RW         3717    .data               c_w.l(stdio_streams.o)
    0x200001e0   0x00000004   Data   RW         3718    .data               c_w.l(stdio_streams.o)
    0x200001e4   0x00000004   Data   RW         4366    .data               c_w.l(heapauxa.o)
    0x200001e8   0x00000050   Zero   RW            8    .bss                main.o
    0x20000238   0x0000003c   Zero   RW          523    .bss                hal_tick.o
    0x20000274   0x00000040   Zero   RW          599    .bss                retarget.o
    0x200002b4   0x0000007c   Zero   RW         3393    .bss                mbed.ar(serial_api.o)
    0x20000330   0x0000003c   Zero   RW         3609    .bss                mbed.ar(us_ticker.o)
    0x2000036c   0x00000054   Zero   RW         3713    .bss                c_w.l(stdio_streams.o)
    0x200003c0   0x00000054   Zero   RW         3714    .bss                c_w.l(stdio_streams.o)
    0x20000414   0x00000054   Zero   RW         3715    .bss                c_w.l(stdio_streams.o)
    0x20000468   0x00000004   Zero   RW         4157    .bss                c_w.l(rt_heap_descriptor.o)
    0x2000046c   0x00000014   Zero   RW         4295    .bss                c_w.l(rt_locale.o)
    0x20000480   0x00000004   Zero   RW         4305    .bss                c_w.l(rt_errno_addr.o)


==============================================================================

Image component sizes


      Code (inc. data)   RO Data    RW Data    ZI Data      Debug   Object Name

       108         28        109          0          0        124   board.o
        52          4          0          0          0        132   cmsis_nvic.o
       272         42          0          4         60        256   hal_tick.o
       476         72         69          0         80      12072   main.o
        14          0          0          0          0        128   mbed_overrides.o
       620         70         23          0         64       1120   retarget.o
        36          8        436          0          0        276   startup_stm32f469xx.o
        80         16          0          4          0        356   stm32f4xx_hal.o
        36          6          0          0          0        116   stm32f4xx_hal_cortex.o
       596         20          0          0          0        140   stm32f4xx_hal_gpio.o
         2          0          0          0          0        116   stm32f4xx_hal_msp_template.o
       860         54         16          0          0        512   stm32f4xx_hal_rcc.o
       988         42          0          0          0        156   stm32f4xx_hal_rcc_ex.o
       312         20          0          0          0        492   stm32f4xx_hal_tim.o
       632         14          0          0          0        376   stm32f4xx_hal_uart.o
        16          6          0          0          0        116   sys.o
       480         66         16          4          0        396   system_stm32f4xx.o

    ----------------------------------------------------------------------
      5582        468        710         12        204      16884   Object Totals
         0          0         32          0          0          0   (incl. Generated)
         2          0          9          0          0          0   (incl. Padding)

    ----------------------------------------------------------------------

      Code (inc. data)   RO Data    RW Data    ZI Data      Debug   Library Member Name

        60          8          0          0          0         84   __0sscanf.o
         8          0          0          0          0         68   __main.o
       392          4         17          0          0         92   __printf_flags_ss_wp.o
        14          0          0          0          0         68   __printf_wp.o
         0          0          0          0          0          0   __rtentry.o
        12          0          0          0          0          0   __rtentry2.o
         6          0          0          0          0          0   __rtentry4.o
        52          8          0          0          0          0   __scatter.o
        26          0          0          0          0          0   __scatter_copy.o
        28          0          0          0          0          0   __scatter_zi.o
        28          0          0          0          0         68   _chval.o
         6          0          0          0          0          0   _printf_a.o
         6          0          0          0          0          0   _printf_c.o
        44          0          0          0          0        108   _printf_char.o
        48          6          0          0          0         96   _printf_char_common.o
        36          4          0          0          0         80   _printf_char_file.o
        40          0          0          0          0         68   _printf_charcount.o
         6          0          0          0          0          0   _printf_d.o
       120         16          0          0          0         92   _printf_dec.o
         6          0          0          0          0          0   _printf_e.o
         6          0          0          0          0          0   _printf_f.o
      1050          0          0          0          0        216   _printf_fp_dec.o
       764          8         38          0          0        100   _printf_fp_hex.o
       128         16          0          0          0         84   _printf_fp_infnan.o
         6          0          0          0          0          0   _printf_g.o
       148          4         40          0          0        160   _printf_hex_int_ll_ptr.o
         6          0          0          0          0          0   _printf_i.o
       178          0          0          0          0         88   _printf_intcommon.o
        10          0          0          0          0          0   _printf_l.o
         6          0          0          0          0          0   _printf_lc.o
        10          0          0          0          0          0   _printf_ll.o
         6          0          0          0          0          0   _printf_lld.o
         6          0          0          0          0          0   _printf_lli.o
         6          0          0          0          0          0   _printf_llo.o
         6          0          0          0          0          0   _printf_llu.o
         6          0          0          0          0          0   _printf_llx.o
       124         16          0          0          0         92   _printf_longlong_dec.o
         6          0          0          0          0          0   _printf_ls.o
         6          0          0          0          0          0   _printf_n.o
         6          0          0          0          0          0   _printf_o.o
       112          8          0          0          0        124   _printf_oct_int_ll.o
         6          0          0          0          0          0   _printf_p.o
        78          0          0          0          0        108   _printf_pad.o
         0          0          0          0          0          0   _printf_percent.o
         4          0          0          0          0          0   _printf_percent_end.o
         6          0          0          0          0          0   _printf_s.o
        82          0          0          0          0         80   _printf_str.o
        36          0          0          0          0         84   _printf_truncate.o
         6          0          0          0          0          0   _printf_u.o
        44          0          0          0          0        108   _printf_wchar.o
       188          6          8          0          0         92   _printf_wctomb.o
         6          0          0          0          0          0   _printf_x.o
       884          6          0          0          0        100   _scanf.o
       332          0          0          0          0         96   _scanf_int.o
        64          0          0          0          0         84   _sgetc.o
        64          0          0          0          0         92   _wcrtomb.o
       220          4        148          0          0         96   bigflt0.o
      1910        128          0          0          0        672   btod.o
        10          0          0          0          0         68   defsig_exit.o
        50          0          0          0          0         88   defsig_general.o
        80         58          0          0          0         76   defsig_rtmem_inner.o
        14          0          0          0          0         80   defsig_rtmem_outer.o
        52         38          0          0          0         76   defsig_rtred_inner.o
        14          0          0          0          0         80   defsig_rtred_outer.o
        76          0          0          0          0         88   fclose.o
         8          0          0          0          0         68   ferror.o
       100          4          0          0          0        120   fflush.o
       470          0          0          0          0         88   flsbuf.o
       236          4          0          0          0        128   fopen.o
        26          0          0          0          0         68   fputc.o
       248          6          0          0          0         84   fseek.o
        66          0          0          0          0         76   ftell.o
        94          0          0          0          0         80   h1_alloc.o
        52          0          0          0          0         68   h1_extend.o
        78          0          0          0          0         80   h1_free.o
        14          0          0          0          0         84   h1_init.o
        80          6          0          4          0         96   heapauxa.o
         4          0          0          0          0        136   hguard.o
         0          0          0          0          0          0   indicate_semi.o
        36         10          0          0          0         80   init_aeabi.o
       138          0          0          0          0        168   init_alloc.o
       312         46          0          0          0        112   initio.o
        18          0          0          0          0         76   isspace.o
        44         10        272          0          0         76   lc_ctype_c.o
        44         10         28          0          0         76   lc_numeric_c.o
         2          0          0          0          0          0   libinit.o
        50          0          0          0          0          0   libinit2.o
         0          0          0          0          0          0   libshutdown2.o
       138          0          0          0          0         80   lludiv10.o
         0          0          0          0          0          0   maybetermalloc1.o
        16          4          0          0          0         76   rt_ctype_table.o
         8          4          0          0          4         68   rt_errno_addr.o
         8          4          0          0          4         68   rt_heap_descriptor.o
         8          4          0          0         20         68   rt_locale.o
        78          0          0          0          0         80   rt_memclr_w.o
       100          0          0          0          0         80   rt_memcpy_w.o
        44          8          0          0          0         84   scanf_char.o
        70          0          0          0          0         80   setvbuf.o
       240          6          0          0          0        156   stdio.o
         0          0          0         12        252          0   stdio_streams.o
       128          0          0          0          0         68   strcmpv7m.o
        62          0          0          0          0         76   strlen.o
       150          0          0          0          0         80   strncmp.o
        12          4          0          0          0         68   sys_exit.o
        14          0          0          0          0         76   sys_wrch.o
         2          0          0          0          0         68   use_no_semi.o
        10          0          0          0          0         68   vfprintf.o
        10          0          0          0          0        116   fpinit.o
         4          0          0          0          0        116   printf1.o
         4          0          0          0          0        116   printf2.o
         0          0          0          0          0          0   usenofp.o
        48          0          0          0          0        124   fpclassify.o
        60          6          0          4          0        244   FileBase.o
       154          0          0          0          0        728   FilePath.o
         0          0        360          0          0          0   PeripheralPins.o
        64         52          0          0          0        116   assert.o
        24          4          0          0          0        128   error.o
       184         36          0          0          0        276   gpio.o
       150         30        102          0          0        388   gpio_api.o
       540        148        152          0          0        392   pinmap.o
       248         76          0          0          0        384   pinmap_common.o
       584         96        104          8        124        252   serial_api.o
        78          0          0          0          0        136   ticker_api.o
       132         34          0          4         60        588   us_ticker.o
        12          6         28          8          0        116   us_ticker_api.o
        68          4          0          0          0        256   wait_api.o

    ----------------------------------------------------------------------
     13356        960       1300         40        464      11440   Library Totals
        24          0          3          0          0          0   (incl. Padding)

    ----------------------------------------------------------------------

      Code (inc. data)   RO Data    RW Data    ZI Data      Debug   Library Name

     10968        468        551         16        280       6964   c_w.l
        18          0          0          0          0        348   fz_wm.l
        48          0          0          0          0        124   m_wm.l
      2298        492        746         24        184       4004   mbed.ar

    ----------------------------------------------------------------------
     13356        960       1300         40        464      11440   Library Totals

    ----------------------------------------------------------------------

==============================================================================


      Code (inc. data)   RO Data    RW Data    ZI Data      Debug   

     18938       1428       2010         52        668      17724   Grand Totals
     18938       1428       2010         52        668      17724   ELF Image Totals
     18938       1428       2010         52          0          0   ROM Totals

==============================================================================

    Total RO  Size (Code + RO Data)                20948 (  20.46kB)
    Total RW  Size (RW Data + ZI Data)               720 (   0.70kB)
    Total ROM Size (Code + RO Data + RW Data)      21000 (  20.51kB)

==============================================================================

