<html>
<body>
<pre>
<h1>µVision Build Log</h1>
<h2>Tool Versions:</h2>
IDE-Version: µVision V5.20.0.0
Copyright (C) 2016 ARM Ltd and ARM Germany GmbH. All rights reserved.
License Information: Bao An PHAM HO, CEA Grenoble, LIC=IC9QD-8MJ88-336M1-CJ60M-0MQ3W-NE92P
 
Tool Versions:
Toolchain:       MDK-ARM Professional  Version: 5.20
Toolchain Path:  E:\Softs\Keil_v5\ARM\ARMCC\Bin
C Compiler:      Armcc.exe V5.06 update 2 (build 183)
Assembler:       Armasm.exe V5.06 update 2 (build 183)
Linker/Locator:  ArmLink.exe V5.06 update 2 (build 183)
Library Manager: ArmAr.exe V5.06 update 2 (build 183)
Hex Converter:   FromElf.exe V5.06 update 2 (build 183)
CPU DLL:         SARMCM3.DLL V5.20
Dialog DLL:      DCM.DLL V1.13.7.0
Target DLL:      STLink\ST-LINKIII-KEIL_SWO.dll V2.0.18.0
Dialog DLL:      TCM.DLL V1.14.9.0
 
<h2>Project:</h2>
E:\Softs\Keil_v5\Projects\nucleo_F446RE_Seeed_TFT_Touch_Shield\Seeed_TFT_Touch_Shield.uvprojx
Project File Date:  06/02/2016

<h2>Output:</h2>
*** Using Compiler 'V5.06 update 2 (build 183)', folder: 'E:\Softs\Keil_v5\ARM\ARMCC\Bin'
Rebuild target 'Seeed_TFT_Touch_Shield'
compiling GraphicsDisplay.cpp...
compiling main.cpp...
compiling SeeedStudioTFTv2.cpp...
compiling TextDisplay.cpp...
compiling SPI_TFT_ILI9341.cpp...
linking...
Program Size: Code=25232 RO-data=33232 RW-data=72 ZI-data=2100  
After Build - User command #1: fromelf --bin --output=Seeed_TFT_Touch_Shield.bin .\build\Seeed_TFT_Touch_Shield.axf
".\build\Seeed_TFT_Touch_Shield.axf" - 0 Error(s), 0 Warning(s).

<h2>Software Packages used:</h2>

Package Vendor: ARM
                http://www.keil.com/pack/ARM.CMSIS.4.5.0.pack
                ARM::CMSIS:CORE:4.3.0
                CMSIS (Cortex Microcontroller Software Interface Standard)
   * Component: CORE Version: 4.3.0

<h2>Collection of Component include folders:</h2>
  E:\Softs\Keil_v5\Projects\nucleo_F446RE_Seeed_TFT_Touch_Shield\RTE
  E:\Softs\Keil_v5\ARM\PACK\ARM\CMSIS\4.5.0\CMSIS\Include
  E:\Softs\Keil_v5\ARM\PACK\Keil\STM32F4xx_DFP\2.8.0\Drivers\CMSIS\Device\ST\STM32F4xx\Include

<h2>Collection of Component Files used:</h2>

   * Component: ARM::CMSIS:CORE:4.3.0
Build Time Elapsed:  00:00:09
</pre>
</body>
</html>
